******************************************************************************
            TI ARM Clang Linker PC v4.0.4                      
******************************************************************************
>> Linked Fri Jul 10 18:16:27 2026

OUTPUT FILE NAME:   <Track_Tracking_Car.out>
ENTRY POINT SYMBOL: "_c_int00_noargs"  address: 00004d99


MEMORY CONFIGURATION

         name            origin    length      used     unused   attr    fill
----------------------  --------  ---------  --------  --------  ----  --------
  FLASH                 00000000   00020000  00005558  0001aaa8  R  X
  SRAM                  20200000   00008000  00000723  000078dd  RW X
  BCR_CONFIG            41c00000   000000ff  00000000  000000ff  R   
  BSL_CONFIG            41c00100   00000080  00000000  00000080  R   


SEGMENT ALLOCATION MAP

run origin  load origin   length   init length attrs members
----------  ----------- ---------- ----------- ----- -------
00000000    00000000    00005558   00005558    r-x
  00000000    00000000    000000c0   000000c0    r-- .intvecs
  000000c0    000000c0    00005080   00005080    r-x .text
  00005140    00005140    000003e0   000003e0    r-- .rodata
  00005520    00005520    00000038   00000038    r-- .cinit
20200000    20200000    00000526   00000000    rw-
  20200000    20200000    000004f1   00000000    rw- .bss
  202004f4    202004f4    00000032   00000000    rw- .data
20207e00    20207e00    00000200   00000000    rw-
  20207e00    20207e00    00000200   00000000    rw- .stack


SECTION ALLOCATION MAP

 output                                  attributes/
section   page    origin      length       input sections
--------  ----  ----------  ----------   ----------------
.intvecs   0    00000000    000000c0     
                  00000000    000000c0     startup_mspm0g350x_ticlang.o (.intvecs)

.text      0    000000c0    00005080     
                  000000c0    00000fac     uart.o (.text.UART_Printf)
                  0000106c    00000bdc     libc.a : _scanfi.c.obj (.text.__TI_scanfi)
                  00001c48    000003b8            : strtod.c.obj (.text.strtod)
                  00002000    00000370     empty.o (.text.main)
                  00002370    000002a8     ti_msp_dl_config.o (.text.SYSCFG_DL_SYSCTL_SYSPLL_init)
                  00002618    00000284     libc.a : _printfi.c.obj (.text:__TI_printfi_minimal)
                  0000289c    00000220     motor.o (.text.motor_control_update)
                  00002abc    000001e0     libc.a : strtoll.c.obj (.text.strtoll)
                  00002c9c    00000192     libclang_rt.builtins.a : adddf3.S.obj (.text.adddf3_subdf3)
                  00002e2e    00000002     startup_mspm0g350x_ticlang.o (.text.Default_Handler)
                  00002e30    0000016c     libc.a : strtoull.c.obj (.text.strtoull)
                  00002f9c    00000144            : strtol.c.obj (.text.strtol)
                  000030e0    0000012c            : strtoul.c.obj (.text.strtoul)
                  0000320c    0000010c     libclang_rt.builtins.a : divdf3.S.obj (.text.__divdf3)
                  00003318    00000104     driverlib.a : dl_timer.o (.text.DL_Timer_initFourCCPWMMode)
                  0000341c    000000fc                 : dl_timer.o (.text.DL_Timer_initTimerMode)
                  00003518    000000ec     uart.o (.text.UART_Puts)
                  00003604    000000e8     trajectory.o (.text.load_segment)
                  000036ec    000000e4     libclang_rt.builtins.a : muldf3.S.obj (.text.__muldf3)
                  000037d0    000000e0     trajectory.o (.text.trajectory_update)
                  000038b0    000000dc     driverlib.a : dl_sysctl_mspm0g1x0x_g3x0x.o (.text.DL_SYSCTL_configSYSPLL)
                  0000398c    000000d8     libc.a : s_scalbn.c.obj (.text.scalbn)
                  00003a64    000000d8     libclang_rt.builtins.a : addsf3.S.obj (.text)
                  00003b3c    000000cc     ti_msp_dl_config.o (.text.SYSCFG_DL_GPIO_init)
                  00003c08    000000cc     uart.o (.text.UART_ISR_Handler)
                  00003cd4    000000b8     ti_msp_dl_config.o (.text.SYSCFG_DL_SYSCTL_init)
                  00003d8c    000000b0     motor.o (.text.motor_control_init)
                  00003e3c    000000ac     motor.o (.text.motor_control_set_speed)
                  00003ee8    000000a2     libclang_rt.builtins.a : udivmoddi4.S.obj (.text)
                  00003f8a    00000002                            : aeabi_div0.c.obj (.text.__aeabi_idiv0)
                  00003f8c    000000a0     driverlib.a : dl_timer.o (.text.DL_Timer_initCompareMode)
                  0000402c    0000009a     libc.a : memcpy16.S.obj (.text:memcpy)
                  000040c6    00000002     libclang_rt.builtins.a : aeabi_div0.c.obj (.text.__aeabi_ldiv0)
                  000040c8    0000008c     ti_msp_dl_config.o (.text.SYSCFG_DL_PWMA_init)
                  00004154    0000008c     libclang_rt.builtins.a : mulsf3.S.obj (.text.__mulsf3)
                  000041e0    00000082                            : divsf3.S.obj (.text.__divsf3)
                  00004262    00000002     --HOLE-- [fill = 0]
                  00004264    0000007c     libc.a : copy_decompress_lzss.c.obj (.text:decompress:lzss)
                  000042e0    00000074     libclang_rt.builtins.a : comparedf2.c.obj (.text.__gedf2)
                  00004354    0000000c                            : aeabi_memset.S.obj (.text.__aeabi_memclr)
                  00004360    00000074                            : truncdfsf2.S.obj (.text.__truncdfsf2)
                  000043d4    00000074     libc.a : sscanf.c.obj (.text._chkmbc)
                  00004448    00000074     empty.o (.text.cmd_show)
                  000044bc    00000068     libclang_rt.builtins.a : comparedf2.c.obj (.text.__ledf2)
                  00004524    00000064     driverlib.a : dl_sysctl_mspm0g1x0x_g3x0x.o (.text.DL_SYSCTL_setHFCLKSourceHFXTParams)
                  00004588    00000064     trajectory.o (.text.trajectory_straight)
                  000045ec    00000062     libclang_rt.builtins.a : aeabi_dcmp.S.obj (.text.__aeabi_dcmp)
                  0000464e    00000002     --HOLE-- [fill = 0]
                  00004650    00000062                            : aeabi_fcmp.S.obj (.text.__aeabi_fcmp)
                  000046b2    00000062     libc.a : memset16.S.obj (.text:memset)
                  00004714    00000060     grayscale.o (.text.Grayscale_Read)
                  00004774    00000060     ti_msp_dl_config.o (.text.SYSCFG_DL_UART_0_init)
                  000047d4    00000060     ti_msp_dl_config.o (.text.SYSCFG_DL_initPower)
                  00004834    00000060     uart.o (.text.UART_Init)
                  00004894    0000004a     libclang_rt.builtins.a : fixdfsi.S.obj (.text.__fixdfsi)
                  000048de    00000002     --HOLE-- [fill = 0]
                  000048e0    00000048     driverlib.a : dl_uart.o (.text.DL_UART_init)
                  00004928    00000044                 : dl_sysctl_mspm0g1x0x_g3x0x.o (.text.DL_SYSCTL_switchMCLKfromSYSOSCtoHSCLK)
                  0000496c    00000042     libclang_rt.builtins.a : fixunsdfsi.S.obj (.text.__fixunsdfsi)
                  000049ae    00000002     --HOLE-- [fill = 0]
                  000049b0    00000040                            : aeabi_uidivmod.S.obj (.text.__aeabi_uidivmod)
                  000049f0    00000040                            : extendsfdf2.S.obj (.text.__extendsfdf2)
                  00004a30    00000040     libc.a : atoi.c.obj (.text.atoi)
                  00004a70    0000003c     libclang_rt.builtins.a : floatsisf.S.obj (.text.__floatsisf)
                  00004aac    0000003c                            : comparesf2.S.obj (.text.__gtsf2)
                  00004ae8    0000003c     libc.a : autoinit.c.obj (.text:__TI_auto_init_nobinit_nopinit)
                  00004b24    0000003a     libclang_rt.builtins.a : comparesf2.S.obj (.text.__eqsf2)
                  00004b5e    00000002     --HOLE-- [fill = 0]
                  00004b60    0000003a                            : muldsi3.S.obj (.text.__muldsi3)
                  00004b9a    00000002     --HOLE-- [fill = 0]
                  00004b9c    00000038     ti_msp_dl_config.o (.text.SYSCFG_DL_TIMER_0_init)
                  00004bd4    00000038     ti_msp_dl_config.o (.text.SYSCFG_DL_init)
                  00004c0c    00000038     libclang_rt.builtins.a : fixsfsi.S.obj (.text.__fixsfsi)
                  00004c44    00000038     libc.a : sprintf.c.obj (.text.sprintf)
                  00004c7c    00000034     empty.o (.text.TIMG12_IRQHandler)
                  00004cb0    00000032     libclang_rt.builtins.a : fixunssfsi.S.obj (.text.__fixunssfsi)
                  00004ce2    00000002     --HOLE-- [fill = 0]
                  00004ce4    00000030     libc.a : sscanf.c.obj (.text.sscanf)
                  00004d14    0000002c     ti_msp_dl_config.o (.text.SYSCFG_DL_COMPARE_0_init)
                  00004d40    0000002c     ti_msp_dl_config.o (.text.SYSCFG_DL_COMPARE_2_init)
                  00004d6c    0000002c     libclang_rt.builtins.a : floatsidf.S.obj (.text.__floatsidf)
                  00004d98    00000028     libc.a : boot_cortex_m.c.obj (.text:_c_int00_noargs)
                  00004dc0    00000024     libclang_rt.builtins.a : floatunsidf.S.obj (.text.__floatunsidf)
                  00004de4    00000024                            : muldi3.S.obj (.text.__muldi3)
                  00004e08    00000024     motor.o (.text.motor_control_set_duty)
                  00004e2c    00000022     uart.o (.text.UART_ReadByte)
                  00004e4e    00000022     libc.a : memccpy.c.obj (.text.memccpy)
                  00004e70    00000020            : memcmp.c.obj (.text.memcmp)
                  00004e90    0000001e     libclang_rt.builtins.a : ashldi3.S.obj (.text.__ashldi3)
                  00004eae    00000002     --HOLE-- [fill = 0]
                  00004eb0    0000001c     driverlib.a : dl_sysctl_mspm0g1x0x_g3x0x.o (.text.DL_SYSCTL_configFCC)
                  00004ecc    0000001c                 : dl_timer.o (.text.DL_Timer_setCaptCompUpdateMethod)
                  00004ee8    0000001c                 : dl_timer.o (.text.DL_Timer_setClockConfig)
                  00004f04    0000001c     motor.o (.text.motor_control_get_actual_rpm)
                  00004f20    0000001c     motor.o (.text.motor_control_get_duty)
                  00004f3c    0000001c     motor.o (.text.motor_control_get_freq)
                  00004f58    0000001c     motor.o (.text.motor_control_get_target_rpm)
                  00004f74    0000001c     motor.o (.text.motor_control_stop)
                  00004f90    00000018     driverlib.a : dl_timer.o (.text.DL_Timer_setCaptureCompareOutCtl)
                  00004fa8    00000018     libc.a : sprintf.c.obj (.text._outs)
                  00004fc0    00000018     motor.o (.text.motor_control_set_kd)
                  00004fd8    00000018     motor.o (.text.motor_control_set_ki)
                  00004ff0    00000018     motor.o (.text.motor_control_set_kp)
                  00005008    00000014     libclang_rt.builtins.a : aeabi_uldivmod.S.obj (.text.__aeabi_uldivmod)
                  0000501c    00000014     libc.a : sscanf.c.obj (.text._inpchar)
                  00005030    00000012     driverlib.a : dl_uart.o (.text.DL_UART_setClockConfig)
                  00005042    00000012     libc.a : copy_decompress_none.c.obj (.text:decompress:none)
                  00005054    00000010     driverlib.a : dl_timer.o (.text.DL_Timer_setCaptureCompareValue)
                  00005064    00000010     uart.o (.text.UART0_IRQHandler)
                  00005074    00000010     libc.a : copy_zero_init.c.obj (.text:decompress:ZI)
                  00005084    0000000e            : _scanfi.c.obj (.text.OUTLINED_FUNCTION_1)
                  00005092    0000000e            : _scanfi.c.obj (.text.OUTLINED_FUNCTION_2)
                  000050a0    0000000e            : _scanfi.c.obj (.text.OUTLINED_FUNCTION_4)
                  000050ae    00000002     --HOLE-- [fill = 0]
                  000050b0    0000000e     libclang_rt.builtins.a : aeabi_memset.S.obj (.text.__aeabi_memset)
                  000050be    0000000e     libc.a : _printfi.c.obj (.text.strlen)
                  000050cc    0000000a     driverlib.a : dl_common.o (.text.DL_Common_delayCycles)
                  000050d6    0000000a     libc.a : sprintf.c.obj (.text._outc)
                  000050e0    00000008            : _scanfi.c.obj (.text.OUTLINED_FUNCTION_0)
                  000050e8    00000008            : strtod.c.obj (.text.OUTLINED_FUNCTION_0)
                  000050f0    00000008            : strtod.c.obj (.text.OUTLINED_FUNCTION_1)
                  000050f8    00000010     libclang_rt.builtins.a : aeabi_dcmp.S.obj (.tramp.__aeabi_dcmpeq.1)
                  00005108    00000008     libc.a : aeabi_portable.c.obj (.text.__aeabi_errno_addr)
                  00005110    00000008     libclang_rt.builtins.a : aeabi_memcpy.S.obj (.text.__aeabi_memcpy)
                  00005118    00000008     libc.a : sscanf.c.obj (.text._uninpchar)
                  00005120    00000006            : _scanfi.c.obj (.text.OUTLINED_FUNCTION_3)
                  00005126    00000006            : exit.c.obj (.text:abort)
                  0000512c    00000004     libsysbm.a : hostexit.c.obj (.text.HOSTexit)
                  00005130    00000004     startup_mspm0g350x_ticlang.o (.text.Reset_Handler)
                  00005134    00000004     libc.a : pre_init.c.obj (.text._system_pre_init)
                  00005138    00000008     --HOLE-- [fill = 0]

.cinit     0    00005520    00000038     
                  00005520    0000000d     (.cinit..data.load) [load image, compression = lzss]
                  0000552d    00000003     --HOLE-- [fill = 0]
                  00005530    0000000c     (__TI_handler_table)
                  0000553c    00000008     (.cinit..bss.load) [load image, compression = zero_init]
                  00005544    00000010     (__TI_cinit_table)
                  00005554    00000004     --HOLE-- [fill = 0]

.rodata    0    00005140    000003e0     
                  00005140    00000101     libc.a : aeabi_ctype.S.obj (.rodata:__aeabi_ctype_table_)
                  00005241    00000007            : _scanfi.c.obj (.rodata._sproc_int.flit)
                  00005248    00000080            : strtod.c.obj (.rodata.digits)
                  000052c8    00000048            : strtod.c.obj (.rodata.powerof10)
                  00005310    00000028     ti_msp_dl_config.o (.rodata.gSYSPLLConfig)
                  00005338    00000022     empty.o (.rodata.str1.11898133897667081452.1)
                  0000535a    0000001d     empty.o (.rodata.str1.14685083708502177989.1)
                  00005377    0000001d     empty.o (.rodata.str1.254342170260855183.1)
                  00005394    0000001d     empty.o (.rodata.str1.9517790425240694019.1)
                  000053b1    00000019     empty.o (.rodata.str1.15930989295766594416.1)
                  000053ca    00000002     ti_msp_dl_config.o (.rodata.gUART_0ClockConfig)
                  000053cc    00000014     ti_msp_dl_config.o (.rodata.gCOMPARE_0CompareConfig)
                  000053e0    00000014     ti_msp_dl_config.o (.rodata.gCOMPARE_2CompareConfig)
                  000053f4    00000014     ti_msp_dl_config.o (.rodata.gTIMER_0TimerConfig)
                  00005408    00000011     uart.o (.rodata.str1.14464947116831474962.1)
                  00005419    00000011     libc.a : _printfi.c.obj (.rodata.str1.15363888844622738466.1)
                  0000542a    00000011     empty.o (.rodata.str1.15706828512682300538.1)
                  0000543b    00000011     empty.o (.rodata.str1.17686411042290499047.1)
                  0000544c    00000011     uart.o (.rodata.str1.3510367808670815947.1)
                  0000545d    00000011     empty.o (.rodata.str1.4000995719088696555.1)
                  0000546e    00000011     empty.o (.rodata.str1.7386103758396746866.1)
                  0000547f    0000000f     empty.o (.rodata.str1.11822412164550770238.1)
                  0000548e    0000000f     empty.o (.rodata.str1.16704889451495720520.1)
                  0000549d    00000003     ti_msp_dl_config.o (.rodata.gCOMPARE_0ClockConfig)
                  000054a0    0000000c     driverlib.a : dl_timer.o (.rodata..Lswitch.table.DL_Timer_initCompareMode.2)
                  000054ac    0000000c                 : dl_timer.o (.rodata..Lswitch.table.DL_Timer_initCompareMode)
                  000054b8    0000000a     ti_msp_dl_config.o (.rodata.gUART_0Config)
                  000054c2    0000000a     empty.o (.rodata.str1.7079713434352825882.1)
                  000054cc    00000009     libc.a : _scanfi.c.obj (.rodata.str1.12964984209033246150.1)
                  000054d5    00000003     ti_msp_dl_config.o (.rodata.gCOMPARE_2ClockConfig)
                  000054d8    00000008     libc.a : _scanfi.c.obj (.rodata..L__const._sproc_float.special)
                  000054e0    00000008     ti_msp_dl_config.o (.rodata.gPWMAConfig)
                  000054e8    00000007     uart.o (.rodata.str1.12819099410943012003.1)
                  000054ef    00000007     empty.o (.rodata.str1.17669528882079347314.1)
                  000054f6    00000006     libc.a : _scanfi.c.obj (.rodata._sproc_int.barr)
                  000054fc    00000005     empty.o (.rodata.str1.5792233746214848027.1)
                  00005501    00000004     libc.a : _scanfi.c.obj (.rodata.str1.3403580589742030990.1)
                  00005505    00000003     ti_msp_dl_config.o (.rodata.gPWMAClockConfig)
                  00005508    00000003     ti_msp_dl_config.o (.rodata.gTIMER_0ClockConfig)
                  0000550b    00000003     empty.o (.rodata.str1.150872071346279890.1)
                  0000550e    00000003     empty.o (.rodata.str1.15170238581331914936.1)
                  00005511    00000003     empty.o (.rodata.str1.2196762768037919588.1)
                  00005514    00000003     empty.o (.rodata.str1.7401042497206923953.1)
                  00005517    00000003     empty.o (.rodata.str1.9410084661655729462.1)
                  0000551a    00000006     --HOLE-- [fill = 0]

.init_array 
*          0    00000000    00000000     UNINITIALIZED

.binit     0    00000000    00000000     

.bss       0    20200000    000004f1     UNINITIALIZED
                  20200000    00000100     uart.o (.bss.g_uart0_rx)
                  20200100    00000100     uart.o (.bss.g_uart0_tx)
                  20200200    000000bc     (.common:gCOMPARE_0Backup)
                  202002bc    000000bc     (.common:gCOMPARE_2Backup)
                  20200378    00000070     motor.o (.bss.g_mc)
                  202003e8    00000060     empty.o (.bss.firewater_send.b)
                  20200448    00000040     empty.o (.bss.cmd_poll.b)
                  20200488    00000034     (.common:g_uart0)
                  202004bc    00000014     trajectory.o (.bss.g_single)
                  202004d0    00000004     trajectory.o (.bss.g_traj.1)
                  202004d4    00000004     trajectory.o (.bss.g_traj.5)
                  202004d8    00000004     trajectory.o (.bss.g_traj.6)
                  202004dc    00000004     trajectory.o (.bss.g_traj.7)
                  202004e0    00000004     trajectory.o (.bss.g_traj.9)
                  202004e4    00000001     trajectory.o (.bss.g_traj.0)
                  202004e5    00000001     --HOLE--
                  202004e6    00000001     trajectory.o (.bss.g_traj.4)
                  202004e7    00000001     --HOLE--
                  202004e8    00000001     trajectory.o (.bss.g_traj.2)
                  202004e9    00000003     --HOLE--
                  202004ec    00000001     trajectory.o (.bss.g_traj.3)
                  202004ed    00000003     --HOLE--
                  202004f0    00000001     trajectory.o (.bss.g_traj.8)

.data      0    202004f4    00000032     UNINITIALIZED
                  202004f4    00000008     motor.o (.data.measure_freq.first)
                  202004fc    00000008     motor.o (.data.measure_freq.last)
                  20200504    00000008     motor.o (.data.measure_freq.ovf)
                  2020050c    00000008     motor.o (.data.measure_freq.prev)
                  20200514    00000004     libc.a : aeabi_portable.c.obj (.data.__aeabi_errno)
                  20200518    00000004     empty.o (.data.cmd_poll.i)
                  2020051c    00000004     empty.o (.data.g_fw_div)
                  20200520    00000004     empty.o (.data.g_fw_ready)
                  20200524    00000002     motor.o (.data.g_dir)

.stack     0    20207e00    00000200     UNINITIALIZED
                  20207e00    00000004     libc.a : boot_cortex_m.c.obj (.stack)
                  20207e04    000001fc     --HOLE--

__llvm_prf_cnts 
*          0    20200000    00000000     UNINITIALIZED

__llvm_prf_bits 
*          0    20200000    00000000     UNINITIALIZED

MODULE SUMMARY

       Module                         code    ro data   rw data
       ------                         ----    -------   -------
    .\
       ti_msp_dl_config.o             1600    132       376    
       empty.o                        1048    281       172    
       startup_mspm0g350x_ticlang.o   6       192       0      
    +--+------------------------------+-------+---------+---------+
       Total:                         2654    605       548    
                                                               
    .\Drivers\
       uart.o                         4598    41        564    
       motor.o                        1140    0         146    
       trajectory.o                   556     0         45     
       grayscale.o                    96      0         0      
    +--+------------------------------+-------+---------+---------+
       Total:                         6390    41        755    
                                                               
    C:/TI/mspm0_sdk_2_10_00_04/source/ti/driverlib/lib/ticlang/m0p/mspm0g1x0x_g3x0x/driverlib.a
       dl_timer.o                     768     24        0      
       dl_sysctl_mspm0g1x0x_g3x0x.o   416     0         0      
       dl_uart.o                      90      0         0      
       dl_common.o                    10      0         0      
    +--+------------------------------+-------+---------+---------+
       Total:                         1284    24        0      
                                                               
    D:\ti\ccs2050\ccs\tools\compiler\ti-cgt-armllvm_4.0.4.LTS\lib\armv6m-ti-none-eabi/c/libc.a
       _scanfi.c.obj                  3092    34        0      
       strtod.c.obj                   968     200       0      
       _printfi.c.obj                 658     17        0      
       strtoll.c.obj                  480     0         0      
       strtoull.c.obj                 364     0         0      
       strtol.c.obj                   324     0         0      
       strtoul.c.obj                  300     0         0      
       aeabi_ctype.S.obj              0       257       0      
       s_scalbn.c.obj                 216     0         0      
       sscanf.c.obj                   192     0         0      
       memcpy16.S.obj                 154     0         0      
       copy_decompress_lzss.c.obj     124     0         0      
       memset16.S.obj                 98      0         0      
       sprintf.c.obj                  90      0         0      
       atoi.c.obj                     64      0         0      
       autoinit.c.obj                 60      0         0      
       boot_cortex_m.c.obj            40      0         0      
       memccpy.c.obj                  34      0         0      
       memcmp.c.obj                   32      0         0      
       copy_decompress_none.c.obj     18      0         0      
       copy_zero_init.c.obj           16      0         0      
       aeabi_portable.c.obj           8       0         4      
       exit.c.obj                     6       0         0      
       pre_init.c.obj                 4       0         0      
    +--+------------------------------+-------+---------+---------+
       Total:                         7342    508       4      
                                                               
    D:\ti\ccs2050\ccs\tools\compiler\ti-cgt-armllvm_4.0.4.LTS\lib\armv6m-ti-none-eabi/c/libsysbm.a
       hostexit.c.obj                 4       0         0      
    +--+------------------------------+-------+---------+---------+
       Total:                         4       0         0      
                                                               
    D:\ti\ccs2050\ccs\tools\compiler\ti-cgt-armllvm_4.0.4.LTS\lib\armv6m-ti-none-eabi/libclang_rt.builtins.a
       adddf3.S.obj                   402     0         0      
       divdf3.S.obj                   268     0         0      
       muldf3.S.obj                   228     0         0      
       comparedf2.c.obj               220     0         0      
       addsf3.S.obj                   216     0         0      
       udivmoddi4.S.obj               162     0         0      
       mulsf3.S.obj                   140     0         0      
       divsf3.S.obj                   130     0         0      
       comparesf2.S.obj               118     0         0      
       truncdfsf2.S.obj               116     0         0      
       aeabi_dcmp.S.obj               114     0         0      
       aeabi_fcmp.S.obj               98      0         0      
       fixdfsi.S.obj                  74      0         0      
       fixunsdfsi.S.obj               66      0         0      
       aeabi_uidivmod.S.obj           64      0         0      
       extendsfdf2.S.obj              64      0         0      
       floatsisf.S.obj                60      0         0      
       muldsi3.S.obj                  58      0         0      
       fixsfsi.S.obj                  56      0         0      
       fixunssfsi.S.obj               50      0         0      
       floatsidf.S.obj                44      0         0      
       floatunsidf.S.obj              36      0         0      
       muldi3.S.obj                   36      0         0      
       ashldi3.S.obj                  30      0         0      
       aeabi_memset.S.obj             26      0         0      
       aeabi_uldivmod.S.obj           20      0         0      
       aeabi_memcpy.S.obj             8       0         0      
       aeabi_div0.c.obj               4       0         0      
    +--+------------------------------+-------+---------+---------+
       Total:                         2908    0         0      
                                                               
       Stack:                         0       0         512    
       Linker Generated:              0       49        0      
    +--+------------------------------+-------+---------+---------+
       Grand Total:                   20582   1227      1819   


LINKER GENERATED COPY TABLES

__TI_cinit_table @ 00005544 records: 2, size/record: 8, table size: 16
	.data: load addr=00005520, load size=0000000d bytes, run addr=202004f4, run size=00000032 bytes, compression=lzss
	.bss: load addr=0000553c, load size=00000008 bytes, run addr=20200000, run size=000004f1 bytes, compression=zero_init


LINKER GENERATED HANDLER TABLE

__TI_handler_table @ 00005530 records: 3, size/record: 4, table size: 12
	index: 0, handler: __TI_decompress_lzss
	index: 1, handler: __TI_decompress_none
	index: 2, handler: __TI_zero_init


FAR CALL TRAMPOLINES

callee name               trampoline name
   callee addr  tramp addr   call addr  call info
--------------  -----------  ---------  ----------------
__aeabi_dcmpeq            $Tramp$TT$L$PI$$__aeabi_dcmpeq
   000045ed     000050f8     000050f6   libc.a : strtod.c.obj (.text.OUTLINED_FUNCTION_1)

[1 trampolines]
[1 trampoline calls]


GLOBAL SYMBOLS: SORTED ALPHABETICALLY BY Name 

address   name                                 
-------   ----                                 
00002e2f  ADC0_IRQHandler                      
00002e2f  ADC1_IRQHandler                      
00002e2f  AES_IRQHandler                       
0000512c  C$$EXIT                              
00002e2f  CANFD0_IRQHandler                    
00002e2f  DAC0_IRQHandler                      
000050cd  DL_Common_delayCycles                
00004eb1  DL_SYSCTL_configFCC                  
000038b1  DL_SYSCTL_configSYSPLL               
00004525  DL_SYSCTL_setHFCLKSourceHFXTParams   
00004929  DL_SYSCTL_switchMCLKfromSYSOSCtoHSCLK
00003f8d  DL_Timer_initCompareMode             
00003319  DL_Timer_initFourCCPWMMode           
0000341d  DL_Timer_initTimerMode               
00004ecd  DL_Timer_setCaptCompUpdateMethod     
00004f91  DL_Timer_setCaptureCompareOutCtl     
00005055  DL_Timer_setCaptureCompareValue      
00004ee9  DL_Timer_setClockConfig              
000048e1  DL_UART_init                         
00005031  DL_UART_setClockConfig               
00002e2f  DMA_IRQHandler                       
00002e2f  Default_Handler                      
00002e2f  GROUP0_IRQHandler                    
00002e2f  GROUP1_IRQHandler                    
00004715  Grayscale_Read                       
0000512d  HOSTexit                             
00002e2f  HardFault_Handler                    
00002e2f  I2C0_IRQHandler                      
00002e2f  I2C1_IRQHandler                      
00002e2f  NMI_Handler                          
00002e2f  PendSV_Handler                       
00002e2f  RTC_IRQHandler                       
00005131  Reset_Handler                        
00002e2f  SPI0_IRQHandler                      
00002e2f  SPI1_IRQHandler                      
00002e2f  SVC_Handler                          
00004d15  SYSCFG_DL_COMPARE_0_init             
00004d41  SYSCFG_DL_COMPARE_2_init             
00003b3d  SYSCFG_DL_GPIO_init                  
000040c9  SYSCFG_DL_PWMA_init                  
00002371  SYSCFG_DL_SYSCTL_SYSPLL_init         
00003cd5  SYSCFG_DL_SYSCTL_init                
00004b9d  SYSCFG_DL_TIMER_0_init               
00004775  SYSCFG_DL_UART_0_init                
00004bd5  SYSCFG_DL_init                       
000047d5  SYSCFG_DL_initPower                  
00002e2f  SysTick_Handler                      
00002e2f  TIMA0_IRQHandler                     
00002e2f  TIMA1_IRQHandler                     
00002e2f  TIMG0_IRQHandler                     
00004c7d  TIMG12_IRQHandler                    
00002e2f  TIMG6_IRQHandler                     
00002e2f  TIMG7_IRQHandler                     
00002e2f  TIMG8_IRQHandler                     
00005065  UART0_IRQHandler                     
00002e2f  UART1_IRQHandler                     
00002e2f  UART2_IRQHandler                     
00002e2f  UART3_IRQHandler                     
00003c09  UART_ISR_Handler                     
00004835  UART_Init                            
000000c1  UART_Printf                          
00003519  UART_Puts                            
00004e2d  UART_ReadByte                        
20208000  __STACK_END                          
00000200  __STACK_SIZE                         
00000000  __TI_ATRegion0_region_sz             
00000000  __TI_ATRegion0_src_addr              
00000000  __TI_ATRegion0_trg_addr              
00000000  __TI_ATRegion1_region_sz             
00000000  __TI_ATRegion1_src_addr              
00000000  __TI_ATRegion1_trg_addr              
00000000  __TI_ATRegion2_region_sz             
00000000  __TI_ATRegion2_src_addr              
00000000  __TI_ATRegion2_trg_addr              
00005544  __TI_CINIT_Base                      
00005554  __TI_CINIT_Limit                     
00005554  __TI_CINIT_Warm                      
00005530  __TI_Handler_Table_Base              
0000553c  __TI_Handler_Table_Limit             
00004ae9  __TI_auto_init_nobinit_nopinit       
00004265  __TI_decompress_lzss                 
00005043  __TI_decompress_none                 
ffffffff  __TI_pprof_out_hndl                  
00002619  __TI_printfi_minimal                 
ffffffff  __TI_prof_data_size                  
ffffffff  __TI_prof_data_start                 
0000106d  __TI_scanfi                          
00000000  __TI_static_base__                   
00005075  __TI_zero_init                       
00002ca7  __adddf3                             
00003a6f  __addsf3                             
00005140  __aeabi_ctype_table_                 
00005140  __aeabi_ctype_table_C                
00004361  __aeabi_d2f                          
00004895  __aeabi_d2iz                         
0000496d  __aeabi_d2uiz                        
00002ca7  __aeabi_dadd                         
000045ed  __aeabi_dcmpeq                       
00004629  __aeabi_dcmpge                       
0000463d  __aeabi_dcmpgt                       
00004615  __aeabi_dcmple                       
00004601  __aeabi_dcmplt                       
0000320d  __aeabi_ddiv                         
000036ed  __aeabi_dmul                         
00002c9d  __aeabi_dsub                         
20200514  __aeabi_errno                        
00005109  __aeabi_errno_addr                   
000049f1  __aeabi_f2d                          
00004c0d  __aeabi_f2iz                         
00004cb1  __aeabi_f2uiz                        
00003a6f  __aeabi_fadd                         
00004651  __aeabi_fcmpeq                       
0000468d  __aeabi_fcmpge                       
000046a1  __aeabi_fcmpgt                       
00004679  __aeabi_fcmple                       
00004665  __aeabi_fcmplt                       
000041e1  __aeabi_fdiv                         
00004155  __aeabi_fmul                         
00003a65  __aeabi_fsub                         
00004d6d  __aeabi_i2d                          
00004a71  __aeabi_i2f                          
00003f8b  __aeabi_idiv0                        
000040c7  __aeabi_ldiv0                        
00004e91  __aeabi_llsl                         
00004de5  __aeabi_lmul                         
00004355  __aeabi_memclr                       
00004355  __aeabi_memclr4                      
00004355  __aeabi_memclr8                      
00005111  __aeabi_memcpy                       
00005111  __aeabi_memcpy4                      
00005111  __aeabi_memcpy8                      
000050b1  __aeabi_memset                       
000050b1  __aeabi_memset4                      
000050b1  __aeabi_memset8                      
00004dc1  __aeabi_ui2d                         
000049b1  __aeabi_uidiv                        
000049b1  __aeabi_uidivmod                     
00005009  __aeabi_uldivmod                     
00004e91  __ashldi3                            
ffffffff  __binit__                            
000044bd  __cmpdf2                             
00004b25  __cmpsf2                             
0000320d  __divdf3                             
000041e1  __divsf3                             
000044bd  __eqdf2                              
00004b25  __eqsf2                              
000049f1  __extendsfdf2                        
00004895  __fixdfsi                            
00004c0d  __fixsfsi                            
0000496d  __fixunsdfsi                         
00004cb1  __fixunssfsi                         
00004d6d  __floatsidf                          
00004a71  __floatsisf                          
00004dc1  __floatunsidf                        
000042e1  __gedf2                              
00004aad  __gesf2                              
000042e1  __gtdf2                              
00004aad  __gtsf2                              
000044bd  __ledf2                              
00004b25  __lesf2                              
000044bd  __ltdf2                              
00004b25  __ltsf2                              
UNDEFED   __mpu_init                           
000036ed  __muldf3                             
00004de5  __muldi3                             
00004b61  __muldsi3                            
00004155  __mulsf3                             
000044bd  __nedf2                              
00004b25  __nesf2                              
20207e00  __stack                              
20200000  __start___llvm_prf_bits              
20200000  __start___llvm_prf_cnts              
20200000  __stop___llvm_prf_bits               
20200000  __stop___llvm_prf_cnts               
00002c9d  __subdf3                             
00003a65  __subsf3                             
00004361  __truncdfsf2                         
00003ee9  __udivmoddi4                         
00004d99  _c_int00_noargs                      
UNDEFED   _system_post_cinit                   
00005135  _system_pre_init                     
00005127  abort                                
00004a31  atoi                                 
ffffffff  binit                                
20200200  gCOMPARE_0Backup                     
202002bc  gCOMPARE_2Backup                     
20200488  g_uart0                              
00000000  interruptVectors                     
0000398d  ldexp                                
0000398d  ldexpl                               
00002001  main                                 
00004e4f  memccpy                              
00004e71  memcmp                               
0000402d  memcpy                               
000046b3  memset                               
00004f05  motor_control_get_actual_rpm         
00004f21  motor_control_get_duty               
00004f3d  motor_control_get_freq               
00004f59  motor_control_get_target_rpm         
00003d8d  motor_control_init                   
00004e09  motor_control_set_duty               
00004fc1  motor_control_set_kd                 
00004fd9  motor_control_set_ki                 
00004ff1  motor_control_set_kp                 
00003e3d  motor_control_set_speed              
00004f75  motor_control_stop                   
0000289d  motor_control_update                 
0000398d  scalbn                               
0000398d  scalbnl                              
00004c45  sprintf                              
00004ce5  sscanf                               
00001c49  strtod                               
00002f9d  strtol                               
00001c49  strtold                              
00002abd  strtoll                              
000030e1  strtoul                              
00002e31  strtoull                             
00004589  trajectory_straight                  
000037d1  trajectory_update                    


GLOBAL SYMBOLS: SORTED BY Symbol Address 

address   name                                 
-------   ----                                 
00000000  __TI_ATRegion0_region_sz             
00000000  __TI_ATRegion0_src_addr              
00000000  __TI_ATRegion0_trg_addr              
00000000  __TI_ATRegion1_region_sz             
00000000  __TI_ATRegion1_src_addr              
00000000  __TI_ATRegion1_trg_addr              
00000000  __TI_ATRegion2_region_sz             
00000000  __TI_ATRegion2_src_addr              
00000000  __TI_ATRegion2_trg_addr              
00000000  __TI_static_base__                   
00000000  interruptVectors                     
000000c1  UART_Printf                          
00000200  __STACK_SIZE                         
0000106d  __TI_scanfi                          
00001c49  strtod                               
00001c49  strtold                              
00002001  main                                 
00002371  SYSCFG_DL_SYSCTL_SYSPLL_init         
00002619  __TI_printfi_minimal                 
0000289d  motor_control_update                 
00002abd  strtoll                              
00002c9d  __aeabi_dsub                         
00002c9d  __subdf3                             
00002ca7  __adddf3                             
00002ca7  __aeabi_dadd                         
00002e2f  ADC0_IRQHandler                      
00002e2f  ADC1_IRQHandler                      
00002e2f  AES_IRQHandler                       
00002e2f  CANFD0_IRQHandler                    
00002e2f  DAC0_IRQHandler                      
00002e2f  DMA_IRQHandler                       
00002e2f  Default_Handler                      
00002e2f  GROUP0_IRQHandler                    
00002e2f  GROUP1_IRQHandler                    
00002e2f  HardFault_Handler                    
00002e2f  I2C0_IRQHandler                      
00002e2f  I2C1_IRQHandler                      
00002e2f  NMI_Handler                          
00002e2f  PendSV_Handler                       
00002e2f  RTC_IRQHandler                       
00002e2f  SPI0_IRQHandler                      
00002e2f  SPI1_IRQHandler                      
00002e2f  SVC_Handler                          
00002e2f  SysTick_Handler                      
00002e2f  TIMA0_IRQHandler                     
00002e2f  TIMA1_IRQHandler                     
00002e2f  TIMG0_IRQHandler                     
00002e2f  TIMG6_IRQHandler                     
00002e2f  TIMG7_IRQHandler                     
00002e2f  TIMG8_IRQHandler                     
00002e2f  UART1_IRQHandler                     
00002e2f  UART2_IRQHandler                     
00002e2f  UART3_IRQHandler                     
00002e31  strtoull                             
00002f9d  strtol                               
000030e1  strtoul                              
0000320d  __aeabi_ddiv                         
0000320d  __divdf3                             
00003319  DL_Timer_initFourCCPWMMode           
0000341d  DL_Timer_initTimerMode               
00003519  UART_Puts                            
000036ed  __aeabi_dmul                         
000036ed  __muldf3                             
000037d1  trajectory_update                    
000038b1  DL_SYSCTL_configSYSPLL               
0000398d  ldexp                                
0000398d  ldexpl                               
0000398d  scalbn                               
0000398d  scalbnl                              
00003a65  __aeabi_fsub                         
00003a65  __subsf3                             
00003a6f  __addsf3                             
00003a6f  __aeabi_fadd                         
00003b3d  SYSCFG_DL_GPIO_init                  
00003c09  UART_ISR_Handler                     
00003cd5  SYSCFG_DL_SYSCTL_init                
00003d8d  motor_control_init                   
00003e3d  motor_control_set_speed              
00003ee9  __udivmoddi4                         
00003f8b  __aeabi_idiv0                        
00003f8d  DL_Timer_initCompareMode             
0000402d  memcpy                               
000040c7  __aeabi_ldiv0                        
000040c9  SYSCFG_DL_PWMA_init                  
00004155  __aeabi_fmul                         
00004155  __mulsf3                             
000041e1  __aeabi_fdiv                         
000041e1  __divsf3                             
00004265  __TI_decompress_lzss                 
000042e1  __gedf2                              
000042e1  __gtdf2                              
00004355  __aeabi_memclr                       
00004355  __aeabi_memclr4                      
00004355  __aeabi_memclr8                      
00004361  __aeabi_d2f                          
00004361  __truncdfsf2                         
000044bd  __cmpdf2                             
000044bd  __eqdf2                              
000044bd  __ledf2                              
000044bd  __ltdf2                              
000044bd  __nedf2                              
00004525  DL_SYSCTL_setHFCLKSourceHFXTParams   
00004589  trajectory_straight                  
000045ed  __aeabi_dcmpeq                       
00004601  __aeabi_dcmplt                       
00004615  __aeabi_dcmple                       
00004629  __aeabi_dcmpge                       
0000463d  __aeabi_dcmpgt                       
00004651  __aeabi_fcmpeq                       
00004665  __aeabi_fcmplt                       
00004679  __aeabi_fcmple                       
0000468d  __aeabi_fcmpge                       
000046a1  __aeabi_fcmpgt                       
000046b3  memset                               
00004715  Grayscale_Read                       
00004775  SYSCFG_DL_UART_0_init                
000047d5  SYSCFG_DL_initPower                  
00004835  UART_Init                            
00004895  __aeabi_d2iz                         
00004895  __fixdfsi                            
000048e1  DL_UART_init                         
00004929  DL_SYSCTL_switchMCLKfromSYSOSCtoHSCLK
0000496d  __aeabi_d2uiz                        
0000496d  __fixunsdfsi                         
000049b1  __aeabi_uidiv                        
000049b1  __aeabi_uidivmod                     
000049f1  __aeabi_f2d                          
000049f1  __extendsfdf2                        
00004a31  atoi                                 
00004a71  __aeabi_i2f                          
00004a71  __floatsisf                          
00004aad  __gesf2                              
00004aad  __gtsf2                              
00004ae9  __TI_auto_init_nobinit_nopinit       
00004b25  __cmpsf2                             
00004b25  __eqsf2                              
00004b25  __lesf2                              
00004b25  __ltsf2                              
00004b25  __nesf2                              
00004b61  __muldsi3                            
00004b9d  SYSCFG_DL_TIMER_0_init               
00004bd5  SYSCFG_DL_init                       
00004c0d  __aeabi_f2iz                         
00004c0d  __fixsfsi                            
00004c45  sprintf                              
00004c7d  TIMG12_IRQHandler                    
00004cb1  __aeabi_f2uiz                        
00004cb1  __fixunssfsi                         
00004ce5  sscanf                               
00004d15  SYSCFG_DL_COMPARE_0_init             
00004d41  SYSCFG_DL_COMPARE_2_init             
00004d6d  __aeabi_i2d                          
00004d6d  __floatsidf                          
00004d99  _c_int00_noargs                      
00004dc1  __aeabi_ui2d                         
00004dc1  __floatunsidf                        
00004de5  __aeabi_lmul                         
00004de5  __muldi3                             
00004e09  motor_control_set_duty               
00004e2d  UART_ReadByte                        
00004e4f  memccpy                              
00004e71  memcmp                               
00004e91  __aeabi_llsl                         
00004e91  __ashldi3                            
00004eb1  DL_SYSCTL_configFCC                  
00004ecd  DL_Timer_setCaptCompUpdateMethod     
00004ee9  DL_Timer_setClockConfig              
00004f05  motor_control_get_actual_rpm         
00004f21  motor_control_get_duty               
00004f3d  motor_control_get_freq               
00004f59  motor_control_get_target_rpm         
00004f75  motor_control_stop                   
00004f91  DL_Timer_setCaptureCompareOutCtl     
00004fc1  motor_control_set_kd                 
00004fd9  motor_control_set_ki                 
00004ff1  motor_control_set_kp                 
00005009  __aeabi_uldivmod                     
00005031  DL_UART_setClockConfig               
00005043  __TI_decompress_none                 
00005055  DL_Timer_setCaptureCompareValue      
00005065  UART0_IRQHandler                     
00005075  __TI_zero_init                       
000050b1  __aeabi_memset                       
000050b1  __aeabi_memset4                      
000050b1  __aeabi_memset8                      
000050cd  DL_Common_delayCycles                
00005109  __aeabi_errno_addr                   
00005111  __aeabi_memcpy                       
00005111  __aeabi_memcpy4                      
00005111  __aeabi_memcpy8                      
00005127  abort                                
0000512c  C$$EXIT                              
0000512d  HOSTexit                             
00005131  Reset_Handler                        
00005135  _system_pre_init                     
00005140  __aeabi_ctype_table_                 
00005140  __aeabi_ctype_table_C                
00005530  __TI_Handler_Table_Base              
0000553c  __TI_Handler_Table_Limit             
00005544  __TI_CINIT_Base                      
00005554  __TI_CINIT_Limit                     
00005554  __TI_CINIT_Warm                      
20200000  __start___llvm_prf_bits              
20200000  __start___llvm_prf_cnts              
20200000  __stop___llvm_prf_bits               
20200000  __stop___llvm_prf_cnts               
20200200  gCOMPARE_0Backup                     
202002bc  gCOMPARE_2Backup                     
20200488  g_uart0                              
20200514  __aeabi_errno                        
20207e00  __stack                              
20208000  __STACK_END                          
ffffffff  __TI_pprof_out_hndl                  
ffffffff  __TI_prof_data_size                  
ffffffff  __TI_prof_data_start                 
ffffffff  __binit__                            
ffffffff  binit                                
UNDEFED   __mpu_init                           
UNDEFED   _system_post_cinit                   

[219 symbols]
