<?xml version="1.0" encoding="ISO-8859-1" ?>
<link_info>
   <banner>TI ARM Clang Linker PC v4.0.4.LTS</banner>
   <copyright>Copyright (c) 1996-2018 Texas Instruments Incorporated</copyright>
   <command_line>D:\ti\ccs2050\ccs\tools\compiler\ti-cgt-armllvm_4.0.4.LTS\bin\tiarmlnk -ID:\ti\ccs2050\ccs\tools\compiler\ti-cgt-armllvm_4.0.4.LTS\lib -o Track_Tracking_Car.out -mTrack_Tracking_Car.map -iC:/TI/mspm0_sdk_2_10_00_04/source -iC:/Users/39347/workspace_ccstheia/Track_Tracking_Car -iC:/Users/39347/workspace_ccstheia/Track_Tracking_Car/Debug/syscfg -iD:/ti/ccs2050/ccs/tools/compiler/ti-cgt-armllvm_4.0.4.LTS/lib --diag_wrap=off --display_error_number --warn_sections --xml_link_info=Track_Tracking_Car_linkInfo.xml --rom_model ./empty.o ./ti_msp_dl_config.o ./startup_mspm0g350x_ticlang.o ./Drivers/grayscale.o ./Drivers/gyro_pid.o ./Drivers/line_pid.o ./Drivers/motor.o ./Drivers/steering.o ./Drivers/trajectory.o ./Drivers/uart.o -l./device_linker.cmd -ldevice.cmd.genlibs -llibc.a --start-group -llibc++.a -llibc++abi.a -llibc.a -llibsys.a -llibsysbm.a -llibclang_rt.builtins.a -llibclang_rt.profile.a --end-group --cg_opt_level=2</command_line>
   <link_time>0x6a559286</link_time>
   <link_errors>0x0</link_errors>
   <output_file>C:\Users\39347\workspace_ccstheia\Track_Tracking_Car\Debug\Track_Tracking_Car.out</output_file>
   <entry_point>
      <name>_c_int00_noargs</name>
      <address>0x57ad</address>
   </entry_point>
   <input_file_list>
      <input_file id="fl-1">
         <path>C:\Users\39347\workspace_ccstheia\Track_Tracking_Car\Debug\.\</path>
         <kind>object</kind>
         <file>empty.o</file>
         <name>empty.o</name>
      </input_file>
      <input_file id="fl-2">
         <path>C:\Users\39347\workspace_ccstheia\Track_Tracking_Car\Debug\.\</path>
         <kind>object</kind>
         <file>ti_msp_dl_config.o</file>
         <name>ti_msp_dl_config.o</name>
      </input_file>
      <input_file id="fl-3">
         <path>C:\Users\39347\workspace_ccstheia\Track_Tracking_Car\Debug\.\</path>
         <kind>object</kind>
         <file>startup_mspm0g350x_ticlang.o</file>
         <name>startup_mspm0g350x_ticlang.o</name>
      </input_file>
      <input_file id="fl-4">
         <path>C:\Users\39347\workspace_ccstheia\Track_Tracking_Car\Debug\.\Drivers\</path>
         <kind>object</kind>
         <file>grayscale.o</file>
         <name>grayscale.o</name>
      </input_file>
      <input_file id="fl-5">
         <path>C:\Users\39347\workspace_ccstheia\Track_Tracking_Car\Debug\.\Drivers\</path>
         <kind>object</kind>
         <file>gyro_pid.o</file>
         <name>gyro_pid.o</name>
      </input_file>
      <input_file id="fl-6">
         <path>C:\Users\39347\workspace_ccstheia\Track_Tracking_Car\Debug\.\Drivers\</path>
         <kind>object</kind>
         <file>line_pid.o</file>
         <name>line_pid.o</name>
      </input_file>
      <input_file id="fl-7">
         <path>C:\Users\39347\workspace_ccstheia\Track_Tracking_Car\Debug\.\Drivers\</path>
         <kind>object</kind>
         <file>motor.o</file>
         <name>motor.o</name>
      </input_file>
      <input_file id="fl-8">
         <path>C:\Users\39347\workspace_ccstheia\Track_Tracking_Car\Debug\.\Drivers\</path>
         <kind>object</kind>
         <file>steering.o</file>
         <name>steering.o</name>
      </input_file>
      <input_file id="fl-9">
         <path>C:\Users\39347\workspace_ccstheia\Track_Tracking_Car\Debug\.\Drivers\</path>
         <kind>object</kind>
         <file>trajectory.o</file>
         <name>trajectory.o</name>
      </input_file>
      <input_file id="fl-a">
         <path>C:\Users\39347\workspace_ccstheia\Track_Tracking_Car\Debug\.\Drivers\</path>
         <kind>object</kind>
         <file>uart.o</file>
         <name>uart.o</name>
      </input_file>
      <input_file id="fl-17">
         <path>C:\Users\39347\workspace_ccstheia\Track_Tracking_Car\Debug\</path>
         <kind>object</kind>
         <file>&lt;internal&gt;</file>
         <name>&lt;internal&gt;</name>
      </input_file>
      <input_file id="fl-18">
         <path>C:\TI\mspm0_sdk_2_10_00_04\source\ti\driverlib\lib\ticlang\m0p\mspm0g1x0x_g3x0x\</path>
         <kind>archive</kind>
         <file>driverlib.a</file>
         <name>dl_common.o</name>
      </input_file>
      <input_file id="fl-19">
         <path>C:\TI\mspm0_sdk_2_10_00_04\source\ti\driverlib\lib\ticlang\m0p\mspm0g1x0x_g3x0x\</path>
         <kind>archive</kind>
         <file>driverlib.a</file>
         <name>dl_timer.o</name>
      </input_file>
      <input_file id="fl-1a">
         <path>C:\TI\mspm0_sdk_2_10_00_04\source\ti\driverlib\lib\ticlang\m0p\mspm0g1x0x_g3x0x\</path>
         <kind>archive</kind>
         <file>driverlib.a</file>
         <name>dl_uart.o</name>
      </input_file>
      <input_file id="fl-1b">
         <path>C:\TI\mspm0_sdk_2_10_00_04\source\ti\driverlib\lib\ticlang\m0p\mspm0g1x0x_g3x0x\</path>
         <kind>archive</kind>
         <file>driverlib.a</file>
         <name>dl_sysctl_mspm0g1x0x_g3x0x.o</name>
      </input_file>
      <input_file id="fl-32">
         <path>D:\ti\ccs2050\ccs\tools\compiler\ti-cgt-armllvm_4.0.4.LTS\lib\armv6m-ti-none-eabi\c\</path>
         <kind>archive</kind>
         <file>libc.a</file>
         <name>sprintf.c.obj</name>
      </input_file>
      <input_file id="fl-33">
         <path>D:\ti\ccs2050\ccs\tools\compiler\ti-cgt-armllvm_4.0.4.LTS\lib\armv6m-ti-none-eabi\c\</path>
         <kind>archive</kind>
         <file>libc.a</file>
         <name>sscanf.c.obj</name>
      </input_file>
      <input_file id="fl-34">
         <path>D:\ti\ccs2050\ccs\tools\compiler\ti-cgt-armllvm_4.0.4.LTS\lib\armv6m-ti-none-eabi\c\</path>
         <kind>archive</kind>
         <file>libc.a</file>
         <name>aeabi_ctype.S.obj</name>
      </input_file>
      <input_file id="fl-35">
         <path>D:\ti\ccs2050\ccs\tools\compiler\ti-cgt-armllvm_4.0.4.LTS\lib\armv6m-ti-none-eabi\c\</path>
         <kind>archive</kind>
         <file>libc.a</file>
         <name>memcmp.c.obj</name>
      </input_file>
      <input_file id="fl-36">
         <path>D:\ti\ccs2050\ccs\tools\compiler\ti-cgt-armllvm_4.0.4.LTS\lib\armv6m-ti-none-eabi\c\</path>
         <kind>archive</kind>
         <file>libc.a</file>
         <name>boot_cortex_m.c.obj</name>
      </input_file>
      <input_file id="fl-37">
         <path>D:\ti\ccs2050\ccs\tools\compiler\ti-cgt-armllvm_4.0.4.LTS\lib\armv6m-ti-none-eabi\c\</path>
         <kind>archive</kind>
         <file>libc.a</file>
         <name>mathacl_init.c.obj</name>
      </input_file>
      <input_file id="fl-38">
         <path>D:\ti\ccs2050\ccs\tools\compiler\ti-cgt-armllvm_4.0.4.LTS\lib\armv6m-ti-none-eabi\c\</path>
         <kind>archive</kind>
         <file>libc.a</file>
         <name>autoinit.c.obj</name>
      </input_file>
      <input_file id="fl-39">
         <path>D:\ti\ccs2050\ccs\tools\compiler\ti-cgt-armllvm_4.0.4.LTS\lib\armv6m-ti-none-eabi\c\</path>
         <kind>archive</kind>
         <file>libc.a</file>
         <name>pre_init.c.obj</name>
      </input_file>
      <input_file id="fl-3a">
         <path>D:\ti\ccs2050\ccs\tools\compiler\ti-cgt-armllvm_4.0.4.LTS\lib\armv6m-ti-none-eabi\c\</path>
         <kind>archive</kind>
         <file>libc.a</file>
         <name>cpy_tbl.c.obj</name>
      </input_file>
      <input_file id="fl-3b">
         <path>D:\ti\ccs2050\ccs\tools\compiler\ti-cgt-armllvm_4.0.4.LTS\lib\armv6m-ti-none-eabi\c\</path>
         <kind>archive</kind>
         <file>libc.a</file>
         <name>copy_zero_init.c.obj</name>
      </input_file>
      <input_file id="fl-3c">
         <path>D:\ti\ccs2050\ccs\tools\compiler\ti-cgt-armllvm_4.0.4.LTS\lib\armv6m-ti-none-eabi\c\</path>
         <kind>archive</kind>
         <file>libc.a</file>
         <name>copy_decompress_none.c.obj</name>
      </input_file>
      <input_file id="fl-3d">
         <path>D:\ti\ccs2050\ccs\tools\compiler\ti-cgt-armllvm_4.0.4.LTS\lib\armv6m-ti-none-eabi\c\</path>
         <kind>archive</kind>
         <file>libc.a</file>
         <name>copy_decompress_lzss.c.obj</name>
      </input_file>
      <input_file id="fl-3e">
         <path>D:\ti\ccs2050\ccs\tools\compiler\ti-cgt-armllvm_4.0.4.LTS\lib\armv6m-ti-none-eabi\c\</path>
         <kind>archive</kind>
         <file>libc.a</file>
         <name>_printfi.c.obj</name>
      </input_file>
      <input_file id="fl-3f">
         <path>D:\ti\ccs2050\ccs\tools\compiler\ti-cgt-armllvm_4.0.4.LTS\lib\armv6m-ti-none-eabi\c\</path>
         <kind>archive</kind>
         <file>libc.a</file>
         <name>_scanfi.c.obj</name>
      </input_file>
      <input_file id="fl-40">
         <path>D:\ti\ccs2050\ccs\tools\compiler\ti-cgt-armllvm_4.0.4.LTS\lib\armv6m-ti-none-eabi\c\</path>
         <kind>archive</kind>
         <file>libc.a</file>
         <name>aeabi_portable.c.obj</name>
      </input_file>
      <input_file id="fl-41">
         <path>D:\ti\ccs2050\ccs\tools\compiler\ti-cgt-armllvm_4.0.4.LTS\lib\armv6m-ti-none-eabi\c\</path>
         <kind>archive</kind>
         <file>libc.a</file>
         <name>exit.c.obj</name>
      </input_file>
      <input_file id="fl-42">
         <path>D:\ti\ccs2050\ccs\tools\compiler\ti-cgt-armllvm_4.0.4.LTS\lib\armv6m-ti-none-eabi\c\</path>
         <kind>archive</kind>
         <file>libc.a</file>
         <name>_lock.c.obj</name>
      </input_file>
      <input_file id="fl-43">
         <path>D:\ti\ccs2050\ccs\tools\compiler\ti-cgt-armllvm_4.0.4.LTS\lib\armv6m-ti-none-eabi\c\</path>
         <kind>archive</kind>
         <file>libc.a</file>
         <name>_ltoa.c.obj</name>
      </input_file>
      <input_file id="fl-44">
         <path>D:\ti\ccs2050\ccs\tools\compiler\ti-cgt-armllvm_4.0.4.LTS\lib\armv6m-ti-none-eabi\c\</path>
         <kind>archive</kind>
         <file>libc.a</file>
         <name>args_main.c.obj</name>
      </input_file>
      <input_file id="fl-45">
         <path>D:\ti\ccs2050\ccs\tools\compiler\ti-cgt-armllvm_4.0.4.LTS\lib\armv6m-ti-none-eabi\c\</path>
         <kind>archive</kind>
         <file>libc.a</file>
         <name>assert.c.obj</name>
      </input_file>
      <input_file id="fl-46">
         <path>D:\ti\ccs2050\ccs\tools\compiler\ti-cgt-armllvm_4.0.4.LTS\lib\armv6m-ti-none-eabi\c\</path>
         <kind>archive</kind>
         <file>libc.a</file>
         <name>atoi.c.obj</name>
      </input_file>
      <input_file id="fl-47">
         <path>D:\ti\ccs2050\ccs\tools\compiler\ti-cgt-armllvm_4.0.4.LTS\lib\armv6m-ti-none-eabi\c\</path>
         <kind>archive</kind>
         <file>libc.a</file>
         <name>defs.c.obj</name>
      </input_file>
      <input_file id="fl-48">
         <path>D:\ti\ccs2050\ccs\tools\compiler\ti-cgt-armllvm_4.0.4.LTS\lib\armv6m-ti-none-eabi\c\</path>
         <kind>archive</kind>
         <file>libc.a</file>
         <name>memccpy.c.obj</name>
      </input_file>
      <input_file id="fl-49">
         <path>D:\ti\ccs2050\ccs\tools\compiler\ti-cgt-armllvm_4.0.4.LTS\lib\armv6m-ti-none-eabi\c\</path>
         <kind>archive</kind>
         <file>libc.a</file>
         <name>memory.c.obj</name>
      </input_file>
      <input_file id="fl-4a">
         <path>D:\ti\ccs2050\ccs\tools\compiler\ti-cgt-armllvm_4.0.4.LTS\lib\armv6m-ti-none-eabi\c\</path>
         <kind>archive</kind>
         <file>libc.a</file>
         <name>strtod.c.obj</name>
      </input_file>
      <input_file id="fl-4b">
         <path>D:\ti\ccs2050\ccs\tools\compiler\ti-cgt-armllvm_4.0.4.LTS\lib\armv6m-ti-none-eabi\c\</path>
         <kind>archive</kind>
         <file>libc.a</file>
         <name>strtol.c.obj</name>
      </input_file>
      <input_file id="fl-4c">
         <path>D:\ti\ccs2050\ccs\tools\compiler\ti-cgt-armllvm_4.0.4.LTS\lib\armv6m-ti-none-eabi\c\</path>
         <kind>archive</kind>
         <file>libc.a</file>
         <name>strtoll.c.obj</name>
      </input_file>
      <input_file id="fl-4d">
         <path>D:\ti\ccs2050\ccs\tools\compiler\ti-cgt-armllvm_4.0.4.LTS\lib\armv6m-ti-none-eabi\c\</path>
         <kind>archive</kind>
         <file>libc.a</file>
         <name>strtoul.c.obj</name>
      </input_file>
      <input_file id="fl-4e">
         <path>D:\ti\ccs2050\ccs\tools\compiler\ti-cgt-armllvm_4.0.4.LTS\lib\armv6m-ti-none-eabi\c\</path>
         <kind>archive</kind>
         <file>libc.a</file>
         <name>strtoull.c.obj</name>
      </input_file>
      <input_file id="fl-4f">
         <path>D:\ti\ccs2050\ccs\tools\compiler\ti-cgt-armllvm_4.0.4.LTS\lib\armv6m-ti-none-eabi\c\</path>
         <kind>archive</kind>
         <file>libc.a</file>
         <name>s_frexp.c.obj</name>
      </input_file>
      <input_file id="fl-50">
         <path>D:\ti\ccs2050\ccs\tools\compiler\ti-cgt-armllvm_4.0.4.LTS\lib\armv6m-ti-none-eabi\c\</path>
         <kind>archive</kind>
         <file>libc.a</file>
         <name>s_scalbn.c.obj</name>
      </input_file>
      <input_file id="fl-51">
         <path>D:\ti\ccs2050\ccs\tools\compiler\ti-cgt-armllvm_4.0.4.LTS\lib\armv6m-ti-none-eabi\c\</path>
         <kind>archive</kind>
         <file>libc.a</file>
         <name>wcslen.c.obj</name>
      </input_file>
      <input_file id="fl-52">
         <path>D:\ti\ccs2050\ccs\tools\compiler\ti-cgt-armllvm_4.0.4.LTS\lib\armv6m-ti-none-eabi\c\</path>
         <kind>archive</kind>
         <file>libc.a</file>
         <name>fflush.c.obj</name>
      </input_file>
      <input_file id="fl-53">
         <path>D:\ti\ccs2050\ccs\tools\compiler\ti-cgt-armllvm_4.0.4.LTS\lib\armv6m-ti-none-eabi\c\</path>
         <kind>archive</kind>
         <file>libc.a</file>
         <name>fputs.c.obj</name>
      </input_file>
      <input_file id="fl-54">
         <path>D:\ti\ccs2050\ccs\tools\compiler\ti-cgt-armllvm_4.0.4.LTS\lib\armv6m-ti-none-eabi\c\</path>
         <kind>archive</kind>
         <file>libc.a</file>
         <name>_io_perm.c.obj</name>
      </input_file>
      <input_file id="fl-55">
         <path>D:\ti\ccs2050\ccs\tools\compiler\ti-cgt-armllvm_4.0.4.LTS\lib\armv6m-ti-none-eabi\c\</path>
         <kind>archive</kind>
         <file>libc.a</file>
         <name>setvbuf.c.obj</name>
      </input_file>
      <input_file id="fl-56">
         <path>D:\ti\ccs2050\ccs\tools\compiler\ti-cgt-armllvm_4.0.4.LTS\lib\armv6m-ti-none-eabi\c\</path>
         <kind>archive</kind>
         <file>libc.a</file>
         <name>fopen.c.obj</name>
      </input_file>
      <input_file id="fl-57">
         <path>D:\ti\ccs2050\ccs\tools\compiler\ti-cgt-armllvm_4.0.4.LTS\lib\armv6m-ti-none-eabi\c\</path>
         <kind>archive</kind>
         <file>libc.a</file>
         <name>fseek.c.obj</name>
      </input_file>
      <input_file id="fl-58">
         <path>D:\ti\ccs2050\ccs\tools\compiler\ti-cgt-armllvm_4.0.4.LTS\lib\armv6m-ti-none-eabi\c\</path>
         <kind>archive</kind>
         <file>libc.a</file>
         <name>fclose.c.obj</name>
      </input_file>
      <input_file id="fl-f8">
         <path>D:\ti\ccs2050\ccs\tools\compiler\ti-cgt-armllvm_4.0.4.LTS\lib\armv6m-ti-none-eabi\c\</path>
         <kind>archive</kind>
         <file>libsysbm.a</file>
         <name>hostexit.c.obj</name>
      </input_file>
      <input_file id="fl-f9">
         <path>D:\ti\ccs2050\ccs\tools\compiler\ti-cgt-armllvm_4.0.4.LTS\lib\armv6m-ti-none-eabi\c\</path>
         <kind>archive</kind>
         <file>libsysbm.a</file>
         <name>write.c.obj</name>
      </input_file>
      <input_file id="fl-fa">
         <path>D:\ti\ccs2050\ccs\tools\compiler\ti-cgt-armllvm_4.0.4.LTS\lib\armv6m-ti-none-eabi\c\</path>
         <kind>archive</kind>
         <file>libsysbm.a</file>
         <name>host_device.c.obj</name>
      </input_file>
      <input_file id="fl-fb">
         <path>D:\ti\ccs2050\ccs\tools\compiler\ti-cgt-armllvm_4.0.4.LTS\lib\armv6m-ti-none-eabi\c\</path>
         <kind>archive</kind>
         <file>libsysbm.a</file>
         <name>remove.c.obj</name>
      </input_file>
      <input_file id="fl-fc">
         <path>D:\ti\ccs2050\ccs\tools\compiler\ti-cgt-armllvm_4.0.4.LTS\lib\armv6m-ti-none-eabi\c\</path>
         <kind>archive</kind>
         <file>libsysbm.a</file>
         <name>open.c.obj</name>
      </input_file>
      <input_file id="fl-fd">
         <path>D:\ti\ccs2050\ccs\tools\compiler\ti-cgt-armllvm_4.0.4.LTS\lib\armv6m-ti-none-eabi\c\</path>
         <kind>archive</kind>
         <file>libsysbm.a</file>
         <name>lseek.c.obj</name>
      </input_file>
      <input_file id="fl-fe">
         <path>D:\ti\ccs2050\ccs\tools\compiler\ti-cgt-armllvm_4.0.4.LTS\lib\armv6m-ti-none-eabi\c\</path>
         <kind>archive</kind>
         <file>libsysbm.a</file>
         <name>close.c.obj</name>
      </input_file>
      <input_file id="fl-ff">
         <path>D:\ti\ccs2050\ccs\tools\compiler\ti-cgt-armllvm_4.0.4.LTS\lib\armv6m-ti-none-eabi\c\</path>
         <kind>archive</kind>
         <file>libsysbm.a</file>
         <name>unlink.c.obj</name>
      </input_file>
      <input_file id="fl-100">
         <path>D:\ti\ccs2050\ccs\tools\compiler\ti-cgt-armllvm_4.0.4.LTS\lib\armv6m-ti-none-eabi\c\</path>
         <kind>archive</kind>
         <file>libsysbm.a</file>
         <name>hostclose.c.obj</name>
      </input_file>
      <input_file id="fl-101">
         <path>D:\ti\ccs2050\ccs\tools\compiler\ti-cgt-armllvm_4.0.4.LTS\lib\armv6m-ti-none-eabi\c\</path>
         <kind>archive</kind>
         <file>libsysbm.a</file>
         <name>hostlseek.c.obj</name>
      </input_file>
      <input_file id="fl-102">
         <path>D:\ti\ccs2050\ccs\tools\compiler\ti-cgt-armllvm_4.0.4.LTS\lib\armv6m-ti-none-eabi\c\</path>
         <kind>archive</kind>
         <file>libsysbm.a</file>
         <name>hostopen.c.obj</name>
      </input_file>
      <input_file id="fl-103">
         <path>D:\ti\ccs2050\ccs\tools\compiler\ti-cgt-armllvm_4.0.4.LTS\lib\armv6m-ti-none-eabi\c\</path>
         <kind>archive</kind>
         <file>libsysbm.a</file>
         <name>hostread.c.obj</name>
      </input_file>
      <input_file id="fl-104">
         <path>D:\ti\ccs2050\ccs\tools\compiler\ti-cgt-armllvm_4.0.4.LTS\lib\armv6m-ti-none-eabi\c\</path>
         <kind>archive</kind>
         <file>libsysbm.a</file>
         <name>hostrename.c.obj</name>
      </input_file>
      <input_file id="fl-105">
         <path>D:\ti\ccs2050\ccs\tools\compiler\ti-cgt-armllvm_4.0.4.LTS\lib\armv6m-ti-none-eabi\c\</path>
         <kind>archive</kind>
         <file>libsysbm.a</file>
         <name>hostunlink.c.obj</name>
      </input_file>
      <input_file id="fl-106">
         <path>D:\ti\ccs2050\ccs\tools\compiler\ti-cgt-armllvm_4.0.4.LTS\lib\armv6m-ti-none-eabi\c\</path>
         <kind>archive</kind>
         <file>libsysbm.a</file>
         <name>hostwrite.c.obj</name>
      </input_file>
      <input_file id="fl-107">
         <path>D:\ti\ccs2050\ccs\tools\compiler\ti-cgt-armllvm_4.0.4.LTS\lib\armv6m-ti-none-eabi\c\</path>
         <kind>archive</kind>
         <file>libsysbm.a</file>
         <name>trgmsg.c.obj</name>
      </input_file>
      <input_file id="fl-108">
         <path>D:\ti\ccs2050\ccs\tools\compiler\ti-cgt-armllvm_4.0.4.LTS\lib\armv6m-ti-none-eabi\</path>
         <kind>archive</kind>
         <file>libclang_rt.builtins.a</file>
         <name>addsf3.S.obj</name>
      </input_file>
      <input_file id="fl-109">
         <path>D:\ti\ccs2050\ccs\tools\compiler\ti-cgt-armllvm_4.0.4.LTS\lib\armv6m-ti-none-eabi\</path>
         <kind>archive</kind>
         <file>libclang_rt.builtins.a</file>
         <name>adddf3.S.obj</name>
      </input_file>
      <input_file id="fl-10a">
         <path>D:\ti\ccs2050\ccs\tools\compiler\ti-cgt-armllvm_4.0.4.LTS\lib\armv6m-ti-none-eabi\</path>
         <kind>archive</kind>
         <file>libclang_rt.builtins.a</file>
         <name>muldf3.S.obj</name>
      </input_file>
      <input_file id="fl-10b">
         <path>D:\ti\ccs2050\ccs\tools\compiler\ti-cgt-armllvm_4.0.4.LTS\lib\armv6m-ti-none-eabi\</path>
         <kind>archive</kind>
         <file>libclang_rt.builtins.a</file>
         <name>muldsi3.S.obj</name>
      </input_file>
      <input_file id="fl-10c">
         <path>D:\ti\ccs2050\ccs\tools\compiler\ti-cgt-armllvm_4.0.4.LTS\lib\armv6m-ti-none-eabi\</path>
         <kind>archive</kind>
         <file>libclang_rt.builtins.a</file>
         <name>mulsf3.S.obj</name>
      </input_file>
      <input_file id="fl-10d">
         <path>D:\ti\ccs2050\ccs\tools\compiler\ti-cgt-armllvm_4.0.4.LTS\lib\armv6m-ti-none-eabi\</path>
         <kind>archive</kind>
         <file>libclang_rt.builtins.a</file>
         <name>divsf3.S.obj</name>
      </input_file>
      <input_file id="fl-10e">
         <path>D:\ti\ccs2050\ccs\tools\compiler\ti-cgt-armllvm_4.0.4.LTS\lib\armv6m-ti-none-eabi\</path>
         <kind>archive</kind>
         <file>libclang_rt.builtins.a</file>
         <name>divdf3.S.obj</name>
      </input_file>
      <input_file id="fl-10f">
         <path>D:\ti\ccs2050\ccs\tools\compiler\ti-cgt-armllvm_4.0.4.LTS\lib\armv6m-ti-none-eabi\</path>
         <kind>archive</kind>
         <file>libclang_rt.builtins.a</file>
         <name>extendsfdf2.S.obj</name>
      </input_file>
      <input_file id="fl-110">
         <path>D:\ti\ccs2050\ccs\tools\compiler\ti-cgt-armllvm_4.0.4.LTS\lib\armv6m-ti-none-eabi\</path>
         <kind>archive</kind>
         <file>libclang_rt.builtins.a</file>
         <name>fixdfsi.S.obj</name>
      </input_file>
      <input_file id="fl-111">
         <path>D:\ti\ccs2050\ccs\tools\compiler\ti-cgt-armllvm_4.0.4.LTS\lib\armv6m-ti-none-eabi\</path>
         <kind>archive</kind>
         <file>libclang_rt.builtins.a</file>
         <name>fixsfsi.S.obj</name>
      </input_file>
      <input_file id="fl-112">
         <path>D:\ti\ccs2050\ccs\tools\compiler\ti-cgt-armllvm_4.0.4.LTS\lib\armv6m-ti-none-eabi\</path>
         <kind>archive</kind>
         <file>libclang_rt.builtins.a</file>
         <name>fixunsdfsi.S.obj</name>
      </input_file>
      <input_file id="fl-113">
         <path>D:\ti\ccs2050\ccs\tools\compiler\ti-cgt-armllvm_4.0.4.LTS\lib\armv6m-ti-none-eabi\</path>
         <kind>archive</kind>
         <file>libclang_rt.builtins.a</file>
         <name>fixunssfsi.S.obj</name>
      </input_file>
      <input_file id="fl-114">
         <path>D:\ti\ccs2050\ccs\tools\compiler\ti-cgt-armllvm_4.0.4.LTS\lib\armv6m-ti-none-eabi\</path>
         <kind>archive</kind>
         <file>libclang_rt.builtins.a</file>
         <name>floatsidf.S.obj</name>
      </input_file>
      <input_file id="fl-115">
         <path>D:\ti\ccs2050\ccs\tools\compiler\ti-cgt-armllvm_4.0.4.LTS\lib\armv6m-ti-none-eabi\</path>
         <kind>archive</kind>
         <file>libclang_rt.builtins.a</file>
         <name>floatsisf.S.obj</name>
      </input_file>
      <input_file id="fl-116">
         <path>D:\ti\ccs2050\ccs\tools\compiler\ti-cgt-armllvm_4.0.4.LTS\lib\armv6m-ti-none-eabi\</path>
         <kind>archive</kind>
         <file>libclang_rt.builtins.a</file>
         <name>floatunsidf.S.obj</name>
      </input_file>
      <input_file id="fl-117">
         <path>D:\ti\ccs2050\ccs\tools\compiler\ti-cgt-armllvm_4.0.4.LTS\lib\armv6m-ti-none-eabi\</path>
         <kind>archive</kind>
         <file>libclang_rt.builtins.a</file>
         <name>muldi3.S.obj</name>
      </input_file>
      <input_file id="fl-118">
         <path>D:\ti\ccs2050\ccs\tools\compiler\ti-cgt-armllvm_4.0.4.LTS\lib\armv6m-ti-none-eabi\</path>
         <kind>archive</kind>
         <file>libclang_rt.builtins.a</file>
         <name>truncdfsf2.S.obj</name>
      </input_file>
      <input_file id="fl-119">
         <path>D:\ti\ccs2050\ccs\tools\compiler\ti-cgt-armllvm_4.0.4.LTS\lib\armv6m-ti-none-eabi\</path>
         <kind>archive</kind>
         <file>libclang_rt.builtins.a</file>
         <name>aeabi_dcmp.S.obj</name>
      </input_file>
      <input_file id="fl-11a">
         <path>D:\ti\ccs2050\ccs\tools\compiler\ti-cgt-armllvm_4.0.4.LTS\lib\armv6m-ti-none-eabi\</path>
         <kind>archive</kind>
         <file>libclang_rt.builtins.a</file>
         <name>aeabi_fcmp.S.obj</name>
      </input_file>
      <input_file id="fl-11b">
         <path>D:\ti\ccs2050\ccs\tools\compiler\ti-cgt-armllvm_4.0.4.LTS\lib\armv6m-ti-none-eabi\</path>
         <kind>archive</kind>
         <file>libclang_rt.builtins.a</file>
         <name>aeabi_idivmod.S.obj</name>
      </input_file>
      <input_file id="fl-11c">
         <path>D:\ti\ccs2050\ccs\tools\compiler\ti-cgt-armllvm_4.0.4.LTS\lib\armv6m-ti-none-eabi\</path>
         <kind>archive</kind>
         <file>libclang_rt.builtins.a</file>
         <name>aeabi_memcpy.S.obj</name>
      </input_file>
      <input_file id="fl-11d">
         <path>D:\ti\ccs2050\ccs\tools\compiler\ti-cgt-armllvm_4.0.4.LTS\lib\armv6m-ti-none-eabi\</path>
         <kind>archive</kind>
         <file>libclang_rt.builtins.a</file>
         <name>aeabi_memset.S.obj</name>
      </input_file>
      <input_file id="fl-11e">
         <path>D:\ti\ccs2050\ccs\tools\compiler\ti-cgt-armllvm_4.0.4.LTS\lib\armv6m-ti-none-eabi\</path>
         <kind>archive</kind>
         <file>libclang_rt.builtins.a</file>
         <name>aeabi_uidivmod.S.obj</name>
      </input_file>
      <input_file id="fl-11f">
         <path>D:\ti\ccs2050\ccs\tools\compiler\ti-cgt-armllvm_4.0.4.LTS\lib\armv6m-ti-none-eabi\</path>
         <kind>archive</kind>
         <file>libclang_rt.builtins.a</file>
         <name>aeabi_uldivmod.S.obj</name>
      </input_file>
      <input_file id="fl-120">
         <path>D:\ti\ccs2050\ccs\tools\compiler\ti-cgt-armllvm_4.0.4.LTS\lib\armv6m-ti-none-eabi\</path>
         <kind>archive</kind>
         <file>libclang_rt.builtins.a</file>
         <name>comparesf2.S.obj</name>
      </input_file>
      <input_file id="fl-121">
         <path>D:\ti\ccs2050\ccs\tools\compiler\ti-cgt-armllvm_4.0.4.LTS\lib\armv6m-ti-none-eabi\</path>
         <kind>archive</kind>
         <file>libclang_rt.builtins.a</file>
         <name>udivmoddi4.S.obj</name>
      </input_file>
      <input_file id="fl-122">
         <path>D:\ti\ccs2050\ccs\tools\compiler\ti-cgt-armllvm_4.0.4.LTS\lib\armv6m-ti-none-eabi\</path>
         <kind>archive</kind>
         <file>libclang_rt.builtins.a</file>
         <name>ashldi3.S.obj</name>
      </input_file>
      <input_file id="fl-123">
         <path>D:\ti\ccs2050\ccs\tools\compiler\ti-cgt-armllvm_4.0.4.LTS\lib\armv6m-ti-none-eabi\</path>
         <kind>archive</kind>
         <file>libclang_rt.builtins.a</file>
         <name>comparedf2.c.obj</name>
      </input_file>
      <input_file id="fl-124">
         <path>D:\ti\ccs2050\ccs\tools\compiler\ti-cgt-armllvm_4.0.4.LTS\lib\armv6m-ti-none-eabi\</path>
         <kind>archive</kind>
         <file>libclang_rt.builtins.a</file>
         <name>aeabi_div0.c.obj</name>
      </input_file>
      <input_file id="fl-125">
         <path>D:\ti\ccs2050\ccs\tools\compiler\ti-cgt-armllvm_4.0.4.LTS\lib\armv6m-ti-none-eabi\c\</path>
         <kind>archive</kind>
         <file>libc.a</file>
         <name>getdevice.c.obj</name>
      </input_file>
      <input_file id="fl-126">
         <path>D:\ti\ccs2050\ccs\tools\compiler\ti-cgt-armllvm_4.0.4.LTS\lib\armv6m-ti-none-eabi\c\</path>
         <kind>archive</kind>
         <file>libc.a</file>
         <name>memcpy16.S.obj</name>
      </input_file>
      <input_file id="fl-127">
         <path>D:\ti\ccs2050\ccs\tools\compiler\ti-cgt-armllvm_4.0.4.LTS\lib\armv6m-ti-none-eabi\c\</path>
         <kind>archive</kind>
         <file>libc.a</file>
         <name>memset16.S.obj</name>
      </input_file>
      <input_file id="fl-128">
         <path>D:\ti\ccs2050\ccs\tools\compiler\ti-cgt-armllvm_4.0.4.LTS\lib\armv6m-ti-none-eabi\c\</path>
         <kind>archive</kind>
         <file>libc.a</file>
         <name>strcmp-armv6m.S.obj</name>
      </input_file>
   </input_file_list>
   <object_component_list>
      <object_component id="oc-18">
         <name>.intvecs</name>
         <load_address>0x0</load_address>
         <readonly>true</readonly>
         <run_address>0x0</run_address>
         <size>0xc0</size>
         <alignment>0x4</alignment>
         <input_file_ref idref="fl-3"/>
      </object_component>
      <object_component id="oc-fb">
         <name>.text.UART_Printf</name>
         <load_address>0xc0</load_address>
         <readonly>true</readonly>
         <executable>true</executable>
         <run_address>0xc0</run_address>
         <size>0xfac</size>
         <alignment>0x4</alignment>
         <input_file_ref idref="fl-a"/>
      </object_component>
      <object_component id="oc-1b8">
         <name>.text.__TI_scanfi</name>
         <load_address>0x106c</load_address>
         <readonly>true</readonly>
         <executable>true</executable>
         <run_address>0x106c</run_address>
         <size>0xbdc</size>
         <alignment>0x4</alignment>
         <input_file_ref idref="fl-3f"/>
      </object_component>
      <object_component id="oc-83">
         <name>.text.main</name>
         <load_address>0x1c48</load_address>
         <readonly>true</readonly>
         <executable>true</executable>
         <run_address>0x1c48</run_address>
         <size>0x868</size>
         <alignment>0x4</alignment>
         <input_file_ref idref="fl-1"/>
      </object_component>
      <object_component id="oc-248">
         <name>.text.strtod</name>
         <load_address>0x24b0</load_address>
         <readonly>true</readonly>
         <executable>true</executable>
         <run_address>0x24b0</run_address>
         <size>0x3b8</size>
         <alignment>0x4</alignment>
         <input_file_ref idref="fl-4a"/>
      </object_component>
      <object_component id="oc-21e">
         <name>.text.SYSCFG_DL_SYSCTL_SYSPLL_init</name>
         <load_address>0x2868</load_address>
         <readonly>true</readonly>
         <executable>true</executable>
         <run_address>0x2868</run_address>
         <size>0x2a8</size>
         <alignment>0x4</alignment>
         <input_file_ref idref="fl-2"/>
      </object_component>
      <object_component id="oc-273">
         <name>.text:__TI_printfi_minimal</name>
         <load_address>0x2b10</load_address>
         <readonly>true</readonly>
         <executable>true</executable>
         <run_address>0x2b10</run_address>
         <size>0x284</size>
         <alignment>0x4</alignment>
         <input_file_ref idref="fl-3e"/>
      </object_component>
      <object_component id="oc-65">
         <name>.text.motor_control_update</name>
         <load_address>0x2d94</load_address>
         <readonly>true</readonly>
         <executable>true</executable>
         <run_address>0x2d94</run_address>
         <size>0x220</size>
         <alignment>0x4</alignment>
         <input_file_ref idref="fl-7"/>
      </object_component>
      <object_component id="oc-25f">
         <name>.text.strtoll</name>
         <load_address>0x2fb4</load_address>
         <readonly>true</readonly>
         <executable>true</executable>
         <run_address>0x2fb4</run_address>
         <size>0x1e0</size>
         <alignment>0x4</alignment>
         <input_file_ref idref="fl-4c"/>
      </object_component>
      <object_component id="oc-1d1">
         <name>.text.adddf3_subdf3</name>
         <load_address>0x3194</load_address>
         <readonly>true</readonly>
         <executable>true</executable>
         <run_address>0x3194</run_address>
         <size>0x192</size>
         <alignment>0x4</alignment>
         <input_file_ref idref="fl-109"/>
      </object_component>
      <object_component id="oc-33">
         <name>.text.Default_Handler</name>
         <load_address>0x3326</load_address>
         <readonly>true</readonly>
         <executable>true</executable>
         <run_address>0x3326</run_address>
         <size>0x2</size>
         <alignment>0x2</alignment>
         <input_file_ref idref="fl-3"/>
      </object_component>
      <object_component id="oc-1fa">
         <name>.text.LinePID_Update</name>
         <load_address>0x3328</load_address>
         <readonly>true</readonly>
         <executable>true</executable>
         <run_address>0x3328</run_address>
         <size>0x178</size>
         <alignment>0x4</alignment>
         <input_file_ref idref="fl-6"/>
      </object_component>
      <object_component id="oc-25b">
         <name>.text.strtoull</name>
         <load_address>0x34a0</load_address>
         <readonly>true</readonly>
         <executable>true</executable>
         <run_address>0x34a0</run_address>
         <size>0x16c</size>
         <alignment>0x4</alignment>
         <input_file_ref idref="fl-4e"/>
      </object_component>
      <object_component id="oc-257">
         <name>.text.strtol</name>
         <load_address>0x360c</load_address>
         <readonly>true</readonly>
         <executable>true</executable>
         <run_address>0x360c</run_address>
         <size>0x144</size>
         <alignment>0x4</alignment>
         <input_file_ref idref="fl-4b"/>
      </object_component>
      <object_component id="oc-253">
         <name>.text.strtoul</name>
         <load_address>0x3750</load_address>
         <readonly>true</readonly>
         <executable>true</executable>
         <run_address>0x3750</run_address>
         <size>0x12c</size>
         <alignment>0x4</alignment>
         <input_file_ref idref="fl-4d"/>
      </object_component>
      <object_component id="oc-29d">
         <name>.text.__divdf3</name>
         <load_address>0x387c</load_address>
         <readonly>true</readonly>
         <executable>true</executable>
         <run_address>0x387c</run_address>
         <size>0x10c</size>
         <alignment>0x4</alignment>
         <input_file_ref idref="fl-10e"/>
      </object_component>
      <object_component id="oc-222">
         <name>.text.DL_Timer_initFourCCPWMMode</name>
         <load_address>0x3988</load_address>
         <readonly>true</readonly>
         <executable>true</executable>
         <run_address>0x3988</run_address>
         <size>0x104</size>
         <alignment>0x4</alignment>
         <input_file_ref idref="fl-19"/>
      </object_component>
      <object_component id="oc-22c">
         <name>.text.DL_Timer_initTimerMode</name>
         <load_address>0x3a8c</load_address>
         <readonly>true</readonly>
         <executable>true</executable>
         <run_address>0x3a8c</run_address>
         <size>0xfc</size>
         <alignment>0x4</alignment>
         <input_file_ref idref="fl-19"/>
      </object_component>
      <object_component id="oc-1f9">
         <name>.text.GyroPID_Update</name>
         <load_address>0x3b88</load_address>
         <readonly>true</readonly>
         <executable>true</executable>
         <run_address>0x3b88</run_address>
         <size>0xec</size>
         <alignment>0x4</alignment>
         <input_file_ref idref="fl-5"/>
      </object_component>
      <object_component id="oc-e6">
         <name>.text.UART_Puts</name>
         <load_address>0x3c74</load_address>
         <readonly>true</readonly>
         <executable>true</executable>
         <run_address>0x3c74</run_address>
         <size>0xec</size>
         <alignment>0x4</alignment>
         <input_file_ref idref="fl-a"/>
      </object_component>
      <object_component id="oc-bd">
         <name>.text.load_segment</name>
         <load_address>0x3d60</load_address>
         <readonly>true</readonly>
         <executable>true</executable>
         <run_address>0x3d60</run_address>
         <size>0xe8</size>
         <alignment>0x4</alignment>
         <input_file_ref idref="fl-9"/>
      </object_component>
      <object_component id="oc-1cd">
         <name>.text.__muldf3</name>
         <load_address>0x3e48</load_address>
         <readonly>true</readonly>
         <executable>true</executable>
         <run_address>0x3e48</run_address>
         <size>0xe4</size>
         <alignment>0x4</alignment>
         <input_file_ref idref="fl-10a"/>
      </object_component>
      <object_component id="oc-6b">
         <name>.text.trajectory_update</name>
         <load_address>0x3f2c</load_address>
         <readonly>true</readonly>
         <executable>true</executable>
         <run_address>0x3f2c</run_address>
         <size>0xe0</size>
         <alignment>0x4</alignment>
         <input_file_ref idref="fl-9"/>
      </object_component>
      <object_component id="oc-21d">
         <name>.text.DL_SYSCTL_configSYSPLL</name>
         <load_address>0x400c</load_address>
         <readonly>true</readonly>
         <executable>true</executable>
         <run_address>0x400c</run_address>
         <size>0xdc</size>
         <alignment>0x4</alignment>
         <input_file_ref idref="fl-1b"/>
      </object_component>
      <object_component id="oc-299">
         <name>.text.scalbn</name>
         <load_address>0x40e8</load_address>
         <readonly>true</readonly>
         <executable>true</executable>
         <run_address>0x40e8</run_address>
         <size>0xd8</size>
         <alignment>0x4</alignment>
         <input_file_ref idref="fl-50"/>
      </object_component>
      <object_component id="oc-9c">
         <name>.text</name>
         <load_address>0x41c0</load_address>
         <readonly>true</readonly>
         <executable>true</executable>
         <run_address>0x41c0</run_address>
         <size>0xd8</size>
         <alignment>0x4</alignment>
         <input_file_ref idref="fl-108"/>
      </object_component>
      <object_component id="oc-19c">
         <name>.text.SYSCFG_DL_GPIO_init</name>
         <load_address>0x4298</load_address>
         <readonly>true</readonly>
         <executable>true</executable>
         <run_address>0x4298</run_address>
         <size>0xcc</size>
         <alignment>0x4</alignment>
         <input_file_ref idref="fl-2"/>
      </object_component>
      <object_component id="oc-60">
         <name>.text.UART_ISR_Handler</name>
         <load_address>0x4364</load_address>
         <readonly>true</readonly>
         <executable>true</executable>
         <run_address>0x4364</run_address>
         <size>0xcc</size>
         <alignment>0x4</alignment>
         <input_file_ref idref="fl-a"/>
      </object_component>
      <object_component id="oc-19d">
         <name>.text.SYSCFG_DL_SYSCTL_init</name>
         <load_address>0x4430</load_address>
         <readonly>true</readonly>
         <executable>true</executable>
         <run_address>0x4430</run_address>
         <size>0xb8</size>
         <alignment>0x4</alignment>
         <input_file_ref idref="fl-2"/>
      </object_component>
      <object_component id="oc-de">
         <name>.text.motor_control_init</name>
         <load_address>0x44e8</load_address>
         <readonly>true</readonly>
         <executable>true</executable>
         <run_address>0x44e8</run_address>
         <size>0xb0</size>
         <alignment>0x4</alignment>
         <input_file_ref idref="fl-7"/>
      </object_component>
      <object_component id="oc-bc">
         <name>.text.motor_control_set_speed</name>
         <load_address>0x4598</load_address>
         <readonly>true</readonly>
         <executable>true</executable>
         <run_address>0x4598</run_address>
         <size>0xac</size>
         <alignment>0x4</alignment>
         <input_file_ref idref="fl-7"/>
      </object_component>
      <object_component id="oc-2db">
         <name>.text</name>
         <load_address>0x4644</load_address>
         <readonly>true</readonly>
         <executable>true</executable>
         <run_address>0x4644</run_address>
         <size>0xa2</size>
         <alignment>0x4</alignment>
         <input_file_ref idref="fl-121"/>
      </object_component>
      <object_component id="oc-1af">
         <name>.text.Gyro_Init</name>
         <load_address>0x46e6</load_address>
         <readonly>true</readonly>
         <executable>true</executable>
         <run_address>0x46e6</run_address>
         <size>0x2</size>
         <alignment>0x2</alignment>
         <input_file_ref idref="fl-5"/>
      </object_component>
      <object_component id="oc-227">
         <name>.text.DL_Timer_initCompareMode</name>
         <load_address>0x46e8</load_address>
         <readonly>true</readonly>
         <executable>true</executable>
         <run_address>0x46e8</run_address>
         <size>0xa0</size>
         <alignment>0x4</alignment>
         <input_file_ref idref="fl-19"/>
      </object_component>
      <object_component id="oc-ce">
         <name>.text:memcpy</name>
         <load_address>0x4788</load_address>
         <readonly>true</readonly>
         <executable>true</executable>
         <run_address>0x4788</run_address>
         <size>0x9a</size>
         <alignment>0x1</alignment>
         <input_file_ref idref="fl-126"/>
      </object_component>
      <object_component id="oc-17c">
         <name>.text.__aeabi_idiv0</name>
         <load_address>0x4822</load_address>
         <readonly>true</readonly>
         <executable>true</executable>
         <run_address>0x4822</run_address>
         <size>0x2</size>
         <alignment>0x2</alignment>
         <input_file_ref idref="fl-124"/>
      </object_component>
      <object_component id="oc-19f">
         <name>.text.SYSCFG_DL_PWMA_init</name>
         <load_address>0x4824</load_address>
         <readonly>true</readonly>
         <executable>true</executable>
         <run_address>0x4824</run_address>
         <size>0x8c</size>
         <alignment>0x4</alignment>
         <input_file_ref idref="fl-2"/>
      </object_component>
      <object_component id="oc-a0">
         <name>.text.__mulsf3</name>
         <load_address>0x48b0</load_address>
         <readonly>true</readonly>
         <executable>true</executable>
         <run_address>0x48b0</run_address>
         <size>0x8c</size>
         <alignment>0x4</alignment>
         <input_file_ref idref="fl-10c"/>
      </object_component>
      <object_component id="oc-e7">
         <name>.text.cmd_show</name>
         <load_address>0x493c</load_address>
         <readonly>true</readonly>
         <executable>true</executable>
         <run_address>0x493c</run_address>
         <size>0x84</size>
         <alignment>0x4</alignment>
         <input_file_ref idref="fl-1"/>
      </object_component>
      <object_component id="oc-a8">
         <name>.text.__divsf3</name>
         <load_address>0x49c0</load_address>
         <readonly>true</readonly>
         <executable>true</executable>
         <run_address>0x49c0</run_address>
         <size>0x82</size>
         <alignment>0x4</alignment>
         <input_file_ref idref="fl-10d"/>
      </object_component>
      <object_component id="oc-2f5">
         <name>.text.__aeabi_ldiv0</name>
         <load_address>0x4a42</load_address>
         <readonly>true</readonly>
         <executable>true</executable>
         <run_address>0x4a42</run_address>
         <size>0x2</size>
         <alignment>0x2</alignment>
         <input_file_ref idref="fl-124"/>
      </object_component>
      <object_component id="oc-10a">
         <name>.text.trajectory_arc</name>
         <load_address>0x4a44</load_address>
         <readonly>true</readonly>
         <executable>true</executable>
         <run_address>0x4a44</run_address>
         <size>0x80</size>
         <alignment>0x4</alignment>
         <input_file_ref idref="fl-9"/>
      </object_component>
      <object_component id="oc-1c">
         <name>.text:decompress:lzss</name>
         <load_address>0x4ac4</load_address>
         <readonly>true</readonly>
         <executable>true</executable>
         <run_address>0x4ac4</run_address>
         <size>0x7c</size>
         <alignment>0x4</alignment>
         <input_file_ref idref="fl-3d"/>
      </object_component>
      <object_component id="oc-111">
         <name>.text.trajectory_circle</name>
         <load_address>0x4b40</load_address>
         <readonly>true</readonly>
         <executable>true</executable>
         <run_address>0x4b40</run_address>
         <size>0x78</size>
         <alignment>0x4</alignment>
         <input_file_ref idref="fl-9"/>
      </object_component>
      <object_component id="oc-26b">
         <name>.text.__gedf2</name>
         <load_address>0x4bb8</load_address>
         <readonly>true</readonly>
         <executable>true</executable>
         <run_address>0x4bb8</run_address>
         <size>0x74</size>
         <alignment>0x4</alignment>
         <input_file_ref idref="fl-123"/>
      </object_component>
      <object_component id="oc-1f8">
         <name>.text.Gyro_ReadYawRate</name>
         <load_address>0x4c2c</load_address>
         <readonly>true</readonly>
         <executable>true</executable>
         <run_address>0x4c2c</run_address>
         <size>0x4</size>
         <alignment>0x2</alignment>
         <input_file_ref idref="fl-5"/>
      </object_component>
      <object_component id="oc-24e">
         <name>.text.__truncdfsf2</name>
         <load_address>0x4c30</load_address>
         <readonly>true</readonly>
         <executable>true</executable>
         <run_address>0x4c30</run_address>
         <size>0x74</size>
         <alignment>0x10</alignment>
         <input_file_ref idref="fl-118"/>
      </object_component>
      <object_component id="oc-1c0">
         <name>.text._chkmbc</name>
         <load_address>0x4ca4</load_address>
         <readonly>true</readonly>
         <executable>true</executable>
         <run_address>0x4ca4</run_address>
         <size>0x74</size>
         <alignment>0x4</alignment>
         <input_file_ref idref="fl-33"/>
      </object_component>
      <object_component id="oc-265">
         <name>.text.__ledf2</name>
         <load_address>0x4d18</load_address>
         <readonly>true</readonly>
         <executable>true</executable>
         <run_address>0x4d18</run_address>
         <size>0x68</size>
         <alignment>0x4</alignment>
         <input_file_ref idref="fl-123"/>
      </object_component>
      <object_component id="oc-217">
         <name>.text.DL_SYSCTL_setHFCLKSourceHFXTParams</name>
         <load_address>0x4d80</load_address>
         <readonly>true</readonly>
         <executable>true</executable>
         <run_address>0x4d80</run_address>
         <size>0x64</size>
         <alignment>0x4</alignment>
         <input_file_ref idref="fl-1b"/>
      </object_component>
      <object_component id="oc-e8">
         <name>.text.trajectory_straight</name>
         <load_address>0x4de4</load_address>
         <readonly>true</readonly>
         <executable>true</executable>
         <run_address>0x4de4</run_address>
         <size>0x64</size>
         <alignment>0x4</alignment>
         <input_file_ref idref="fl-9"/>
      </object_component>
      <object_component id="oc-1c9">
         <name>.text.__aeabi_dcmp</name>
         <load_address>0x4e48</load_address>
         <readonly>true</readonly>
         <executable>true</executable>
         <run_address>0x4e48</run_address>
         <size>0x62</size>
         <alignment>0x4</alignment>
         <input_file_ref idref="fl-119"/>
      </object_component>
      <object_component id="oc-a4">
         <name>.text.__aeabi_fcmp</name>
         <load_address>0x4eac</load_address>
         <readonly>true</readonly>
         <executable>true</executable>
         <run_address>0x4eac</run_address>
         <size>0x62</size>
         <alignment>0x4</alignment>
         <input_file_ref idref="fl-11a"/>
      </object_component>
      <object_component id="oc-19a">
         <name>.text:memset</name>
         <load_address>0x4f0e</load_address>
         <readonly>true</readonly>
         <executable>true</executable>
         <run_address>0x4f0e</run_address>
         <size>0x62</size>
         <alignment>0x1</alignment>
         <input_file_ref idref="fl-127"/>
      </object_component>
      <object_component id="oc-f5">
         <name>.text.Grayscale_Read</name>
         <load_address>0x4f70</load_address>
         <readonly>true</readonly>
         <executable>true</executable>
         <run_address>0x4f70</run_address>
         <size>0x60</size>
         <alignment>0x4</alignment>
         <input_file_ref idref="fl-4"/>
      </object_component>
      <object_component id="oc-1a3">
         <name>.text.SYSCFG_DL_UART_0_init</name>
         <load_address>0x4fd0</load_address>
         <readonly>true</readonly>
         <executable>true</executable>
         <run_address>0x4fd0</run_address>
         <size>0x60</size>
         <alignment>0x4</alignment>
         <input_file_ref idref="fl-2"/>
      </object_component>
      <object_component id="oc-19b">
         <name>.text.SYSCFG_DL_initPower</name>
         <load_address>0x5030</load_address>
         <readonly>true</readonly>
         <executable>true</executable>
         <run_address>0x5030</run_address>
         <size>0x60</size>
         <alignment>0x4</alignment>
         <input_file_ref idref="fl-2"/>
      </object_component>
      <object_component id="oc-113">
         <name>.text.Steering_GetCorrection</name>
         <load_address>0x5090</load_address>
         <readonly>true</readonly>
         <executable>true</executable>
         <run_address>0x5090</run_address>
         <size>0x60</size>
         <alignment>0x4</alignment>
         <input_file_ref idref="fl-8"/>
      </object_component>
      <object_component id="oc-dd">
         <name>.text.UART_RxEnable</name>
         <load_address>0x50f0</load_address>
         <readonly>true</readonly>
         <executable>true</executable>
         <run_address>0x50f0</run_address>
         <size>0x50</size>
         <alignment>0x4</alignment>
         <input_file_ref idref="fl-a"/>
      </object_component>
      <object_component id="oc-1de">
         <name>.text.__fixdfsi</name>
         <load_address>0x5140</load_address>
         <readonly>true</readonly>
         <executable>true</executable>
         <run_address>0x5140</run_address>
         <size>0x4a</size>
         <alignment>0x4</alignment>
         <input_file_ref idref="fl-110"/>
      </object_component>
      <object_component id="oc-235">
         <name>.text.DL_UART_init</name>
         <load_address>0x518c</load_address>
         <readonly>true</readonly>
         <executable>true</executable>
         <run_address>0x518c</run_address>
         <size>0x48</size>
         <alignment>0x4</alignment>
         <input_file_ref idref="fl-1a"/>
      </object_component>
      <object_component id="oc-21f">
         <name>.text.DL_SYSCTL_switchMCLKfromSYSOSCtoHSCLK</name>
         <load_address>0x51d4</load_address>
         <readonly>true</readonly>
         <executable>true</executable>
         <run_address>0x51d4</run_address>
         <size>0x44</size>
         <alignment>0x4</alignment>
         <input_file_ref idref="fl-1b"/>
      </object_component>
      <object_component id="oc-1ae">
         <name>.text.GyroPID_Init</name>
         <load_address>0x5218</load_address>
         <readonly>true</readonly>
         <executable>true</executable>
         <run_address>0x5218</run_address>
         <size>0x44</size>
         <alignment>0x4</alignment>
         <input_file_ref idref="fl-5"/>
      </object_component>
      <object_component id="oc-1ad">
         <name>.text.LinePID_Init</name>
         <load_address>0x525c</load_address>
         <readonly>true</readonly>
         <executable>true</executable>
         <run_address>0x525c</run_address>
         <size>0x44</size>
         <alignment>0x4</alignment>
         <input_file_ref idref="fl-6"/>
      </object_component>
      <object_component id="oc-1d5">
         <name>.text.__fixunsdfsi</name>
         <load_address>0x52a0</load_address>
         <readonly>true</readonly>
         <executable>true</executable>
         <run_address>0x52a0</run_address>
         <size>0x42</size>
         <alignment>0x4</alignment>
         <input_file_ref idref="fl-112"/>
      </object_component>
      <object_component id="oc-d8">
         <name>.text.UART_Init</name>
         <load_address>0x52e4</load_address>
         <readonly>true</readonly>
         <executable>true</executable>
         <run_address>0x52e4</run_address>
         <size>0x40</size>
         <alignment>0x4</alignment>
         <input_file_ref idref="fl-a"/>
      </object_component>
      <object_component id="oc-94">
         <name>.text.__aeabi_uidivmod</name>
         <load_address>0x5324</load_address>
         <readonly>true</readonly>
         <executable>true</executable>
         <run_address>0x5324</run_address>
         <size>0x40</size>
         <alignment>0x4</alignment>
         <input_file_ref idref="fl-11e"/>
      </object_component>
      <object_component id="oc-102">
         <name>.text.__extendsfdf2</name>
         <load_address>0x5364</load_address>
         <readonly>true</readonly>
         <executable>true</executable>
         <run_address>0x5364</run_address>
         <size>0x40</size>
         <alignment>0x4</alignment>
         <input_file_ref idref="fl-10f"/>
      </object_component>
      <object_component id="oc-23e">
         <name>.text.atoi</name>
         <load_address>0x53a4</load_address>
         <readonly>true</readonly>
         <executable>true</executable>
         <run_address>0x53a4</run_address>
         <size>0x40</size>
         <alignment>0x4</alignment>
         <input_file_ref idref="fl-46"/>
      </object_component>
      <object_component id="oc-df">
         <name>.text.Steering_Init</name>
         <load_address>0x53e4</load_address>
         <readonly>true</readonly>
         <executable>true</executable>
         <run_address>0x53e4</run_address>
         <size>0x3c</size>
         <alignment>0x4</alignment>
         <input_file_ref idref="fl-8"/>
      </object_component>
      <object_component id="oc-98">
         <name>.text.__floatsisf</name>
         <load_address>0x5420</load_address>
         <readonly>true</readonly>
         <executable>true</executable>
         <run_address>0x5420</run_address>
         <size>0x3c</size>
         <alignment>0x4</alignment>
         <input_file_ref idref="fl-115"/>
      </object_component>
      <object_component id="oc-18e">
         <name>.text.__gtsf2</name>
         <load_address>0x545c</load_address>
         <readonly>true</readonly>
         <executable>true</executable>
         <run_address>0x545c</run_address>
         <size>0x3c</size>
         <alignment>0x4</alignment>
         <input_file_ref idref="fl-120"/>
      </object_component>
      <object_component id="oc-168">
         <name>.text:__TI_auto_init_nobinit_nopinit</name>
         <load_address>0x5498</load_address>
         <readonly>true</readonly>
         <executable>true</executable>
         <run_address>0x5498</run_address>
         <size>0x3c</size>
         <alignment>0x4</alignment>
         <input_file_ref idref="fl-38"/>
      </object_component>
      <object_component id="oc-189">
         <name>.text.__eqsf2</name>
         <load_address>0x54d4</load_address>
         <readonly>true</readonly>
         <executable>true</executable>
         <run_address>0x54d4</run_address>
         <size>0x3a</size>
         <alignment>0x4</alignment>
         <input_file_ref idref="fl-120"/>
      </object_component>
      <object_component id="oc-184">
         <name>.text.__muldsi3</name>
         <load_address>0x5510</load_address>
         <readonly>true</readonly>
         <executable>true</executable>
         <run_address>0x5510</run_address>
         <size>0x3a</size>
         <alignment>0x4</alignment>
         <input_file_ref idref="fl-10b"/>
      </object_component>
      <object_component id="oc-1a2">
         <name>.text.SYSCFG_DL_TIMER_0_init</name>
         <load_address>0x554c</load_address>
         <readonly>true</readonly>
         <executable>true</executable>
         <run_address>0x554c</run_address>
         <size>0x38</size>
         <alignment>0x4</alignment>
         <input_file_ref idref="fl-2"/>
      </object_component>
      <object_component id="oc-d3">
         <name>.text.SYSCFG_DL_init</name>
         <load_address>0x5584</load_address>
         <readonly>true</readonly>
         <executable>true</executable>
         <run_address>0x5584</run_address>
         <size>0x38</size>
         <alignment>0x4</alignment>
         <input_file_ref idref="fl-2"/>
      </object_component>
      <object_component id="oc-b8">
         <name>.text.__fixsfsi</name>
         <load_address>0x55bc</load_address>
         <readonly>true</readonly>
         <executable>true</executable>
         <run_address>0x55bc</run_address>
         <size>0x38</size>
         <alignment>0x4</alignment>
         <input_file_ref idref="fl-111"/>
      </object_component>
      <object_component id="oc-141">
         <name>.text.sprintf</name>
         <load_address>0x55f4</load_address>
         <readonly>true</readonly>
         <executable>true</executable>
         <run_address>0x55f4</run_address>
         <size>0x38</size>
         <alignment>0x4</alignment>
         <input_file_ref idref="fl-32"/>
      </object_component>
      <object_component id="oc-f4">
         <name>.text.trajectory_stop</name>
         <load_address>0x562c</load_address>
         <readonly>true</readonly>
         <executable>true</executable>
         <run_address>0x562c</run_address>
         <size>0x38</size>
         <alignment>0x4</alignment>
         <input_file_ref idref="fl-9"/>
      </object_component>
      <object_component id="oc-39">
         <name>.text.TIMG12_IRQHandler</name>
         <load_address>0x5664</load_address>
         <readonly>true</readonly>
         <executable>true</executable>
         <run_address>0x5664</run_address>
         <size>0x34</size>
         <alignment>0x4</alignment>
         <input_file_ref idref="fl-1"/>
      </object_component>
      <object_component id="oc-ac">
         <name>.text.__fixunssfsi</name>
         <load_address>0x5698</load_address>
         <readonly>true</readonly>
         <executable>true</executable>
         <run_address>0x5698</run_address>
         <size>0x32</size>
         <alignment>0x4</alignment>
         <input_file_ref idref="fl-113"/>
      </object_component>
      <object_component id="oc-ea">
         <name>.text.sscanf</name>
         <load_address>0x56cc</load_address>
         <readonly>true</readonly>
         <executable>true</executable>
         <run_address>0x56cc</run_address>
         <size>0x30</size>
         <alignment>0x4</alignment>
         <input_file_ref idref="fl-33"/>
      </object_component>
      <object_component id="oc-1a0">
         <name>.text.SYSCFG_DL_COMPARE_0_init</name>
         <load_address>0x56fc</load_address>
         <readonly>true</readonly>
         <executable>true</executable>
         <run_address>0x56fc</run_address>
         <size>0x2c</size>
         <alignment>0x4</alignment>
         <input_file_ref idref="fl-2"/>
      </object_component>
      <object_component id="oc-1a1">
         <name>.text.SYSCFG_DL_COMPARE_2_init</name>
         <load_address>0x5728</load_address>
         <readonly>true</readonly>
         <executable>true</executable>
         <run_address>0x5728</run_address>
         <size>0x2c</size>
         <alignment>0x4</alignment>
         <input_file_ref idref="fl-2"/>
      </object_component>
      <object_component id="oc-106">
         <name>.text.Steering_SetMode</name>
         <load_address>0x5754</load_address>
         <readonly>true</readonly>
         <executable>true</executable>
         <run_address>0x5754</run_address>
         <size>0x2c</size>
         <alignment>0x4</alignment>
         <input_file_ref idref="fl-8"/>
      </object_component>
      <object_component id="oc-1e2">
         <name>.text.__floatsidf</name>
         <load_address>0x5780</load_address>
         <readonly>true</readonly>
         <executable>true</executable>
         <run_address>0x5780</run_address>
         <size>0x2c</size>
         <alignment>0x4</alignment>
         <input_file_ref idref="fl-114"/>
      </object_component>
      <object_component id="oc-59">
         <name>.text:_c_int00_noargs</name>
         <load_address>0x57ac</load_address>
         <readonly>true</readonly>
         <executable>true</executable>
         <run_address>0x57ac</run_address>
         <size>0x28</size>
         <alignment>0x4</alignment>
         <input_file_ref idref="fl-36"/>
      </object_component>
      <object_component id="oc-1d9">
         <name>.text.__floatunsidf</name>
         <load_address>0x57d4</load_address>
         <readonly>true</readonly>
         <executable>true</executable>
         <run_address>0x57d4</run_address>
         <size>0x24</size>
         <alignment>0x4</alignment>
         <input_file_ref idref="fl-116"/>
      </object_component>
      <object_component id="oc-2ae">
         <name>.text.__muldi3</name>
         <load_address>0x57f8</load_address>
         <readonly>true</readonly>
         <executable>true</executable>
         <run_address>0x57f8</run_address>
         <size>0x24</size>
         <alignment>0x4</alignment>
         <input_file_ref idref="fl-117"/>
      </object_component>
      <object_component id="oc-139">
         <name>.text.motor_control_set_duty</name>
         <load_address>0x581c</load_address>
         <readonly>true</readonly>
         <executable>true</executable>
         <run_address>0x581c</run_address>
         <size>0x24</size>
         <alignment>0x4</alignment>
         <input_file_ref idref="fl-7"/>
      </object_component>
      <object_component id="oc-e9">
         <name>.text.UART_ReadByte</name>
         <load_address>0x5840</load_address>
         <readonly>true</readonly>
         <executable>true</executable>
         <run_address>0x5840</run_address>
         <size>0x22</size>
         <alignment>0x2</alignment>
         <input_file_ref idref="fl-a"/>
      </object_component>
      <object_component id="oc-2c2">
         <name>.text.memccpy</name>
         <load_address>0x5862</load_address>
         <readonly>true</readonly>
         <executable>true</executable>
         <run_address>0x5862</run_address>
         <size>0x22</size>
         <alignment>0x2</alignment>
         <input_file_ref idref="fl-48"/>
      </object_component>
      <object_component id="oc-f0">
         <name>.text.memcmp</name>
         <load_address>0x5884</load_address>
         <readonly>true</readonly>
         <executable>true</executable>
         <run_address>0x5884</run_address>
         <size>0x20</size>
         <alignment>0x2</alignment>
         <input_file_ref idref="fl-35"/>
      </object_component>
      <object_component id="oc-2f6">
         <name>.text.__ashldi3</name>
         <load_address>0x58a4</load_address>
         <readonly>true</readonly>
         <executable>true</executable>
         <run_address>0x58a4</run_address>
         <size>0x1e</size>
         <alignment>0x4</alignment>
         <input_file_ref idref="fl-122"/>
      </object_component>
      <object_component id="oc-288">
         <name>.text.DL_SYSCTL_configFCC</name>
         <load_address>0x58c4</load_address>
         <readonly>true</readonly>
         <executable>true</executable>
         <run_address>0x58c4</run_address>
         <size>0x1c</size>
         <alignment>0x4</alignment>
         <input_file_ref idref="fl-1b"/>
      </object_component>
      <object_component id="oc-224">
         <name>.text.DL_Timer_setCaptCompUpdateMethod</name>
         <load_address>0x58e0</load_address>
         <readonly>true</readonly>
         <executable>true</executable>
         <run_address>0x58e0</run_address>
         <size>0x1c</size>
         <alignment>0x4</alignment>
         <input_file_ref idref="fl-19"/>
      </object_component>
      <object_component id="oc-221">
         <name>.text.DL_Timer_setClockConfig</name>
         <load_address>0x58fc</load_address>
         <readonly>true</readonly>
         <executable>true</executable>
         <run_address>0x58fc</run_address>
         <size>0x1c</size>
         <alignment>0x4</alignment>
         <input_file_ref idref="fl-19"/>
      </object_component>
      <object_component id="oc-138">
         <name>.text.GyroPID_SetKd</name>
         <load_address>0x5918</load_address>
         <readonly>true</readonly>
         <executable>true</executable>
         <run_address>0x5918</run_address>
         <size>0x1c</size>
         <alignment>0x4</alignment>
         <input_file_ref idref="fl-5"/>
      </object_component>
      <object_component id="oc-112">
         <name>.text.GyroPID_SetKi</name>
         <load_address>0x5934</load_address>
         <readonly>true</readonly>
         <executable>true</executable>
         <run_address>0x5934</run_address>
         <size>0x1c</size>
         <alignment>0x4</alignment>
         <input_file_ref idref="fl-5"/>
      </object_component>
      <object_component id="oc-10b">
         <name>.text.GyroPID_SetKp</name>
         <load_address>0x5950</load_address>
         <readonly>true</readonly>
         <executable>true</executable>
         <run_address>0x5950</run_address>
         <size>0x1c</size>
         <alignment>0x4</alignment>
         <input_file_ref idref="fl-5"/>
      </object_component>
      <object_component id="oc-109">
         <name>.text.LinePID_SetKd</name>
         <load_address>0x596c</load_address>
         <readonly>true</readonly>
         <executable>true</executable>
         <run_address>0x596c</run_address>
         <size>0x1c</size>
         <alignment>0x4</alignment>
         <input_file_ref idref="fl-6"/>
      </object_component>
      <object_component id="oc-108">
         <name>.text.LinePID_SetKi</name>
         <load_address>0x5988</load_address>
         <readonly>true</readonly>
         <executable>true</executable>
         <run_address>0x5988</run_address>
         <size>0x1c</size>
         <alignment>0x4</alignment>
         <input_file_ref idref="fl-6"/>
      </object_component>
      <object_component id="oc-fc">
         <name>.text.LinePID_SetKp</name>
         <load_address>0x59a4</load_address>
         <readonly>true</readonly>
         <executable>true</executable>
         <run_address>0x59a4</run_address>
         <size>0x1c</size>
         <alignment>0x4</alignment>
         <input_file_ref idref="fl-6"/>
      </object_component>
      <object_component id="oc-13e">
         <name>.text.motor_control_get_actual_rpm</name>
         <load_address>0x59c0</load_address>
         <readonly>true</readonly>
         <executable>true</executable>
         <run_address>0x59c0</run_address>
         <size>0x1c</size>
         <alignment>0x4</alignment>
         <input_file_ref idref="fl-7"/>
      </object_component>
      <object_component id="oc-13f">
         <name>.text.motor_control_get_duty</name>
         <load_address>0x59dc</load_address>
         <readonly>true</readonly>
         <executable>true</executable>
         <run_address>0x59dc</run_address>
         <size>0x1c</size>
         <alignment>0x4</alignment>
         <input_file_ref idref="fl-7"/>
      </object_component>
      <object_component id="oc-140">
         <name>.text.motor_control_get_freq</name>
         <load_address>0x59f8</load_address>
         <readonly>true</readonly>
         <executable>true</executable>
         <run_address>0x59f8</run_address>
         <size>0x1c</size>
         <alignment>0x4</alignment>
         <input_file_ref idref="fl-7"/>
      </object_component>
      <object_component id="oc-13d">
         <name>.text.motor_control_get_target_rpm</name>
         <load_address>0x5a14</load_address>
         <readonly>true</readonly>
         <executable>true</executable>
         <run_address>0x5a14</run_address>
         <size>0x1c</size>
         <alignment>0x4</alignment>
         <input_file_ref idref="fl-7"/>
      </object_component>
      <object_component id="oc-137">
         <name>.text.motor_control_stop</name>
         <load_address>0x5a30</load_address>
         <readonly>true</readonly>
         <executable>true</executable>
         <run_address>0x5a30</run_address>
         <size>0x1c</size>
         <alignment>0x4</alignment>
         <input_file_ref idref="fl-7"/>
      </object_component>
      <object_component id="oc-223">
         <name>.text.DL_Timer_setCaptureCompareOutCtl</name>
         <load_address>0x5a4c</load_address>
         <readonly>true</readonly>
         <executable>true</executable>
         <run_address>0x5a4c</run_address>
         <size>0x18</size>
         <alignment>0x4</alignment>
         <input_file_ref idref="fl-19"/>
      </object_component>
      <object_component id="oc-1fd">
         <name>.text._outs</name>
         <load_address>0x5a64</load_address>
         <readonly>true</readonly>
         <executable>true</executable>
         <run_address>0x5a64</run_address>
         <size>0x18</size>
         <alignment>0x2</alignment>
         <input_file_ref idref="fl-32"/>
      </object_component>
      <object_component id="oc-13c">
         <name>.text.motor_control_set_kd</name>
         <load_address>0x5a7c</load_address>
         <readonly>true</readonly>
         <executable>true</executable>
         <run_address>0x5a7c</run_address>
         <size>0x18</size>
         <alignment>0x4</alignment>
         <input_file_ref idref="fl-7"/>
      </object_component>
      <object_component id="oc-13b">
         <name>.text.motor_control_set_ki</name>
         <load_address>0x5a94</load_address>
         <readonly>true</readonly>
         <executable>true</executable>
         <run_address>0x5a94</run_address>
         <size>0x18</size>
         <alignment>0x4</alignment>
         <input_file_ref idref="fl-7"/>
      </object_component>
      <object_component id="oc-13a">
         <name>.text.motor_control_set_kp</name>
         <load_address>0x5aac</load_address>
         <readonly>true</readonly>
         <executable>true</executable>
         <run_address>0x5aac</run_address>
         <size>0x18</size>
         <alignment>0x4</alignment>
         <input_file_ref idref="fl-7"/>
      </object_component>
      <object_component id="oc-1ed">
         <name>.text.GyroPID_Reset</name>
         <load_address>0x5ac4</load_address>
         <readonly>true</readonly>
         <executable>true</executable>
         <run_address>0x5ac4</run_address>
         <size>0x14</size>
         <alignment>0x4</alignment>
         <input_file_ref idref="fl-5"/>
      </object_component>
      <object_component id="oc-1ee">
         <name>.text.LinePID_Reset</name>
         <load_address>0x5ad8</load_address>
         <readonly>true</readonly>
         <executable>true</executable>
         <run_address>0x5ad8</run_address>
         <size>0x14</size>
         <alignment>0x4</alignment>
         <input_file_ref idref="fl-6"/>
      </object_component>
      <object_component id="oc-2b2">
         <name>.text.__aeabi_uldivmod</name>
         <load_address>0x5aec</load_address>
         <readonly>true</readonly>
         <executable>true</executable>
         <run_address>0x5aec</run_address>
         <size>0x14</size>
         <alignment>0x4</alignment>
         <input_file_ref idref="fl-11f"/>
      </object_component>
      <object_component id="oc-1bf">
         <name>.text._inpchar</name>
         <load_address>0x5b00</load_address>
         <readonly>true</readonly>
         <executable>true</executable>
         <run_address>0x5b00</run_address>
         <size>0x14</size>
         <alignment>0x2</alignment>
         <input_file_ref idref="fl-33"/>
      </object_component>
      <object_component id="oc-22f">
         <name>.text.DL_UART_setClockConfig</name>
         <load_address>0x5b14</load_address>
         <readonly>true</readonly>
         <executable>true</executable>
         <run_address>0x5b14</run_address>
         <size>0x12</size>
         <alignment>0x2</alignment>
         <input_file_ref idref="fl-1a"/>
      </object_component>
      <object_component id="oc-20">
         <name>.text:decompress:none</name>
         <load_address>0x5b26</load_address>
         <readonly>true</readonly>
         <executable>true</executable>
         <run_address>0x5b26</run_address>
         <size>0x12</size>
         <alignment>0x2</alignment>
         <input_file_ref idref="fl-3c"/>
      </object_component>
      <object_component id="oc-8e">
         <name>.text.DL_Timer_setCaptureCompareValue</name>
         <load_address>0x5b38</load_address>
         <readonly>true</readonly>
         <executable>true</executable>
         <run_address>0x5b38</run_address>
         <size>0x10</size>
         <alignment>0x4</alignment>
         <input_file_ref idref="fl-19"/>
      </object_component>
      <object_component id="oc-34">
         <name>.text.UART0_IRQHandler</name>
         <load_address>0x5b48</load_address>
         <readonly>true</readonly>
         <executable>true</executable>
         <run_address>0x5b48</run_address>
         <size>0x10</size>
         <alignment>0x4</alignment>
         <input_file_ref idref="fl-a"/>
      </object_component>
      <object_component id="oc-e5">
         <name>.text.trajectory_enable_closed_loop</name>
         <load_address>0x5b58</load_address>
         <readonly>true</readonly>
         <executable>true</executable>
         <run_address>0x5b58</run_address>
         <size>0x10</size>
         <alignment>0x4</alignment>
         <input_file_ref idref="fl-9"/>
      </object_component>
      <object_component id="oc-56">
         <name>.text:decompress:ZI</name>
         <load_address>0x5b68</load_address>
         <readonly>true</readonly>
         <executable>true</executable>
         <run_address>0x5b68</run_address>
         <size>0x10</size>
         <alignment>0x2</alignment>
         <input_file_ref idref="fl-3b"/>
      </object_component>
      <object_component id="oc-245">
         <name>.text.OUTLINED_FUNCTION_1</name>
         <load_address>0x5b78</load_address>
         <readonly>true</readonly>
         <executable>true</executable>
         <run_address>0x5b78</run_address>
         <size>0xe</size>
         <alignment>0x2</alignment>
         <input_file_ref idref="fl-3f"/>
      </object_component>
      <object_component id="oc-252">
         <name>.text.OUTLINED_FUNCTION_2</name>
         <load_address>0x5b86</load_address>
         <readonly>true</readonly>
         <executable>true</executable>
         <run_address>0x5b86</run_address>
         <size>0xe</size>
         <alignment>0x2</alignment>
         <input_file_ref idref="fl-3f"/>
      </object_component>
      <object_component id="oc-23c">
         <name>.text.OUTLINED_FUNCTION_4</name>
         <load_address>0x5b94</load_address>
         <readonly>true</readonly>
         <executable>true</executable>
         <run_address>0x5b94</run_address>
         <size>0xe</size>
         <alignment>0x2</alignment>
         <input_file_ref idref="fl-3f"/>
      </object_component>
      <object_component id="oc-2c1">
         <name>.text.__aeabi_memset</name>
         <load_address>0x5ba4</load_address>
         <readonly>true</readonly>
         <executable>true</executable>
         <run_address>0x5ba4</run_address>
         <size>0xe</size>
         <alignment>0x4</alignment>
         <input_file_ref idref="fl-11d"/>
      </object_component>
      <object_component id="oc-2c0">
         <name>.text.strlen</name>
         <load_address>0x5bb2</load_address>
         <readonly>true</readonly>
         <executable>true</executable>
         <run_address>0x5bb2</run_address>
         <size>0xe</size>
         <alignment>0x2</alignment>
         <input_file_ref idref="fl-3e"/>
      </object_component>
      <object_component id="oc-1f7">
         <name>.text.LinePID_LineDetected</name>
         <load_address>0x5bc0</load_address>
         <readonly>true</readonly>
         <executable>true</executable>
         <run_address>0x5bc0</run_address>
         <size>0xc</size>
         <alignment>0x2</alignment>
         <input_file_ref idref="fl-6"/>
      </object_component>
      <object_component id="oc-7a">
         <name>.text.__aeabi_memclr</name>
         <load_address>0x5bcc</load_address>
         <readonly>true</readonly>
         <executable>true</executable>
         <run_address>0x5bcc</run_address>
         <size>0xc</size>
         <alignment>0x4</alignment>
         <input_file_ref idref="fl-11d"/>
      </object_component>
      <object_component id="oc-e4">
         <name>.text.trajectory_set_feedback</name>
         <load_address>0x5bd8</load_address>
         <readonly>true</readonly>
         <executable>true</executable>
         <run_address>0x5bd8</run_address>
         <size>0xc</size>
         <alignment>0x4</alignment>
         <input_file_ref idref="fl-9"/>
      </object_component>
      <object_component id="oc-d9">
         <name>.text.DL_Common_delayCycles</name>
         <load_address>0x5be4</load_address>
         <readonly>true</readonly>
         <executable>true</executable>
         <run_address>0x5be4</run_address>
         <size>0xa</size>
         <alignment>0x2</alignment>
         <input_file_ref idref="fl-18"/>
      </object_component>
      <object_component id="oc-1fe">
         <name>.text._outc</name>
         <load_address>0x5bee</load_address>
         <readonly>true</readonly>
         <executable>true</executable>
         <run_address>0x5bee</run_address>
         <size>0xa</size>
         <alignment>0x2</alignment>
         <input_file_ref idref="fl-32"/>
      </object_component>
      <object_component id="oc-244">
         <name>.text.OUTLINED_FUNCTION_0</name>
         <load_address>0x5bf8</load_address>
         <readonly>true</readonly>
         <executable>true</executable>
         <run_address>0x5bf8</run_address>
         <size>0x8</size>
         <alignment>0x2</alignment>
         <input_file_ref idref="fl-3f"/>
      </object_component>
      <object_component id="oc-292">
         <name>.text.OUTLINED_FUNCTION_0</name>
         <load_address>0x5c00</load_address>
         <readonly>true</readonly>
         <executable>true</executable>
         <run_address>0x5c00</run_address>
         <size>0x8</size>
         <alignment>0x2</alignment>
         <input_file_ref idref="fl-4a"/>
      </object_component>
      <object_component id="oc-293">
         <name>.text.OUTLINED_FUNCTION_1</name>
         <load_address>0x5c08</load_address>
         <readonly>true</readonly>
         <executable>true</executable>
         <run_address>0x5c08</run_address>
         <size>0x8</size>
         <alignment>0x2</alignment>
         <input_file_ref idref="fl-4a"/>
      </object_component>
      <object_component id="oc-34e">
         <name>.tramp.__aeabi_dcmpeq.1</name>
         <load_address>0x5c10</load_address>
         <readonly>true</readonly>
         <executable>true</executable>
         <run_address>0x5c10</run_address>
         <size>0x10</size>
         <alignment>0x4</alignment>
         <input_file_ref idref="fl-119"/>
      </object_component>
      <object_component id="oc-294">
         <name>.text.__aeabi_errno_addr</name>
         <load_address>0x5c20</load_address>
         <readonly>true</readonly>
         <executable>true</executable>
         <run_address>0x5c20</run_address>
         <size>0x8</size>
         <alignment>0x4</alignment>
         <input_file_ref idref="fl-40"/>
      </object_component>
      <object_component id="oc-49">
         <name>.text.__aeabi_memcpy</name>
         <load_address>0x5c28</load_address>
         <readonly>true</readonly>
         <executable>true</executable>
         <run_address>0x5c28</run_address>
         <size>0x8</size>
         <alignment>0x4</alignment>
         <input_file_ref idref="fl-11c"/>
[...]
         <object_component_ref idref="oc-d9"/>
      </symbol>
      <symbol id="sm-26d">
         <name>DL_Timer_setClockConfig</name>
         <value>0x58fd</value>
         <object_component_ref idref="oc-221"/>
      </symbol>
      <symbol id="sm-26e">
         <name>DL_Timer_initTimerMode</name>
         <value>0x3a8d</value>
         <object_component_ref idref="oc-22c"/>
      </symbol>
      <symbol id="sm-26f">
         <name>DL_Timer_setCaptureCompareValue</name>
         <value>0x5b39</value>
         <object_component_ref idref="oc-8e"/>
      </symbol>
      <symbol id="sm-270">
         <name>DL_Timer_initCompareMode</name>
         <value>0x46e9</value>
         <object_component_ref idref="oc-227"/>
      </symbol>
      <symbol id="sm-271">
         <name>DL_Timer_setCaptCompUpdateMethod</name>
         <value>0x58e1</value>
         <object_component_ref idref="oc-224"/>
      </symbol>
      <symbol id="sm-272">
         <name>DL_Timer_setCaptureCompareOutCtl</name>
         <value>0x5a4d</value>
         <object_component_ref idref="oc-223"/>
      </symbol>
      <symbol id="sm-273">
         <name>DL_Timer_initFourCCPWMMode</name>
         <value>0x3989</value>
         <object_component_ref idref="oc-222"/>
      </symbol>
      <symbol id="sm-280">
         <name>DL_UART_init</name>
         <value>0x518d</value>
         <object_component_ref idref="oc-235"/>
      </symbol>
      <symbol id="sm-281">
         <name>DL_UART_setClockConfig</name>
         <value>0x5b15</value>
         <object_component_ref idref="oc-22f"/>
      </symbol>
      <symbol id="sm-295">
         <name>DL_SYSCTL_configSYSPLL</name>
         <value>0x400d</value>
         <object_component_ref idref="oc-21d"/>
      </symbol>
      <symbol id="sm-296">
         <name>DL_SYSCTL_switchMCLKfromSYSOSCtoHSCLK</name>
         <value>0x51d5</value>
         <object_component_ref idref="oc-21f"/>
      </symbol>
      <symbol id="sm-297">
         <name>DL_SYSCTL_setHFCLKSourceHFXTParams</name>
         <value>0x4d81</value>
         <object_component_ref idref="oc-217"/>
      </symbol>
      <symbol id="sm-298">
         <name>DL_SYSCTL_configFCC</name>
         <value>0x58c5</value>
         <object_component_ref idref="oc-288"/>
      </symbol>
      <symbol id="sm-2a9">
         <name>sprintf</name>
         <value>0x55f5</value>
         <object_component_ref idref="oc-141"/>
      </symbol>
      <symbol id="sm-2be">
         <name>sscanf</name>
         <value>0x56cd</value>
         <object_component_ref idref="oc-ea"/>
      </symbol>
      <symbol id="sm-2bf">
         <name>__aeabi_ctype_table_</name>
         <value>0x5c50</value>
         <object_component_ref idref="oc-242"/>
      </symbol>
      <symbol id="sm-2c0">
         <name>__aeabi_ctype_table_C</name>
         <value>0x5c50</value>
         <object_component_ref idref="oc-242"/>
      </symbol>
      <symbol id="sm-2c9">
         <name>memcmp</name>
         <value>0x5885</value>
         <object_component_ref idref="oc-f0"/>
      </symbol>
      <symbol id="sm-2d4">
         <name>_c_int00_noargs</name>
         <value>0x57ad</value>
         <object_component_ref idref="oc-59"/>
      </symbol>
      <symbol id="sm-2d5">
         <name>__stack</name>
         <value>0x20207e00</value>
         <object_component_ref idref="oc-1a"/>
      </symbol>
      <symbol id="sm-2e1">
         <name>__TI_auto_init_nobinit_nopinit</name>
         <value>0x5499</value>
         <object_component_ref idref="oc-168"/>
      </symbol>
      <symbol id="sm-2e9">
         <name>_system_pre_init</name>
         <value>0x5c4d</value>
         <object_component_ref idref="oc-7f"/>
      </symbol>
      <symbol id="sm-2f4">
         <name>__TI_zero_init</name>
         <value>0x5b69</value>
         <object_component_ref idref="oc-56"/>
      </symbol>
      <symbol id="sm-2fd">
         <name>__TI_decompress_none</name>
         <value>0x5b27</value>
         <object_component_ref idref="oc-20"/>
      </symbol>
      <symbol id="sm-308">
         <name>__TI_decompress_lzss</name>
         <value>0x4ac5</value>
         <object_component_ref idref="oc-1c"/>
      </symbol>
      <symbol id="sm-31e">
         <name>__TI_printfi_minimal</name>
         <value>0x2b11</value>
         <object_component_ref idref="oc-273"/>
      </symbol>
      <symbol id="sm-345">
         <name>__TI_scanfi</name>
         <value>0x106d</value>
         <object_component_ref idref="oc-1b8"/>
      </symbol>
      <symbol id="sm-350">
         <name>__aeabi_errno_addr</name>
         <value>0x5c21</value>
         <object_component_ref idref="oc-294"/>
      </symbol>
      <symbol id="sm-351">
         <name>__aeabi_errno</name>
         <value>0x2020054c</value>
         <object_component_ref idref="oc-2d2"/>
      </symbol>
      <symbol id="sm-35b">
         <name>abort</name>
         <value>0x5c3f</value>
         <object_component_ref idref="oc-161"/>
      </symbol>
      <symbol id="sm-369">
         <name>atoi</name>
         <value>0x53a5</value>
         <object_component_ref idref="oc-23e"/>
      </symbol>
      <symbol id="sm-373">
         <name>memccpy</name>
         <value>0x5863</value>
         <object_component_ref idref="oc-2c2"/>
      </symbol>
      <symbol id="sm-389">
         <name>strtod</name>
         <value>0x24b1</value>
         <object_component_ref idref="oc-248"/>
      </symbol>
      <symbol id="sm-38a">
         <name>strtold</name>
         <value>0x24b1</value>
         <object_component_ref idref="oc-248"/>
      </symbol>
      <symbol id="sm-395">
         <name>strtol</name>
         <value>0x360d</value>
         <object_component_ref idref="oc-257"/>
      </symbol>
      <symbol id="sm-3a0">
         <name>strtoll</name>
         <value>0x2fb5</value>
         <object_component_ref idref="oc-25f"/>
      </symbol>
      <symbol id="sm-3ab">
         <name>strtoul</name>
         <value>0x3751</value>
         <object_component_ref idref="oc-253"/>
      </symbol>
      <symbol id="sm-3b6">
         <name>strtoull</name>
         <value>0x34a1</value>
         <object_component_ref idref="oc-25b"/>
      </symbol>
      <symbol id="sm-3c1">
         <name>scalbn</name>
         <value>0x40e9</value>
         <object_component_ref idref="oc-299"/>
      </symbol>
      <symbol id="sm-3c2">
         <name>ldexp</name>
         <value>0x40e9</value>
         <object_component_ref idref="oc-299"/>
      </symbol>
      <symbol id="sm-3c3">
         <name>scalbnl</name>
         <value>0x40e9</value>
         <object_component_ref idref="oc-299"/>
      </symbol>
      <symbol id="sm-3c4">
         <name>ldexpl</name>
         <value>0x40e9</value>
         <object_component_ref idref="oc-299"/>
      </symbol>
      <symbol id="sm-3d4">
         <name>HOSTexit</name>
         <value>0x5c45</value>
         <object_component_ref idref="oc-201"/>
      </symbol>
      <symbol id="sm-3d5">
         <name>C$$EXIT</name>
         <value>0x5c44</value>
         <object_component_ref idref="oc-201"/>
      </symbol>
      <symbol id="sm-3ea">
         <name>__aeabi_fadd</name>
         <value>0x41cb</value>
         <object_component_ref idref="oc-9c"/>
      </symbol>
      <symbol id="sm-3eb">
         <name>__addsf3</name>
         <value>0x41cb</value>
         <object_component_ref idref="oc-9c"/>
      </symbol>
      <symbol id="sm-3ec">
         <name>__aeabi_fsub</name>
         <value>0x41c1</value>
         <object_component_ref idref="oc-9c"/>
      </symbol>
      <symbol id="sm-3ed">
         <name>__subsf3</name>
         <value>0x41c1</value>
         <object_component_ref idref="oc-9c"/>
      </symbol>
      <symbol id="sm-3f3">
         <name>__aeabi_dadd</name>
         <value>0x319f</value>
         <object_component_ref idref="oc-1d1"/>
      </symbol>
      <symbol id="sm-3f4">
         <name>__adddf3</name>
         <value>0x319f</value>
         <object_component_ref idref="oc-1d1"/>
      </symbol>
      <symbol id="sm-3f5">
         <name>__aeabi_dsub</name>
         <value>0x3195</value>
         <object_component_ref idref="oc-1d1"/>
      </symbol>
      <symbol id="sm-3f6">
         <name>__subdf3</name>
         <value>0x3195</value>
         <object_component_ref idref="oc-1d1"/>
      </symbol>
      <symbol id="sm-3fc">
         <name>__aeabi_dmul</name>
         <value>0x3e49</value>
         <object_component_ref idref="oc-1cd"/>
      </symbol>
      <symbol id="sm-3fd">
         <name>__muldf3</name>
         <value>0x3e49</value>
         <object_component_ref idref="oc-1cd"/>
      </symbol>
      <symbol id="sm-403">
         <name>__muldsi3</name>
         <value>0x5511</value>
         <object_component_ref idref="oc-184"/>
      </symbol>
      <symbol id="sm-409">
         <name>__aeabi_fmul</name>
         <value>0x48b1</value>
         <object_component_ref idref="oc-a0"/>
      </symbol>
      <symbol id="sm-40a">
         <name>__mulsf3</name>
         <value>0x48b1</value>
         <object_component_ref idref="oc-a0"/>
      </symbol>
      <symbol id="sm-410">
         <name>__aeabi_fdiv</name>
         <value>0x49c1</value>
         <object_component_ref idref="oc-a8"/>
      </symbol>
      <symbol id="sm-411">
         <name>__divsf3</name>
         <value>0x49c1</value>
         <object_component_ref idref="oc-a8"/>
      </symbol>
      <symbol id="sm-417">
         <name>__aeabi_ddiv</name>
         <value>0x387d</value>
         <object_component_ref idref="oc-29d"/>
      </symbol>
      <symbol id="sm-418">
         <name>__divdf3</name>
         <value>0x387d</value>
         <object_component_ref idref="oc-29d"/>
      </symbol>
      <symbol id="sm-41e">
         <name>__aeabi_f2d</name>
         <value>0x5365</value>
         <object_component_ref idref="oc-102"/>
      </symbol>
      <symbol id="sm-41f">
         <name>__extendsfdf2</name>
         <value>0x5365</value>
         <object_component_ref idref="oc-102"/>
      </symbol>
      <symbol id="sm-425">
         <name>__aeabi_d2iz</name>
         <value>0x5141</value>
         <object_component_ref idref="oc-1de"/>
      </symbol>
      <symbol id="sm-426">
         <name>__fixdfsi</name>
         <value>0x5141</value>
         <object_component_ref idref="oc-1de"/>
      </symbol>
      <symbol id="sm-42c">
         <name>__aeabi_f2iz</name>
         <value>0x55bd</value>
         <object_component_ref idref="oc-b8"/>
      </symbol>
      <symbol id="sm-42d">
         <name>__fixsfsi</name>
         <value>0x55bd</value>
         <object_component_ref idref="oc-b8"/>
      </symbol>
      <symbol id="sm-433">
         <name>__aeabi_d2uiz</name>
         <value>0x52a1</value>
         <object_component_ref idref="oc-1d5"/>
      </symbol>
      <symbol id="sm-434">
         <name>__fixunsdfsi</name>
         <value>0x52a1</value>
         <object_component_ref idref="oc-1d5"/>
      </symbol>
      <symbol id="sm-43a">
         <name>__aeabi_f2uiz</name>
         <value>0x5699</value>
         <object_component_ref idref="oc-ac"/>
      </symbol>
      <symbol id="sm-43b">
         <name>__fixunssfsi</name>
         <value>0x5699</value>
         <object_component_ref idref="oc-ac"/>
      </symbol>
      <symbol id="sm-441">
         <name>__aeabi_i2d</name>
         <value>0x5781</value>
         <object_component_ref idref="oc-1e2"/>
      </symbol>
      <symbol id="sm-442">
         <name>__floatsidf</name>
         <value>0x5781</value>
         <object_component_ref idref="oc-1e2"/>
      </symbol>
      <symbol id="sm-448">
         <name>__aeabi_i2f</name>
         <value>0x5421</value>
         <object_component_ref idref="oc-98"/>
      </symbol>
      <symbol id="sm-449">
         <name>__floatsisf</name>
         <value>0x5421</value>
         <object_component_ref idref="oc-98"/>
      </symbol>
      <symbol id="sm-44f">
         <name>__aeabi_ui2d</name>
         <value>0x57d5</value>
         <object_component_ref idref="oc-1d9"/>
      </symbol>
      <symbol id="sm-450">
         <name>__floatunsidf</name>
         <value>0x57d5</value>
         <object_component_ref idref="oc-1d9"/>
      </symbol>
      <symbol id="sm-456">
         <name>__aeabi_lmul</name>
         <value>0x57f9</value>
         <object_component_ref idref="oc-2ae"/>
      </symbol>
      <symbol id="sm-457">
         <name>__muldi3</name>
         <value>0x57f9</value>
         <object_component_ref idref="oc-2ae"/>
      </symbol>
      <symbol id="sm-45e">
         <name>__aeabi_d2f</name>
         <value>0x4c31</value>
         <object_component_ref idref="oc-24e"/>
      </symbol>
      <symbol id="sm-45f">
         <name>__truncdfsf2</name>
         <value>0x4c31</value>
         <object_component_ref idref="oc-24e"/>
      </symbol>
      <symbol id="sm-465">
         <name>__aeabi_dcmpeq</name>
         <value>0x4e49</value>
         <object_component_ref idref="oc-1c9"/>
      </symbol>
      <symbol id="sm-466">
         <name>__aeabi_dcmplt</name>
         <value>0x4e5d</value>
         <object_component_ref idref="oc-1c9"/>
      </symbol>
      <symbol id="sm-467">
         <name>__aeabi_dcmple</name>
         <value>0x4e71</value>
         <object_component_ref idref="oc-1c9"/>
      </symbol>
      <symbol id="sm-468">
         <name>__aeabi_dcmpge</name>
         <value>0x4e85</value>
         <object_component_ref idref="oc-1c9"/>
      </symbol>
      <symbol id="sm-469">
         <name>__aeabi_dcmpgt</name>
         <value>0x4e99</value>
         <object_component_ref idref="oc-1c9"/>
      </symbol>
      <symbol id="sm-472">
         <name>__aeabi_fcmpeq</name>
         <value>0x4ead</value>
         <object_component_ref idref="oc-a4"/>
      </symbol>
      <symbol id="sm-473">
         <name>__aeabi_fcmplt</name>
         <value>0x4ec1</value>
         <object_component_ref idref="oc-a4"/>
      </symbol>
      <symbol id="sm-474">
         <name>__aeabi_fcmple</name>
         <value>0x4ed5</value>
         <object_component_ref idref="oc-a4"/>
      </symbol>
      <symbol id="sm-475">
         <name>__aeabi_fcmpge</name>
         <value>0x4ee9</value>
         <object_component_ref idref="oc-a4"/>
      </symbol>
      <symbol id="sm-476">
         <name>__aeabi_fcmpgt</name>
         <value>0x4efd</value>
         <object_component_ref idref="oc-a4"/>
      </symbol>
      <symbol id="sm-47c">
         <name>__aeabi_memcpy</name>
         <value>0x5c29</value>
         <object_component_ref idref="oc-49"/>
      </symbol>
      <symbol id="sm-47d">
         <name>__aeabi_memcpy4</name>
         <value>0x5c29</value>
         <object_component_ref idref="oc-49"/>
      </symbol>
      <symbol id="sm-47e">
         <name>__aeabi_memcpy8</name>
         <value>0x5c29</value>
         <object_component_ref idref="oc-49"/>
      </symbol>
      <symbol id="sm-487">
         <name>__aeabi_memset</name>
         <value>0x5ba5</value>
         <object_component_ref idref="oc-2c1"/>
      </symbol>
      <symbol id="sm-488">
         <name>__aeabi_memset4</name>
         <value>0x5ba5</value>
         <object_component_ref idref="oc-2c1"/>
      </symbol>
      <symbol id="sm-489">
         <name>__aeabi_memset8</name>
         <value>0x5ba5</value>
         <object_component_ref idref="oc-2c1"/>
      </symbol>
      <symbol id="sm-48a">
         <name>__aeabi_memclr</name>
         <value>0x5bcd</value>
         <object_component_ref idref="oc-7a"/>
      </symbol>
      <symbol id="sm-48b">
         <name>__aeabi_memclr4</name>
         <value>0x5bcd</value>
         <object_component_ref idref="oc-7a"/>
      </symbol>
      <symbol id="sm-48c">
         <name>__aeabi_memclr8</name>
         <value>0x5bcd</value>
         <object_component_ref idref="oc-7a"/>
      </symbol>
      <symbol id="sm-492">
         <name>__aeabi_uidiv</name>
         <value>0x5325</value>
         <object_component_ref idref="oc-94"/>
      </symbol>
      <symbol id="sm-493">
         <name>__aeabi_uidivmod</name>
         <value>0x5325</value>
         <object_component_ref idref="oc-94"/>
      </symbol>
      <symbol id="sm-499">
         <name>__aeabi_uldivmod</name>
         <value>0x5aed</value>
         <object_component_ref idref="oc-2b2"/>
      </symbol>
      <symbol id="sm-4a2">
         <name>__eqsf2</name>
         <value>0x54d5</value>
         <object_component_ref idref="oc-189"/>
      </symbol>
      <symbol id="sm-4a3">
         <name>__lesf2</name>
         <value>0x54d5</value>
         <object_component_ref idref="oc-189"/>
      </symbol>
      <symbol id="sm-4a4">
         <name>__ltsf2</name>
         <value>0x54d5</value>
         <object_component_ref idref="oc-189"/>
      </symbol>
      <symbol id="sm-4a5">
         <name>__nesf2</name>
         <value>0x54d5</value>
         <object_component_ref idref="oc-189"/>
      </symbol>
      <symbol id="sm-4a6">
         <name>__cmpsf2</name>
         <value>0x54d5</value>
         <object_component_ref idref="oc-189"/>
      </symbol>
      <symbol id="sm-4a7">
         <name>__gtsf2</name>
         <value>0x545d</value>
         <object_component_ref idref="oc-18e"/>
      </symbol>
      <symbol id="sm-4a8">
         <name>__gesf2</name>
         <value>0x545d</value>
         <object_component_ref idref="oc-18e"/>
      </symbol>
      <symbol id="sm-4ae">
         <name>__udivmoddi4</name>
         <value>0x4645</value>
         <object_component_ref idref="oc-2db"/>
      </symbol>
      <symbol id="sm-4b4">
         <name>__aeabi_llsl</name>
         <value>0x58a5</value>
         <object_component_ref idref="oc-2f6"/>
      </symbol>
      <symbol id="sm-4b5">
         <name>__ashldi3</name>
         <value>0x58a5</value>
         <object_component_ref idref="oc-2f6"/>
      </symbol>
      <symbol id="sm-4c3">
         <name>__ledf2</name>
         <value>0x4d19</value>
         <object_component_ref idref="oc-265"/>
      </symbol>
      <symbol id="sm-4c4">
         <name>__gedf2</name>
         <value>0x4bb9</value>
         <object_component_ref idref="oc-26b"/>
      </symbol>
      <symbol id="sm-4c5">
         <name>__cmpdf2</name>
         <value>0x4d19</value>
         <object_component_ref idref="oc-265"/>
      </symbol>
      <symbol id="sm-4c6">
         <name>__eqdf2</name>
         <value>0x4d19</value>
         <object_component_ref idref="oc-265"/>
      </symbol>
      <symbol id="sm-4c7">
         <name>__ltdf2</name>
         <value>0x4d19</value>
         <object_component_ref idref="oc-265"/>
      </symbol>
      <symbol id="sm-4c8">
         <name>__nedf2</name>
         <value>0x4d19</value>
         <object_component_ref idref="oc-265"/>
      </symbol>
      <symbol id="sm-4c9">
         <name>__gtdf2</name>
         <value>0x4bb9</value>
         <object_component_ref idref="oc-26b"/>
      </symbol>
      <symbol id="sm-4d5">
         <name>__aeabi_idiv0</name>
         <value>0x4823</value>
         <object_component_ref idref="oc-17c"/>
      </symbol>
      <symbol id="sm-4d6">
         <name>__aeabi_ldiv0</name>
         <value>0x4a43</value>
         <object_component_ref idref="oc-2f5"/>
      </symbol>
      <symbol id="sm-4f0">
         <name>memcpy</name>
         <value>0x4789</value>
         <object_component_ref idref="oc-ce"/>
      </symbol>
      <symbol id="sm-4ff">
         <name>memset</name>
         <value>0x4f0f</value>
         <object_component_ref idref="oc-19a"/>
      </symbol>
      <symbol id="sm-500">
         <name>__TI_static_base__</name>
         <value>0x0</value>
      </symbol>
      <symbol id="sm-504">
         <name>__mpu_init</name>
         <value>0x0</value>
      </symbol>
      <symbol id="sm-505">
         <name>_system_post_cinit</name>
         <value>0x0</value>
      </symbol>
   </symbol_table>
   <title>Link successful</title>
</link_info>
