******************************************************************************
            TI ARM Clang Linker PC v4.0.4                      
******************************************************************************
>> Linked Fri Jul 10 09:43:12 2026

OUTPUT FILE NAME:   <Track_Tracking_Car.out>
ENTRY POINT SYMBOL: "_c_int00_noargs"  address: 00004d95


MEMORY CONFIGURATION

         name            origin    length      used     unused   attr    fill
----------------------  --------  ---------  --------  --------  ----  --------
  FLASH                 00000000   00020000  00005558  0001aaa8  R  X
  SRAM                  20200000   00008000  00000723  000078dd  RW X
  BCR_CONFIG            41c00000   000000ff  00000000  000000ff  R   
  BSL_CONFIG            41c00100   00000080  00000000  00000080  R   


SEGMENT ALLOCATION MAP

run origin  load origin   length   init length attrs members
----------  ----------- ---------- ----------- ----- -------
00000000    00000000    00005558   00005558    r-x
  00000000    00000000    000000c0   000000c0    r-- .intvecs
  000000c0    000000c0    00005080   00005080    r-x .text
  00005140    00005140    000003e0   000003e0    r-- .rodata
  00005520    00005520    00000038   00000038    r-- .cinit
20200000    20200000    00000526   00000000    rw-
  20200000    20200000    000004f1   00000000    rw- .bss
  202004f4    202004f4    00000032   00000000    rw- .data
20207e00    20207e00    00000200   00000000    rw-
  20207e00    20207e00    00000200   00000000    rw- .stack


SECTION ALLOCATION MAP

 output                                  attributes/
section   page    origin      length       input sections
--------  ----  ----------  ----------   ----------------
.intvecs   0    00000000    000000c0     
                  00000000    000000c0     startup_mspm0g350x_ticlang.o (.intvecs)

.text      0    000000c0    00005080     
                  000000c0    00000fac     uart.o (.text.UART_Printf)
                  0000106c    00000bdc     libc.a : _scanfi.c.obj (.text.__TI_scanfi)
                  00001c48    000003b8            : strtod.c.obj (.text.strtod)
                  00002000    0000036c     empty.o (.text.main)
                  0000236c    000002a8     ti_msp_dl_config.o (.text.SYSCFG_DL_SYSCTL_SYSPLL_init)
                  00002614    00000284     libc.a : _printfi.c.obj (.text:__TI_printfi_minimal)
                  00002898    00000220     motor.o (.text.motor_control_update)
                  00002ab8    000001e0     libc.a : strtoll.c.obj (.text.strtoll)
                  00002c98    00000192     libclang_rt.builtins.a : adddf3.S.obj (.text.adddf3_subdf3)
                  00002e2a    00000002     startup_mspm0g350x_ticlang.o (.text.Default_Handler)
                  00002e2c    0000016c     libc.a : strtoull.c.obj (.text.strtoull)
                  00002f98    00000144            : strtol.c.obj (.text.strtol)
                  000030dc    0000012c            : strtoul.c.obj (.text.strtoul)
                  00003208    0000010c     libclang_rt.builtins.a : divdf3.S.obj (.text.__divdf3)
                  00003314    00000104     driverlib.a : dl_timer.o (.text.DL_Timer_initFourCCPWMMode)
                  00003418    000000fc                 : dl_timer.o (.text.DL_Timer_initTimerMode)
                  00003514    000000ec     uart.o (.text.UART_Puts)
                  00003600    000000e8     trajectory.o (.text.load_segment)
                  000036e8    000000e4     libclang_rt.builtins.a : muldf3.S.obj (.text.__muldf3)
                  000037cc    000000dc     driverlib.a : dl_sysctl_mspm0g1x0x_g3x0x.o (.text.DL_SYSCTL_configSYSPLL)
                  000038a8    000000dc     trajectory.o (.text.trajectory_update)
                  00003984    000000d8     libc.a : s_scalbn.c.obj (.text.scalbn)
                  00003a5c    000000d8     libclang_rt.builtins.a : addsf3.S.obj (.text)
                  00003b34    000000cc     uart.o (.text.UART_ISR_Handler)
                  00003c00    000000c4     ti_msp_dl_config.o (.text.SYSCFG_DL_GPIO_init)
                  00003cc4    000000b8     ti_msp_dl_config.o (.text.SYSCFG_DL_SYSCTL_init)
                  00003d7c    000000b0     motor.o (.text.motor_control_init)
                  00003e2c    000000ac     motor.o (.text.motor_control_set_speed)
                  00003ed8    000000a2     libclang_rt.builtins.a : udivmoddi4.S.obj (.text)
                  00003f7a    00000002                            : aeabi_div0.c.obj (.text.__aeabi_idiv0)
                  00003f7c    000000a0     driverlib.a : dl_timer.o (.text.DL_Timer_initCompareMode)
                  0000401c    0000009a     libc.a : memcpy16.S.obj (.text:memcpy)
                  000040b6    00000002     libclang_rt.builtins.a : aeabi_div0.c.obj (.text.__aeabi_ldiv0)
                  000040b8    0000008c     ti_msp_dl_config.o (.text.SYSCFG_DL_PWMA_init)
                  00004144    0000008c     libclang_rt.builtins.a : mulsf3.S.obj (.text.__mulsf3)
                  000041d0    00000082                            : divsf3.S.obj (.text.__divsf3)
                  00004252    00000002     --HOLE-- [fill = 0]
                  00004254    0000007c     libc.a : copy_decompress_lzss.c.obj (.text:decompress:lzss)
                  000042d0    00000078     trajectory.o (.text.trajectory_circle)
                  00004348    00000074     libclang_rt.builtins.a : comparedf2.c.obj (.text.__gedf2)
                  000043bc    00000004     libsysbm.a : hostexit.c.obj (.text.HOSTexit)
                  000043c0    00000074     libclang_rt.builtins.a : truncdfsf2.S.obj (.text.__truncdfsf2)
                  00004434    00000074     libc.a : sscanf.c.obj (.text._chkmbc)
                  000044a8    00000074     empty.o (.text.cmd_show)
                  0000451c    00000068     libclang_rt.builtins.a : comparedf2.c.obj (.text.__ledf2)
                  00004584    00000064     driverlib.a : dl_sysctl_mspm0g1x0x_g3x0x.o (.text.DL_SYSCTL_setHFCLKSourceHFXTParams)
                  000045e8    00000062     libclang_rt.builtins.a : aeabi_dcmp.S.obj (.text.__aeabi_dcmp)
                  0000464a    00000002     --HOLE-- [fill = 0]
                  0000464c    00000062                            : aeabi_fcmp.S.obj (.text.__aeabi_fcmp)
                  000046ae    00000062     libc.a : memset16.S.obj (.text:memset)
                  00004710    00000060     grayscale.o (.text.Grayscale_Read)
                  00004770    00000060     ti_msp_dl_config.o (.text.SYSCFG_DL_UART_0_init)
                  000047d0    00000060     ti_msp_dl_config.o (.text.SYSCFG_DL_initPower)
                  00004830    00000060     uart.o (.text.UART_Init)
                  00004890    0000004a     libclang_rt.builtins.a : fixdfsi.S.obj (.text.__fixdfsi)
                  000048da    00000002     --HOLE-- [fill = 0]
                  000048dc    00000048     driverlib.a : dl_uart.o (.text.DL_UART_init)
                  00004924    00000044                 : dl_sysctl_mspm0g1x0x_g3x0x.o (.text.DL_SYSCTL_switchMCLKfromSYSOSCtoHSCLK)
                  00004968    00000042     libclang_rt.builtins.a : fixunsdfsi.S.obj (.text.__fixunsdfsi)
                  000049aa    00000002     --HOLE-- [fill = 0]
                  000049ac    00000040                            : aeabi_uidivmod.S.obj (.text.__aeabi_uidivmod)
                  000049ec    00000040                            : extendsfdf2.S.obj (.text.__extendsfdf2)
                  00004a2c    00000040     libc.a : atoi.c.obj (.text.atoi)
                  00004a6c    0000003c     libclang_rt.builtins.a : floatsisf.S.obj (.text.__floatsisf)
                  00004aa8    0000003c                            : comparesf2.S.obj (.text.__gtsf2)
                  00004ae4    0000003c     libc.a : autoinit.c.obj (.text:__TI_auto_init_nobinit_nopinit)
                  00004b20    0000003a     libclang_rt.builtins.a : comparesf2.S.obj (.text.__eqsf2)
                  00004b5a    00000002     --HOLE-- [fill = 0]
                  00004b5c    0000003a                            : muldsi3.S.obj (.text.__muldsi3)
                  00004b96    00000002     --HOLE-- [fill = 0]
                  00004b98    00000038     ti_msp_dl_config.o (.text.SYSCFG_DL_TIMER_0_init)
                  00004bd0    00000038     ti_msp_dl_config.o (.text.SYSCFG_DL_init)
                  00004c08    00000038     libclang_rt.builtins.a : fixsfsi.S.obj (.text.__fixsfsi)
                  00004c40    00000038     libc.a : sprintf.c.obj (.text.sprintf)
                  00004c78    00000034     empty.o (.text.TIMG12_IRQHandler)
                  00004cac    00000032     libclang_rt.builtins.a : fixunssfsi.S.obj (.text.__fixunssfsi)
                  00004cde    00000002     --HOLE-- [fill = 0]
                  00004ce0    00000030     libc.a : sscanf.c.obj (.text.sscanf)
                  00004d10    0000002c     ti_msp_dl_config.o (.text.SYSCFG_DL_COMPARE_0_init)
                  00004d3c    0000002c     ti_msp_dl_config.o (.text.SYSCFG_DL_COMPARE_2_init)
                  00004d68    0000002c     libclang_rt.builtins.a : floatsidf.S.obj (.text.__floatsidf)
                  00004d94    00000028     libc.a : boot_cortex_m.c.obj (.text:_c_int00_noargs)
                  00004dbc    00000024     libclang_rt.builtins.a : floatunsidf.S.obj (.text.__floatunsidf)
                  00004de0    00000024                            : muldi3.S.obj (.text.__muldi3)
                  00004e04    00000024     motor.o (.text.motor_control_set_duty)
                  00004e28    00000022     uart.o (.text.UART_ReadByte)
                  00004e4a    00000022     libc.a : memccpy.c.obj (.text.memccpy)
                  00004e6c    00000020            : memcmp.c.obj (.text.memcmp)
                  00004e8c    0000001e     libclang_rt.builtins.a : ashldi3.S.obj (.text.__ashldi3)
                  00004eaa    00000002     --HOLE-- [fill = 0]
                  00004eac    0000001c     driverlib.a : dl_sysctl_mspm0g1x0x_g3x0x.o (.text.DL_SYSCTL_configFCC)
                  00004ec8    0000001c                 : dl_timer.o (.text.DL_Timer_setCaptCompUpdateMethod)
                  00004ee4    0000001c                 : dl_timer.o (.text.DL_Timer_setClockConfig)
                  00004f00    0000001c     motor.o (.text.motor_control_get_actual_rpm)
                  00004f1c    0000001c     motor.o (.text.motor_control_get_duty)
                  00004f38    0000001c     motor.o (.text.motor_control_get_freq)
                  00004f54    0000001c     motor.o (.text.motor_control_get_target_rpm)
                  00004f70    0000001c     motor.o (.text.motor_control_stop)
                  00004f8c    00000018     driverlib.a : dl_timer.o (.text.DL_Timer_setCaptureCompareOutCtl)
                  00004fa4    00000018     libc.a : sprintf.c.obj (.text._outs)
                  00004fbc    00000018     motor.o (.text.motor_control_set_kd)
                  00004fd4    00000018     motor.o (.text.motor_control_set_ki)
                  00004fec    00000018     motor.o (.text.motor_control_set_kp)
                  00005004    00000014     libclang_rt.builtins.a : aeabi_uldivmod.S.obj (.text.__aeabi_uldivmod)
                  00005018    00000014     libc.a : sscanf.c.obj (.text._inpchar)
                  0000502c    00000012     driverlib.a : dl_uart.o (.text.DL_UART_setClockConfig)
                  0000503e    00000012     libc.a : copy_decompress_none.c.obj (.text:decompress:none)
                  00005050    00000010     driverlib.a : dl_timer.o (.text.DL_Timer_setCaptureCompareValue)
                  00005060    00000010     uart.o (.text.UART0_IRQHandler)
                  00005070    00000010     libc.a : copy_zero_init.c.obj (.text:decompress:ZI)
                  00005080    0000000e            : _scanfi.c.obj (.text.OUTLINED_FUNCTION_1)
                  0000508e    0000000e            : _scanfi.c.obj (.text.OUTLINED_FUNCTION_2)
                  0000509c    0000000e            : _scanfi.c.obj (.text.OUTLINED_FUNCTION_4)
                  000050aa    00000002     --HOLE-- [fill = 0]
                  000050ac    0000000e     libclang_rt.builtins.a : aeabi_memset.S.obj (.text.__aeabi_memset)
                  000050ba    0000000e     libc.a : _printfi.c.obj (.text.strlen)
                  000050c8    0000000c     libclang_rt.builtins.a : aeabi_memset.S.obj (.text.__aeabi_memclr)
                  000050d4    0000000a     driverlib.a : dl_common.o (.text.DL_Common_delayCycles)
                  000050de    0000000a     libc.a : sprintf.c.obj (.text._outc)
                  000050e8    00000008            : _scanfi.c.obj (.text.OUTLINED_FUNCTION_0)
                  000050f0    00000008            : strtod.c.obj (.text.OUTLINED_FUNCTION_0)
                  000050f8    00000008            : strtod.c.obj (.text.OUTLINED_FUNCTION_1)
                  00005100    00000010     libclang_rt.builtins.a : aeabi_dcmp.S.obj (.tramp.__aeabi_dcmpeq.1)
                  00005110    00000008     libc.a : aeabi_portable.c.obj (.text.__aeabi_errno_addr)
                  00005118    00000008     libclang_rt.builtins.a : aeabi_memcpy.S.obj (.text.__aeabi_memcpy)
                  00005120    00000008     libc.a : sscanf.c.obj (.text._uninpchar)
                  00005128    00000006            : _scanfi.c.obj (.text.OUTLINED_FUNCTION_3)
                  0000512e    00000006            : exit.c.obj (.text:abort)
                  00005134    00000004     startup_mspm0g350x_ticlang.o (.text.Reset_Handler)
                  00005138    00000004     libc.a : pre_init.c.obj (.text._system_pre_init)
                  0000513c    00000004     --HOLE-- [fill = 0]

.cinit     0    00005520    00000038     
                  00005520    0000000d     (.cinit..data.load) [load image, compression = lzss]
                  0000552d    00000003     --HOLE-- [fill = 0]
                  00005530    0000000c     (__TI_handler_table)
                  0000553c    00000008     (.cinit..bss.load) [load image, compression = zero_init]
                  00005544    00000010     (__TI_cinit_table)
                  00005554    00000004     --HOLE-- [fill = 0]

.rodata    0    00005140    000003e0     
                  00005140    00000101     libc.a : aeabi_ctype.S.obj (.rodata:__aeabi_ctype_table_)
                  00005241    00000007            : _scanfi.c.obj (.rodata._sproc_int.flit)
                  00005248    00000080            : strtod.c.obj (.rodata.digits)
                  000052c8    00000048            : strtod.c.obj (.rodata.powerof10)
                  00005310    00000028     ti_msp_dl_config.o (.rodata.gSYSPLLConfig)
                  00005338    00000022     empty.o (.rodata.str1.11898133897667081452.1)
                  0000535a    0000001d     empty.o (.rodata.str1.14685083708502177989.1)
                  00005377    0000001d     empty.o (.rodata.str1.254342170260855183.1)
                  00005394    0000001d     empty.o (.rodata.str1.9517790425240694019.1)
                  000053b1    00000019     empty.o (.rodata.str1.15930989295766594416.1)
                  000053ca    00000002     ti_msp_dl_config.o (.rodata.gUART_0ClockConfig)
                  000053cc    00000014     ti_msp_dl_config.o (.rodata.gCOMPARE_0CompareConfig)
                  000053e0    00000014     ti_msp_dl_config.o (.rodata.gCOMPARE_2CompareConfig)
                  000053f4    00000014     ti_msp_dl_config.o (.rodata.gTIMER_0TimerConfig)
                  00005408    00000011     uart.o (.rodata.str1.14464947116831474962.1)
                  00005419    00000011     libc.a : _printfi.c.obj (.rodata.str1.15363888844622738466.1)
                  0000542a    00000011     empty.o (.rodata.str1.15706828512682300538.1)
                  0000543b    00000011     empty.o (.rodata.str1.17686411042290499047.1)
                  0000544c    00000011     uart.o (.rodata.str1.3510367808670815947.1)
                  0000545d    00000011     empty.o (.rodata.str1.4000995719088696555.1)
                  0000546e    00000011     empty.o (.rodata.str1.7386103758396746866.1)
                  0000547f    0000000f     empty.o (.rodata.str1.11822412164550770238.1)
                  0000548e    0000000f     empty.o (.rodata.str1.16704889451495720520.1)
                  0000549d    00000003     ti_msp_dl_config.o (.rodata.gCOMPARE_0ClockConfig)
                  000054a0    0000000c     driverlib.a : dl_timer.o (.rodata..Lswitch.table.DL_Timer_initCompareMode.2)
                  000054ac    0000000c                 : dl_timer.o (.rodata..Lswitch.table.DL_Timer_initCompareMode)
                  000054b8    0000000a     ti_msp_dl_config.o (.rodata.gUART_0Config)
                  000054c2    0000000a     empty.o (.rodata.str1.7079713434352825882.1)
                  000054cc    00000009     libc.a : _scanfi.c.obj (.rodata.str1.12964984209033246150.1)
                  000054d5    00000003     ti_msp_dl_config.o (.rodata.gCOMPARE_2ClockConfig)
                  000054d8    00000008     libc.a : _scanfi.c.obj (.rodata..L__const._sproc_float.special)
                  000054e0    00000008     ti_msp_dl_config.o (.rodata.gPWMAConfig)
                  000054e8    00000007     uart.o (.rodata.str1.12819099410943012003.1)
                  000054ef    00000007     empty.o (.rodata.str1.17669528882079347314.1)
                  000054f6    00000006     libc.a : _scanfi.c.obj (.rodata._sproc_int.barr)
                  000054fc    00000005     empty.o (.rodata.str1.5792233746214848027.1)
                  00005501    00000004     libc.a : _scanfi.c.obj (.rodata.str1.3403580589742030990.1)
                  00005505    00000003     ti_msp_dl_config.o (.rodata.gPWMAClockConfig)
                  00005508    00000003     ti_msp_dl_config.o (.rodata.gTIMER_0ClockConfig)
                  0000550b    00000003     empty.o (.rodata.str1.150872071346279890.1)
                  0000550e    00000003     empty.o (.rodata.str1.15170238581331914936.1)
                  00005511    00000003     empty.o (.rodata.str1.2196762768037919588.1)
                  00005514    00000003     empty.o (.rodata.str1.7401042497206923953.1)
                  00005517    00000003     empty.o (.rodata.str1.9410084661655729462.1)
                  0000551a    00000006     --HOLE-- [fill = 0]

.init_array 
*          0    00000000    00000000     UNINITIALIZED

.binit     0    00000000    00000000     

.bss       0    20200000    000004f1     UNINITIALIZED
                  20200000    00000100     uart.o (.bss.g_uart0_rx)
                  20200100    00000100     uart.o (.bss.g_uart0_tx)
                  20200200    000000bc     (.common:gCOMPARE_0Backup)
                  202002bc    000000bc     (.common:gCOMPARE_2Backup)
                  20200378    00000070     motor.o (.bss.g_mc)
                  202003e8    00000060     empty.o (.bss.firewater_send.b)
                  20200448    00000040     empty.o (.bss.cmd_poll.b)
                  20200488    00000034     (.common:g_uart0)
                  202004bc    00000014     trajectory.o (.bss.g_single)
                  202004d0    00000004     trajectory.o (.bss.g_traj.1)
                  202004d4    00000004     trajectory.o (.bss.g_traj.5)
                  202004d8    00000004     trajectory.o (.bss.g_traj.6)
                  202004dc    00000004     trajectory.o (.bss.g_traj.7)
                  202004e0    00000004     trajectory.o (.bss.g_traj.9)
                  202004e4    00000001     trajectory.o (.bss.g_traj.0)
                  202004e5    00000001     --HOLE--
                  202004e6    00000001     trajectory.o (.bss.g_traj.4)
                  202004e7    00000001     --HOLE--
                  202004e8    00000001     trajectory.o (.bss.g_traj.2)
                  202004e9    00000003     --HOLE--
                  202004ec    00000001     trajectory.o (.bss.g_traj.3)
                  202004ed    00000003     --HOLE--
                  202004f0    00000001     trajectory.o (.bss.g_traj.8)

.data      0    202004f4    00000032     UNINITIALIZED
                  202004f4    00000008     motor.o (.data.measure_freq.first)
                  202004fc    00000008     motor.o (.data.measure_freq.last)
                  20200504    00000008     motor.o (.data.measure_freq.ovf)
                  2020050c    00000008     motor.o (.data.measure_freq.prev)
                  20200514    00000004     libc.a : aeabi_portable.c.obj (.data.__aeabi_errno)
                  20200518    00000004     empty.o (.data.cmd_poll.i)
                  2020051c    00000004     empty.o (.data.g_fw_div)
                  20200520    00000004     empty.o (.data.g_fw_ready)
                  20200524    00000002     motor.o (.data.g_dir)

.stack     0    20207e00    00000200     UNINITIALIZED
                  20207e00    00000004     libc.a : boot_cortex_m.c.obj (.stack)
                  20207e04    000001fc     --HOLE--

__llvm_prf_cnts 
*          0    20200000    00000000     UNINITIALIZED

__llvm_prf_bits 
*          0    20200000    00000000     UNINITIALIZED

MODULE SUMMARY

       Module                         code    ro data   rw data
       ------                         ----    -------   -------
    .\
       ti_msp_dl_config.o             1592    132       376    
       empty.o                        1044    281       172    
       startup_mspm0g350x_ticlang.o   6       192       0      
    +--+------------------------------+-------+---------+---------+
       Total:                         2642    605       548    
                                                               
    .\Drivers\
       uart.o                         4598    41        564    
       motor.o                        1140    0         146    
       trajectory.o                   572     0         45     
       grayscale.o                    96      0         0      
    +--+------------------------------+-------+---------+---------+
       Total:                         6406    41        755    
                                                               
    C:/TI/mspm0_sdk_2_10_00_04/source/ti/driverlib/lib/ticlang/m0p/mspm0g1x0x_g3x0x/driverlib.a
       dl_timer.o                     768     24        0      
       dl_sysctl_mspm0g1x0x_g3x0x.o   416     0         0      
       dl_uart.o                      90      0         0      
       dl_common.o                    10      0         0      
    +--+------------------------------+-------+---------+---------+
       Total:                         1284    24        0      
                                                               
    D:\ti\ccs2050\ccs\tools\compiler\ti-cgt-armllvm_4.0.4.LTS\lib\armv6m-ti-none-eabi/c/libc.a
       _scanfi.c.obj                  3092    34        0      
       strtod.c.obj                   968     200       0      
       _printfi.c.obj                 658     17        0      
       strtoll.c.obj                  480     0         0      
       strtoull.c.obj                 364     0         0      
       strtol.c.obj                   324     0         0      
       strtoul.c.obj                  300     0         0      
       aeabi_ctype.S.obj              0       257       0      
       s_scalbn.c.obj                 216     0         0      
       sscanf.c.obj                   192     0         0      
       memcpy16.S.obj                 154     0         0      
       copy_decompress_lzss.c.obj     124     0         0      
       memset16.S.obj                 98      0         0      
       sprintf.c.obj                  90      0         0      
       atoi.c.obj                     64      0         0      
       autoinit.c.obj                 60      0         0      
       boot_cortex_m.c.obj            40      0         0      
       memccpy.c.obj                  34      0         0      
       memcmp.c.obj                   32      0         0      
       copy_decompress_none.c.obj     18      0         0      
       copy_zero_init.c.obj           16      0         0      
       aeabi_portable.c.obj           8       0         4      
       exit.c.obj                     6       0         0      
       pre_init.c.obj                 4       0         0      
    +--+------------------------------+-------+---------+---------+
       Total:                         7342    508       4      
                                                               
    D:\ti\ccs2050\ccs\tools\compiler\ti-cgt-armllvm_4.0.4.LTS\lib\armv6m-ti-none-eabi/c/libsysbm.a
       hostexit.c.obj                 4       0         0      
    +--+------------------------------+-------+---------+---------+
       Total:                         4       0         0      
                                                               
    D:\ti\ccs2050\ccs\tools\compiler\ti-cgt-armllvm_4.0.4.LTS\lib\armv6m-ti-none-eabi/libclang_rt.builtins.a
       adddf3.S.obj                   402     0         0      
       divdf3.S.obj                   268     0         0      
       muldf3.S.obj                   228     0         0      
       comparedf2.c.obj               220     0         0      
       addsf3.S.obj                   216     0         0      
       udivmoddi4.S.obj               162     0         0      
       mulsf3.S.obj                   140     0         0      
       divsf3.S.obj                   130     0         0      
       comparesf2.S.obj               118     0         0      
       truncdfsf2.S.obj               116     0         0      
       aeabi_dcmp.S.obj               114     0         0      
       aeabi_fcmp.S.obj               98      0         0      
       fixdfsi.S.obj                  74      0         0      
       fixunsdfsi.S.obj               66      0         0      
       aeabi_uidivmod.S.obj           64      0         0      
       extendsfdf2.S.obj              64      0         0      
       floatsisf.S.obj                60      0         0      
       muldsi3.S.obj                  58      0         0      
       fixsfsi.S.obj                  56      0         0      
       fixunssfsi.S.obj               50      0         0      
       floatsidf.S.obj                44      0         0      
       floatunsidf.S.obj              36      0         0      
       muldi3.S.obj                   36      0         0      
       ashldi3.S.obj                  30      0         0      
       aeabi_memset.S.obj             26      0         0      
       aeabi_uldivmod.S.obj           20      0         0      
       aeabi_memcpy.S.obj             8       0         0      
       aeabi_div0.c.obj               4       0         0      
    +--+------------------------------+-------+---------+---------+
       Total:                         2908    0         0      
                                                               
       Stack:                         0       0         512    
       Linker Generated:              0       49        0      
    +--+------------------------------+-------+---------+---------+
       Grand Total:                   20586   1227      1819   


LINKER GENERATED COPY TABLES

__TI_cinit_table @ 00005544 records: 2, size/record: 8, table size: 16
	.data: load addr=00005520, load size=0000000d bytes, run addr=202004f4, run size=00000032 bytes, compression=lzss
	.bss: load addr=0000553c, load size=00000008 bytes, run addr=20200000, run size=000004f1 bytes, compression=zero_init


LINKER GENERATED HANDLER TABLE

__TI_handler_table @ 00005530 records: 3, size/record: 4, table size: 12
	index: 0, handler: __TI_decompress_lzss
	index: 1, handler: __TI_decompress_none
	index: 2, handler: __TI_zero_init


FAR CALL TRAMPOLINES

callee name               trampoline name
   callee addr  tramp addr   call addr  call info
--------------  -----------  ---------  ----------------
__aeabi_dcmpeq            $Tramp$TT$L$PI$$__aeabi_dcmpeq
   000045e9     00005100     000050fe   libc.a : strtod.c.obj (.text.OUTLINED_FUNCTION_1)

[1 trampolines]
[1 trampoline calls]


GLOBAL SYMBOLS: SORTED ALPHABETICALLY BY Name 

address   name                                 
-------   ----                                 
00002e2b  ADC0_IRQHandler                      
00002e2b  ADC1_IRQHandler                      
00002e2b  AES_IRQHandler                       
000043bc  C$$EXIT                              
00002e2b  CANFD0_IRQHandler                    
00002e2b  DAC0_IRQHandler                      
000050d5  DL_Common_delayCycles                
00004ead  DL_SYSCTL_configFCC                  
000037cd  DL_SYSCTL_configSYSPLL               
00004585  DL_SYSCTL_setHFCLKSourceHFXTParams   
00004925  DL_SYSCTL_switchMCLKfromSYSOSCtoHSCLK
00003f7d  DL_Timer_initCompareMode             
00003315  DL_Timer_initFourCCPWMMode           
00003419  DL_Timer_initTimerMode               
00004ec9  DL_Timer_setCaptCompUpdateMethod     
00004f8d  DL_Timer_setCaptureCompareOutCtl     
00005051  DL_Timer_setCaptureCompareValue      
00004ee5  DL_Timer_setClockConfig              
000048dd  DL_UART_init                         
0000502d  DL_UART_setClockConfig               
00002e2b  DMA_IRQHandler                       
00002e2b  Default_Handler                      
00002e2b  GROUP0_IRQHandler                    
00002e2b  GROUP1_IRQHandler                    
00004711  Grayscale_Read                       
000043bd  HOSTexit                             
00002e2b  HardFault_Handler                    
00002e2b  I2C0_IRQHandler                      
00002e2b  I2C1_IRQHandler                      
00002e2b  NMI_Handler                          
00002e2b  PendSV_Handler                       
00002e2b  RTC_IRQHandler                       
00005135  Reset_Handler                        
00002e2b  SPI0_IRQHandler                      
00002e2b  SPI1_IRQHandler                      
00002e2b  SVC_Handler                          
00004d11  SYSCFG_DL_COMPARE_0_init             
00004d3d  SYSCFG_DL_COMPARE_2_init             
00003c01  SYSCFG_DL_GPIO_init                  
000040b9  SYSCFG_DL_PWMA_init                  
0000236d  SYSCFG_DL_SYSCTL_SYSPLL_init         
00003cc5  SYSCFG_DL_SYSCTL_init                
00004b99  SYSCFG_DL_TIMER_0_init               
00004771  SYSCFG_DL_UART_0_init                
00004bd1  SYSCFG_DL_init                       
000047d1  SYSCFG_DL_initPower                  
00002e2b  SysTick_Handler                      
00002e2b  TIMA0_IRQHandler                     
00002e2b  TIMA1_IRQHandler                     
00002e2b  TIMG0_IRQHandler                     
00004c79  TIMG12_IRQHandler                    
00002e2b  TIMG6_IRQHandler                     
00002e2b  TIMG7_IRQHandler                     
00002e2b  TIMG8_IRQHandler                     
00005061  UART0_IRQHandler                     
00002e2b  UART1_IRQHandler                     
00002e2b  UART2_IRQHandler                     
00002e2b  UART3_IRQHandler                     
00003b35  UART_ISR_Handler                     
00004831  UART_Init                            
000000c1  UART_Printf                          
00003515  UART_Puts                            
00004e29  UART_ReadByte                        
20208000  __STACK_END                          
00000200  __STACK_SIZE                         
00000000  __TI_ATRegion0_region_sz             
00000000  __TI_ATRegion0_src_addr              
00000000  __TI_ATRegion0_trg_addr              
00000000  __TI_ATRegion1_region_sz             
00000000  __TI_ATRegion1_src_addr              
00000000  __TI_ATRegion1_trg_addr              
00000000  __TI_ATRegion2_region_sz             
00000000  __TI_ATRegion2_src_addr              
00000000  __TI_ATRegion2_trg_addr              
00005544  __TI_CINIT_Base                      
00005554  __TI_CINIT_Limit                     
00005554  __TI_CINIT_Warm                      
00005530  __TI_Handler_Table_Base              
0000553c  __TI_Handler_Table_Limit             
00004ae5  __TI_auto_init_nobinit_nopinit       
00004255  __TI_decompress_lzss                 
0000503f  __TI_decompress_none                 
ffffffff  __TI_pprof_out_hndl                  
00002615  __TI_printfi_minimal                 
ffffffff  __TI_prof_data_size                  
ffffffff  __TI_prof_data_start                 
0000106d  __TI_scanfi                          
00000000  __TI_static_base__                   
00005071  __TI_zero_init                       
00002ca3  __adddf3                             
00003a67  __addsf3                             
00005140  __aeabi_ctype_table_                 
00005140  __aeabi_ctype_table_C                
000043c1  __aeabi_d2f                          
00004891  __aeabi_d2iz                         
00004969  __aeabi_d2uiz                        
00002ca3  __aeabi_dadd                         
000045e9  __aeabi_dcmpeq                       
00004625  __aeabi_dcmpge                       
00004639  __aeabi_dcmpgt                       
00004611  __aeabi_dcmple                       
000045fd  __aeabi_dcmplt                       
00003209  __aeabi_ddiv                         
000036e9  __aeabi_dmul                         
00002c99  __aeabi_dsub                         
20200514  __aeabi_errno                        
00005111  __aeabi_errno_addr                   
000049ed  __aeabi_f2d                          
00004c09  __aeabi_f2iz                         
00004cad  __aeabi_f2uiz                        
00003a67  __aeabi_fadd                         
0000464d  __aeabi_fcmpeq                       
00004689  __aeabi_fcmpge                       
0000469d  __aeabi_fcmpgt                       
00004675  __aeabi_fcmple                       
00004661  __aeabi_fcmplt                       
000041d1  __aeabi_fdiv                         
00004145  __aeabi_fmul                         
00003a5d  __aeabi_fsub                         
00004d69  __aeabi_i2d                          
00004a6d  __aeabi_i2f                          
00003f7b  __aeabi_idiv0                        
000040b7  __aeabi_ldiv0                        
00004e8d  __aeabi_llsl                         
00004de1  __aeabi_lmul                         
000050c9  __aeabi_memclr                       
000050c9  __aeabi_memclr4                      
000050c9  __aeabi_memclr8                      
00005119  __aeabi_memcpy                       
00005119  __aeabi_memcpy4                      
00005119  __aeabi_memcpy8                      
000050ad  __aeabi_memset                       
000050ad  __aeabi_memset4                      
000050ad  __aeabi_memset8                      
00004dbd  __aeabi_ui2d                         
000049ad  __aeabi_uidiv                        
000049ad  __aeabi_uidivmod                     
00005005  __aeabi_uldivmod                     
00004e8d  __ashldi3                            
ffffffff  __binit__                            
0000451d  __cmpdf2                             
00004b21  __cmpsf2                             
00003209  __divdf3                             
000041d1  __divsf3                             
0000451d  __eqdf2                              
00004b21  __eqsf2                              
000049ed  __extendsfdf2                        
00004891  __fixdfsi                            
00004c09  __fixsfsi                            
00004969  __fixunsdfsi                         
00004cad  __fixunssfsi                         
00004d69  __floatsidf                          
00004a6d  __floatsisf                          
00004dbd  __floatunsidf                        
00004349  __gedf2                              
00004aa9  __gesf2                              
00004349  __gtdf2                              
00004aa9  __gtsf2                              
0000451d  __ledf2                              
00004b21  __lesf2                              
0000451d  __ltdf2                              
00004b21  __ltsf2                              
UNDEFED   __mpu_init                           
000036e9  __muldf3                             
00004de1  __muldi3                             
00004b5d  __muldsi3                            
00004145  __mulsf3                             
0000451d  __nedf2                              
00004b21  __nesf2                              
20207e00  __stack                              
20200000  __start___llvm_prf_bits              
20200000  __start___llvm_prf_cnts              
20200000  __stop___llvm_prf_bits               
20200000  __stop___llvm_prf_cnts               
00002c99  __subdf3                             
00003a5d  __subsf3                             
000043c1  __truncdfsf2                         
00003ed9  __udivmoddi4                         
00004d95  _c_int00_noargs                      
UNDEFED   _system_post_cinit                   
00005139  _system_pre_init                     
0000512f  abort                                
00004a2d  atoi                                 
ffffffff  binit                                
20200200  gCOMPARE_0Backup                     
202002bc  gCOMPARE_2Backup                     
20200488  g_uart0                              
00000000  interruptVectors                     
00003985  ldexp                                
00003985  ldexpl                               
00002001  main                                 
00004e4b  memccpy                              
00004e6d  memcmp                               
0000401d  memcpy                               
000046af  memset                               
00004f01  motor_control_get_actual_rpm         
00004f1d  motor_control_get_duty               
00004f39  motor_control_get_freq               
00004f55  motor_control_get_target_rpm         
00003d7d  motor_control_init                   
00004e05  motor_control_set_duty               
00004fbd  motor_control_set_kd                 
00004fd5  motor_control_set_ki                 
00004fed  motor_control_set_kp                 
00003e2d  motor_control_set_speed              
00004f71  motor_control_stop                   
00002899  motor_control_update                 
00003985  scalbn                               
00003985  scalbnl                              
00004c41  sprintf                              
00004ce1  sscanf                               
00001c49  strtod                               
00002f99  strtol                               
00001c49  strtold                              
00002ab9  strtoll                              
000030dd  strtoul                              
00002e2d  strtoull                             
000042d1  trajectory_circle                    
000038a9  trajectory_update                    


GLOBAL SYMBOLS: SORTED BY Symbol Address 

address   name                                 
-------   ----                                 
00000000  __TI_ATRegion0_region_sz             
00000000  __TI_ATRegion0_src_addr              
00000000  __TI_ATRegion0_trg_addr              
00000000  __TI_ATRegion1_region_sz             
00000000  __TI_ATRegion1_src_addr              
00000000  __TI_ATRegion1_trg_addr              
00000000  __TI_ATRegion2_region_sz             
00000000  __TI_ATRegion2_src_addr              
00000000  __TI_ATRegion2_trg_addr              
00000000  __TI_static_base__                   
00000000  interruptVectors                     
000000c1  UART_Printf                          
00000200  __STACK_SIZE                         
0000106d  __TI_scanfi                          
00001c49  strtod                               
00001c49  strtold                              
00002001  main                                 
0000236d  SYSCFG_DL_SYSCTL_SYSPLL_init         
00002615  __TI_printfi_minimal                 
00002899  motor_control_update                 
00002ab9  strtoll                              
00002c99  __aeabi_dsub                         
00002c99  __subdf3                             
00002ca3  __adddf3                             
00002ca3  __aeabi_dadd                         
00002e2b  ADC0_IRQHandler                      
00002e2b  ADC1_IRQHandler                      
00002e2b  AES_IRQHandler                       
00002e2b  CANFD0_IRQHandler                    
00002e2b  DAC0_IRQHandler                      
00002e2b  DMA_IRQHandler                       
00002e2b  Default_Handler                      
00002e2b  GROUP0_IRQHandler                    
00002e2b  GROUP1_IRQHandler                    
00002e2b  HardFault_Handler                    
00002e2b  I2C0_IRQHandler                      
00002e2b  I2C1_IRQHandler                      
00002e2b  NMI_Handler                          
00002e2b  PendSV_Handler                       
00002e2b  RTC_IRQHandler                       
00002e2b  SPI0_IRQHandler                      
00002e2b  SPI1_IRQHandler                      
00002e2b  SVC_Handler                          
00002e2b  SysTick_Handler                      
00002e2b  TIMA0_IRQHandler                     
00002e2b  TIMA1_IRQHandler                     
00002e2b  TIMG0_IRQHandler                     
00002e2b  TIMG6_IRQHandler                     
00002e2b  TIMG7_IRQHandler                     
00002e2b  TIMG8_IRQHandler                     
00002e2b  UART1_IRQHandler                     
00002e2b  UART2_IRQHandler                     
00002e2b  UART3_IRQHandler                     
00002e2d  strtoull                             
00002f99  strtol                               
000030dd  strtoul                              
00003209  __aeabi_ddiv                         
00003209  __divdf3                             
00003315  DL_Timer_initFourCCPWMMode           
00003419  DL_Timer_initTimerMode               
00003515  UART_Puts                            
000036e9  __aeabi_dmul                         
000036e9  __muldf3                             
000037cd  DL_SYSCTL_configSYSPLL               
000038a9  trajectory_update                    
00003985  ldexp                                
00003985  ldexpl                               
00003985  scalbn                               
00003985  scalbnl                              
00003a5d  __aeabi_fsub                         
00003a5d  __subsf3                             
00003a67  __addsf3                             
00003a67  __aeabi_fadd                         
00003b35  UART_ISR_Handler                     
00003c01  SYSCFG_DL_GPIO_init                  
00003cc5  SYSCFG_DL_SYSCTL_init                
00003d7d  motor_control_init                   
00003e2d  motor_control_set_speed              
00003ed9  __udivmoddi4                         
00003f7b  __aeabi_idiv0                        
00003f7d  DL_Timer_initCompareMode             
0000401d  memcpy                               
000040b7  __aeabi_ldiv0                        
000040b9  SYSCFG_DL_PWMA_init                  
00004145  __aeabi_fmul                         
00004145  __mulsf3                             
000041d1  __aeabi_fdiv                         
000041d1  __divsf3                             
00004255  __TI_decompress_lzss                 
000042d1  trajectory_circle                    
00004349  __gedf2                              
00004349  __gtdf2                              
000043bc  C$$EXIT                              
000043bd  HOSTexit                             
000043c1  __aeabi_d2f                          
000043c1  __truncdfsf2                         
0000451d  __cmpdf2                             
0000451d  __eqdf2                              
0000451d  __ledf2                              
0000451d  __ltdf2                              
0000451d  __nedf2                              
00004585  DL_SYSCTL_setHFCLKSourceHFXTParams   
000045e9  __aeabi_dcmpeq                       
000045fd  __aeabi_dcmplt                       
00004611  __aeabi_dcmple                       
00004625  __aeabi_dcmpge                       
00004639  __aeabi_dcmpgt                       
0000464d  __aeabi_fcmpeq                       
00004661  __aeabi_fcmplt                       
00004675  __aeabi_fcmple                       
00004689  __aeabi_fcmpge                       
0000469d  __aeabi_fcmpgt                       
000046af  memset                               
00004711  Grayscale_Read                       
00004771  SYSCFG_DL_UART_0_init                
000047d1  SYSCFG_DL_initPower                  
00004831  UART_Init                            
00004891  __aeabi_d2iz                         
00004891  __fixdfsi                            
000048dd  DL_UART_init                         
00004925  DL_SYSCTL_switchMCLKfromSYSOSCtoHSCLK
00004969  __aeabi_d2uiz                        
00004969  __fixunsdfsi                         
000049ad  __aeabi_uidiv                        
000049ad  __aeabi_uidivmod                     
000049ed  __aeabi_f2d                          
000049ed  __extendsfdf2                        
00004a2d  atoi                                 
00004a6d  __aeabi_i2f                          
00004a6d  __floatsisf                          
00004aa9  __gesf2                              
00004aa9  __gtsf2                              
00004ae5  __TI_auto_init_nobinit_nopinit       
00004b21  __cmpsf2                             
00004b21  __eqsf2                              
00004b21  __lesf2                              
00004b21  __ltsf2                              
00004b21  __nesf2                              
00004b5d  __muldsi3                            
00004b99  SYSCFG_DL_TIMER_0_init               
00004bd1  SYSCFG_DL_init                       
00004c09  __aeabi_f2iz                         
00004c09  __fixsfsi                            
00004c41  sprintf                              
00004c79  TIMG12_IRQHandler                    
00004cad  __aeabi_f2uiz                        
00004cad  __fixunssfsi                         
00004ce1  sscanf                               
00004d11  SYSCFG_DL_COMPARE_0_init             
00004d3d  SYSCFG_DL_COMPARE_2_init             
00004d69  __aeabi_i2d                          
00004d69  __floatsidf                          
00004d95  _c_int00_noargs                      
00004dbd  __aeabi_ui2d                         
00004dbd  __floatunsidf                        
00004de1  __aeabi_lmul                         
00004de1  __muldi3                             
00004e05  motor_control_set_duty               
00004e29  UART_ReadByte                        
00004e4b  memccpy                              
00004e6d  memcmp                               
00004e8d  __aeabi_llsl                         
00004e8d  __ashldi3                            
00004ead  DL_SYSCTL_configFCC                  
00004ec9  DL_Timer_setCaptCompUpdateMethod     
00004ee5  DL_Timer_setClockConfig              
00004f01  motor_control_get_actual_rpm         
00004f1d  motor_control_get_duty               
00004f39  motor_control_get_freq               
00004f55  motor_control_get_target_rpm         
00004f71  motor_control_stop                   
00004f8d  DL_Timer_setCaptureCompareOutCtl     
00004fbd  motor_control_set_kd                 
00004fd5  motor_control_set_ki                 
00004fed  motor_control_set_kp                 
00005005  __aeabi_uldivmod                     
0000502d  DL_UART_setClockConfig               
0000503f  __TI_decompress_none                 
00005051  DL_Timer_setCaptureCompareValue      
00005061  UART0_IRQHandler                     
00005071  __TI_zero_init                       
000050ad  __aeabi_memset                       
000050ad  __aeabi_memset4                      
000050ad  __aeabi_memset8                      
000050c9  __aeabi_memclr                       
000050c9  __aeabi_memclr4                      
000050c9  __aeabi_memclr8                      
000050d5  DL_Common_delayCycles                
00005111  __aeabi_errno_addr                   
00005119  __aeabi_memcpy                       
00005119  __aeabi_memcpy4                      
00005119  __aeabi_memcpy8                      
0000512f  abort                                
00005135  Reset_Handler                        
00005139  _system_pre_init                     
00005140  __aeabi_ctype_table_                 
00005140  __aeabi_ctype_table_C                
00005530  __TI_Handler_Table_Base              
0000553c  __TI_Handler_Table_Limit             
00005544  __TI_CINIT_Base                      
00005554  __TI_CINIT_Limit                     
00005554  __TI_CINIT_Warm                      
20200000  __start___llvm_prf_bits              
20200000  __start___llvm_prf_cnts              
20200000  __stop___llvm_prf_bits               
20200000  __stop___llvm_prf_cnts               
20200200  gCOMPARE_0Backup                     
202002bc  gCOMPARE_2Backup                     
20200488  g_uart0                              
20200514  __aeabi_errno                        
20207e00  __stack                              
20208000  __STACK_END                          
ffffffff  __TI_pprof_out_hndl                  
ffffffff  __TI_prof_data_size                  
ffffffff  __TI_prof_data_start                 
ffffffff  __binit__                            
ffffffff  binit                                
UNDEFED   __mpu_init                           
UNDEFED   _system_post_cinit                   

[219 symbols]
