<?xml version="1.0" encoding="ISO-8859-1" ?>
<link_info>
   <banner>TI ARM Clang Linker PC v4.0.4.LTS</banner>
   <copyright>Copyright (c) 1996-2018 Texas Instruments Incorporated</copyright>
   <command_line>F:\ti\ccs2050\ccs\tools\compiler\ti-cgt-armllvm_4.0.4.LTS\bin\tiarmlnk -IF:\ti\ccs2050\ccs\tools\compiler\ti-cgt-armllvm_4.0.4.LTS\lib -o Track_Tracking_Car.out -mTrack_Tracking_Car.map -iF:/ti/mspm0_sdk_2_10_00_04/source -iC:/Users/zhufq/Desktop/Motor_Queen -iC:/Users/zhufq/Desktop/Motor_Queen/Debug/syscfg -iF:/ti/ccs2050/ccs/tools/compiler/ti-cgt-armllvm_4.0.4.LTS/lib --diag_wrap=off --display_error_number --warn_sections --xml_link_info=Track_Tracking_Car_linkInfo.xml --rom_model ./empty.o ./ti_msp_dl_config.o ./startup_mspm0g350x_ticlang.o ./Drivers/grayscale.o ./Drivers/gyro_pid.o ./Drivers/line_pid.o ./Drivers/motor.o ./Drivers/mpu6500.o ./Drivers/steering.o ./Drivers/trajectory.o ./Drivers/uart.o -l./device_linker.cmd -ldevice.cmd.genlibs -llibc.a --start-group -llibc++.a -llibc++abi.a -llibc.a -llibsys.a -llibsysbm.a -llibclang_rt.builtins.a -llibclang_rt.profile.a --end-group --cg_opt_level=2</command_line>
   <link_time>0x6a565b34</link_time>
   <link_errors>0x0</link_errors>
   <output_file>C:\Users\zhufq\Desktop\Motor_Queen\Debug\Track_Tracking_Car.out</output_file>
   <entry_point>
      <name>_c_int00_noargs</name>
      <address>0x66e1</address>
   </entry_point>
   <input_file_list>
      <input_file id="fl-1">
         <path>C:\Users\zhufq\Desktop\Motor_Queen\Debug\.\</path>
         <kind>object</kind>
         <file>empty.o</file>
         <name>empty.o</name>
      </input_file>
      <input_file id="fl-2">
         <path>C:\Users\zhufq\Desktop\Motor_Queen\Debug\.\</path>
         <kind>object</kind>
         <file>ti_msp_dl_config.o</file>
         <name>ti_msp_dl_config.o</name>
      </input_file>
      <input_file id="fl-3">
         <path>C:\Users\zhufq\Desktop\Motor_Queen\Debug\.\</path>
         <kind>object</kind>
         <file>startup_mspm0g350x_ticlang.o</file>
         <name>startup_mspm0g350x_ticlang.o</name>
      </input_file>
      <input_file id="fl-4">
         <path>C:\Users\zhufq\Desktop\Motor_Queen\Debug\.\Drivers\</path>
         <kind>object</kind>
         <file>grayscale.o</file>
         <name>grayscale.o</name>
      </input_file>
      <input_file id="fl-5">
         <path>C:\Users\zhufq\Desktop\Motor_Queen\Debug\.\Drivers\</path>
         <kind>object</kind>
         <file>gyro_pid.o</file>
         <name>gyro_pid.o</name>
      </input_file>
      <input_file id="fl-6">
         <path>C:\Users\zhufq\Desktop\Motor_Queen\Debug\.\Drivers\</path>
         <kind>object</kind>
         <file>line_pid.o</file>
         <name>line_pid.o</name>
      </input_file>
      <input_file id="fl-7">
         <path>C:\Users\zhufq\Desktop\Motor_Queen\Debug\.\Drivers\</path>
         <kind>object</kind>
         <file>motor.o</file>
         <name>motor.o</name>
      </input_file>
      <input_file id="fl-8">
         <path>C:\Users\zhufq\Desktop\Motor_Queen\Debug\.\Drivers\</path>
         <kind>object</kind>
         <file>mpu6500.o</file>
         <name>mpu6500.o</name>
      </input_file>
      <input_file id="fl-9">
         <path>C:\Users\zhufq\Desktop\Motor_Queen\Debug\.\Drivers\</path>
         <kind>object</kind>
         <file>steering.o</file>
         <name>steering.o</name>
      </input_file>
      <input_file id="fl-a">
         <path>C:\Users\zhufq\Desktop\Motor_Queen\Debug\.\Drivers\</path>
         <kind>object</kind>
         <file>trajectory.o</file>
         <name>trajectory.o</name>
      </input_file>
      <input_file id="fl-b">
         <path>C:\Users\zhufq\Desktop\Motor_Queen\Debug\.\Drivers\</path>
         <kind>object</kind>
         <file>uart.o</file>
         <name>uart.o</name>
      </input_file>
      <input_file id="fl-18">
         <path>C:\Users\zhufq\Desktop\Motor_Queen\Debug\</path>
         <kind>object</kind>
         <file>&lt;internal&gt;</file>
         <name>&lt;internal&gt;</name>
      </input_file>
      <input_file id="fl-19">
         <path>F:\ti\mspm0_sdk_2_10_00_04\source\ti\driverlib\lib\ticlang\m0p\mspm0g1x0x_g3x0x\</path>
         <kind>archive</kind>
         <file>driverlib.a</file>
         <name>dl_common.o</name>
      </input_file>
      <input_file id="fl-1a">
         <path>F:\ti\mspm0_sdk_2_10_00_04\source\ti\driverlib\lib\ticlang\m0p\mspm0g1x0x_g3x0x\</path>
         <kind>archive</kind>
         <file>driverlib.a</file>
         <name>dl_i2c.o</name>
      </input_file>
      <input_file id="fl-1b">
         <path>F:\ti\mspm0_sdk_2_10_00_04\source\ti\driverlib\lib\ticlang\m0p\mspm0g1x0x_g3x0x\</path>
         <kind>archive</kind>
         <file>driverlib.a</file>
         <name>dl_timer.o</name>
      </input_file>
      <input_file id="fl-1c">
         <path>F:\ti\mspm0_sdk_2_10_00_04\source\ti\driverlib\lib\ticlang\m0p\mspm0g1x0x_g3x0x\</path>
         <kind>archive</kind>
         <file>driverlib.a</file>
         <name>dl_uart.o</name>
      </input_file>
      <input_file id="fl-1d">
         <path>F:\ti\mspm0_sdk_2_10_00_04\source\ti\driverlib\lib\ticlang\m0p\mspm0g1x0x_g3x0x\</path>
         <kind>archive</kind>
         <file>driverlib.a</file>
         <name>dl_sysctl_mspm0g1x0x_g3x0x.o</name>
      </input_file>
      <input_file id="fl-34">
         <path>F:\ti\ccs2050\ccs\tools\compiler\ti-cgt-armllvm_4.0.4.LTS\lib\armv6m-ti-none-eabi\c\</path>
         <kind>archive</kind>
         <file>libc.a</file>
         <name>sprintf.c.obj</name>
      </input_file>
      <input_file id="fl-35">
         <path>F:\ti\ccs2050\ccs\tools\compiler\ti-cgt-armllvm_4.0.4.LTS\lib\armv6m-ti-none-eabi\c\</path>
         <kind>archive</kind>
         <file>libc.a</file>
         <name>sscanf.c.obj</name>
      </input_file>
      <input_file id="fl-36">
         <path>F:\ti\ccs2050\ccs\tools\compiler\ti-cgt-armllvm_4.0.4.LTS\lib\armv6m-ti-none-eabi\c\</path>
         <kind>archive</kind>
         <file>libc.a</file>
         <name>aeabi_ctype.S.obj</name>
      </input_file>
      <input_file id="fl-37">
         <path>F:\ti\ccs2050\ccs\tools\compiler\ti-cgt-armllvm_4.0.4.LTS\lib\armv6m-ti-none-eabi\c\</path>
         <kind>archive</kind>
         <file>libc.a</file>
         <name>memcmp.c.obj</name>
      </input_file>
      <input_file id="fl-38">
         <path>F:\ti\ccs2050\ccs\tools\compiler\ti-cgt-armllvm_4.0.4.LTS\lib\armv6m-ti-none-eabi\c\</path>
         <kind>archive</kind>
         <file>libc.a</file>
         <name>boot_cortex_m.c.obj</name>
      </input_file>
      <input_file id="fl-39">
         <path>F:\ti\ccs2050\ccs\tools\compiler\ti-cgt-armllvm_4.0.4.LTS\lib\armv6m-ti-none-eabi\c\</path>
         <kind>archive</kind>
         <file>libc.a</file>
         <name>mathacl_init.c.obj</name>
      </input_file>
      <input_file id="fl-3a">
         <path>F:\ti\ccs2050\ccs\tools\compiler\ti-cgt-armllvm_4.0.4.LTS\lib\armv6m-ti-none-eabi\c\</path>
         <kind>archive</kind>
         <file>libc.a</file>
         <name>autoinit.c.obj</name>
      </input_file>
      <input_file id="fl-3b">
         <path>F:\ti\ccs2050\ccs\tools\compiler\ti-cgt-armllvm_4.0.4.LTS\lib\armv6m-ti-none-eabi\c\</path>
         <kind>archive</kind>
         <file>libc.a</file>
         <name>pre_init.c.obj</name>
      </input_file>
      <input_file id="fl-3c">
         <path>F:\ti\ccs2050\ccs\tools\compiler\ti-cgt-armllvm_4.0.4.LTS\lib\armv6m-ti-none-eabi\c\</path>
         <kind>archive</kind>
         <file>libc.a</file>
         <name>cpy_tbl.c.obj</name>
      </input_file>
      <input_file id="fl-3d">
         <path>F:\ti\ccs2050\ccs\tools\compiler\ti-cgt-armllvm_4.0.4.LTS\lib\armv6m-ti-none-eabi\c\</path>
         <kind>archive</kind>
         <file>libc.a</file>
         <name>copy_zero_init.c.obj</name>
      </input_file>
      <input_file id="fl-3e">
         <path>F:\ti\ccs2050\ccs\tools\compiler\ti-cgt-armllvm_4.0.4.LTS\lib\armv6m-ti-none-eabi\c\</path>
         <kind>archive</kind>
         <file>libc.a</file>
         <name>copy_decompress_none.c.obj</name>
      </input_file>
      <input_file id="fl-3f">
         <path>F:\ti\ccs2050\ccs\tools\compiler\ti-cgt-armllvm_4.0.4.LTS\lib\armv6m-ti-none-eabi\c\</path>
         <kind>archive</kind>
         <file>libc.a</file>
         <name>copy_decompress_lzss.c.obj</name>
      </input_file>
      <input_file id="fl-40">
         <path>F:\ti\ccs2050\ccs\tools\compiler\ti-cgt-armllvm_4.0.4.LTS\lib\armv6m-ti-none-eabi\c\</path>
         <kind>archive</kind>
         <file>libc.a</file>
         <name>_printfi.c.obj</name>
      </input_file>
      <input_file id="fl-41">
         <path>F:\ti\ccs2050\ccs\tools\compiler\ti-cgt-armllvm_4.0.4.LTS\lib\armv6m-ti-none-eabi\c\</path>
         <kind>archive</kind>
         <file>libc.a</file>
         <name>_scanfi.c.obj</name>
      </input_file>
      <input_file id="fl-42">
         <path>F:\ti\ccs2050\ccs\tools\compiler\ti-cgt-armllvm_4.0.4.LTS\lib\armv6m-ti-none-eabi\c\</path>
         <kind>archive</kind>
         <file>libc.a</file>
         <name>aeabi_portable.c.obj</name>
      </input_file>
      <input_file id="fl-43">
         <path>F:\ti\ccs2050\ccs\tools\compiler\ti-cgt-armllvm_4.0.4.LTS\lib\armv6m-ti-none-eabi\c\</path>
         <kind>archive</kind>
         <file>libc.a</file>
         <name>exit.c.obj</name>
      </input_file>
      <input_file id="fl-44">
         <path>F:\ti\ccs2050\ccs\tools\compiler\ti-cgt-armllvm_4.0.4.LTS\lib\armv6m-ti-none-eabi\c\</path>
         <kind>archive</kind>
         <file>libc.a</file>
         <name>_lock.c.obj</name>
      </input_file>
      <input_file id="fl-45">
         <path>F:\ti\ccs2050\ccs\tools\compiler\ti-cgt-armllvm_4.0.4.LTS\lib\armv6m-ti-none-eabi\c\</path>
         <kind>archive</kind>
         <file>libc.a</file>
         <name>_ltoa.c.obj</name>
      </input_file>
      <input_file id="fl-46">
         <path>F:\ti\ccs2050\ccs\tools\compiler\ti-cgt-armllvm_4.0.4.LTS\lib\armv6m-ti-none-eabi\c\</path>
         <kind>archive</kind>
         <file>libc.a</file>
         <name>args_main.c.obj</name>
      </input_file>
      <input_file id="fl-47">
         <path>F:\ti\ccs2050\ccs\tools\compiler\ti-cgt-armllvm_4.0.4.LTS\lib\armv6m-ti-none-eabi\c\</path>
         <kind>archive</kind>
         <file>libc.a</file>
         <name>assert.c.obj</name>
      </input_file>
      <input_file id="fl-48">
         <path>F:\ti\ccs2050\ccs\tools\compiler\ti-cgt-armllvm_4.0.4.LTS\lib\armv6m-ti-none-eabi\c\</path>
         <kind>archive</kind>
         <file>libc.a</file>
         <name>atoi.c.obj</name>
      </input_file>
      <input_file id="fl-49">
         <path>F:\ti\ccs2050\ccs\tools\compiler\ti-cgt-armllvm_4.0.4.LTS\lib\armv6m-ti-none-eabi\c\</path>
         <kind>archive</kind>
         <file>libc.a</file>
         <name>defs.c.obj</name>
      </input_file>
      <input_file id="fl-4a">
         <path>F:\ti\ccs2050\ccs\tools\compiler\ti-cgt-armllvm_4.0.4.LTS\lib\armv6m-ti-none-eabi\c\</path>
         <kind>archive</kind>
         <file>libc.a</file>
         <name>memccpy.c.obj</name>
      </input_file>
      <input_file id="fl-4b">
         <path>F:\ti\ccs2050\ccs\tools\compiler\ti-cgt-armllvm_4.0.4.LTS\lib\armv6m-ti-none-eabi\c\</path>
         <kind>archive</kind>
         <file>libc.a</file>
         <name>memory.c.obj</name>
      </input_file>
      <input_file id="fl-4c">
         <path>F:\ti\ccs2050\ccs\tools\compiler\ti-cgt-armllvm_4.0.4.LTS\lib\armv6m-ti-none-eabi\c\</path>
         <kind>archive</kind>
         <file>libc.a</file>
         <name>strtod.c.obj</name>
      </input_file>
      <input_file id="fl-4d">
         <path>F:\ti\ccs2050\ccs\tools\compiler\ti-cgt-armllvm_4.0.4.LTS\lib\armv6m-ti-none-eabi\c\</path>
         <kind>archive</kind>
         <file>libc.a</file>
         <name>strtol.c.obj</name>
      </input_file>
      <input_file id="fl-4e">
         <path>F:\ti\ccs2050\ccs\tools\compiler\ti-cgt-armllvm_4.0.4.LTS\lib\armv6m-ti-none-eabi\c\</path>
         <kind>archive</kind>
         <file>libc.a</file>
         <name>strtoll.c.obj</name>
      </input_file>
      <input_file id="fl-4f">
         <path>F:\ti\ccs2050\ccs\tools\compiler\ti-cgt-armllvm_4.0.4.LTS\lib\armv6m-ti-none-eabi\c\</path>
         <kind>archive</kind>
         <file>libc.a</file>
         <name>strtoul.c.obj</name>
      </input_file>
      <input_file id="fl-50">
         <path>F:\ti\ccs2050\ccs\tools\compiler\ti-cgt-armllvm_4.0.4.LTS\lib\armv6m-ti-none-eabi\c\</path>
         <kind>archive</kind>
         <file>libc.a</file>
         <name>strtoull.c.obj</name>
      </input_file>
      <input_file id="fl-51">
         <path>F:\ti\ccs2050\ccs\tools\compiler\ti-cgt-armllvm_4.0.4.LTS\lib\armv6m-ti-none-eabi\c\</path>
         <kind>archive</kind>
         <file>libc.a</file>
         <name>s_frexp.c.obj</name>
      </input_file>
      <input_file id="fl-52">
         <path>F:\ti\ccs2050\ccs\tools\compiler\ti-cgt-armllvm_4.0.4.LTS\lib\armv6m-ti-none-eabi\c\</path>
         <kind>archive</kind>
         <file>libc.a</file>
         <name>s_scalbn.c.obj</name>
      </input_file>
      <input_file id="fl-53">
         <path>F:\ti\ccs2050\ccs\tools\compiler\ti-cgt-armllvm_4.0.4.LTS\lib\armv6m-ti-none-eabi\c\</path>
         <kind>archive</kind>
         <file>libc.a</file>
         <name>wcslen.c.obj</name>
      </input_file>
      <input_file id="fl-54">
         <path>F:\ti\ccs2050\ccs\tools\compiler\ti-cgt-armllvm_4.0.4.LTS\lib\armv6m-ti-none-eabi\c\</path>
         <kind>archive</kind>
         <file>libc.a</file>
         <name>fflush.c.obj</name>
      </input_file>
      <input_file id="fl-55">
         <path>F:\ti\ccs2050\ccs\tools\compiler\ti-cgt-armllvm_4.0.4.LTS\lib\armv6m-ti-none-eabi\c\</path>
         <kind>archive</kind>
         <file>libc.a</file>
         <name>fputs.c.obj</name>
      </input_file>
      <input_file id="fl-56">
         <path>F:\ti\ccs2050\ccs\tools\compiler\ti-cgt-armllvm_4.0.4.LTS\lib\armv6m-ti-none-eabi\c\</path>
         <kind>archive</kind>
         <file>libc.a</file>
         <name>_io_perm.c.obj</name>
      </input_file>
      <input_file id="fl-57">
         <path>F:\ti\ccs2050\ccs\tools\compiler\ti-cgt-armllvm_4.0.4.LTS\lib\armv6m-ti-none-eabi\c\</path>
         <kind>archive</kind>
         <file>libc.a</file>
         <name>setvbuf.c.obj</name>
      </input_file>
      <input_file id="fl-58">
         <path>F:\ti\ccs2050\ccs\tools\compiler\ti-cgt-armllvm_4.0.4.LTS\lib\armv6m-ti-none-eabi\c\</path>
         <kind>archive</kind>
         <file>libc.a</file>
         <name>fopen.c.obj</name>
      </input_file>
      <input_file id="fl-59">
         <path>F:\ti\ccs2050\ccs\tools\compiler\ti-cgt-armllvm_4.0.4.LTS\lib\armv6m-ti-none-eabi\c\</path>
         <kind>archive</kind>
         <file>libc.a</file>
         <name>fseek.c.obj</name>
      </input_file>
      <input_file id="fl-5a">
         <path>F:\ti\ccs2050\ccs\tools\compiler\ti-cgt-armllvm_4.0.4.LTS\lib\armv6m-ti-none-eabi\c\</path>
         <kind>archive</kind>
         <file>libc.a</file>
         <name>fclose.c.obj</name>
      </input_file>
      <input_file id="fl-fa">
         <path>F:\ti\ccs2050\ccs\tools\compiler\ti-cgt-armllvm_4.0.4.LTS\lib\armv6m-ti-none-eabi\c\</path>
         <kind>archive</kind>
         <file>libsysbm.a</file>
         <name>hostexit.c.obj</name>
      </input_file>
      <input_file id="fl-fb">
         <path>F:\ti\ccs2050\ccs\tools\compiler\ti-cgt-armllvm_4.0.4.LTS\lib\armv6m-ti-none-eabi\c\</path>
         <kind>archive</kind>
         <file>libsysbm.a</file>
         <name>write.c.obj</name>
      </input_file>
      <input_file id="fl-fc">
         <path>F:\ti\ccs2050\ccs\tools\compiler\ti-cgt-armllvm_4.0.4.LTS\lib\armv6m-ti-none-eabi\c\</path>
         <kind>archive</kind>
         <file>libsysbm.a</file>
         <name>host_device.c.obj</name>
      </input_file>
      <input_file id="fl-fd">
         <path>F:\ti\ccs2050\ccs\tools\compiler\ti-cgt-armllvm_4.0.4.LTS\lib\armv6m-ti-none-eabi\c\</path>
         <kind>archive</kind>
         <file>libsysbm.a</file>
         <name>remove.c.obj</name>
      </input_file>
      <input_file id="fl-fe">
         <path>F:\ti\ccs2050\ccs\tools\compiler\ti-cgt-armllvm_4.0.4.LTS\lib\armv6m-ti-none-eabi\c\</path>
         <kind>archive</kind>
         <file>libsysbm.a</file>
         <name>open.c.obj</name>
      </input_file>
      <input_file id="fl-ff">
         <path>F:\ti\ccs2050\ccs\tools\compiler\ti-cgt-armllvm_4.0.4.LTS\lib\armv6m-ti-none-eabi\c\</path>
         <kind>archive</kind>
         <file>libsysbm.a</file>
         <name>lseek.c.obj</name>
      </input_file>
      <input_file id="fl-100">
         <path>F:\ti\ccs2050\ccs\tools\compiler\ti-cgt-armllvm_4.0.4.LTS\lib\armv6m-ti-none-eabi\c\</path>
         <kind>archive</kind>
         <file>libsysbm.a</file>
         <name>close.c.obj</name>
      </input_file>
      <input_file id="fl-101">
         <path>F:\ti\ccs2050\ccs\tools\compiler\ti-cgt-armllvm_4.0.4.LTS\lib\armv6m-ti-none-eabi\c\</path>
         <kind>archive</kind>
         <file>libsysbm.a</file>
         <name>unlink.c.obj</name>
      </input_file>
      <input_file id="fl-102">
         <path>F:\ti\ccs2050\ccs\tools\compiler\ti-cgt-armllvm_4.0.4.LTS\lib\armv6m-ti-none-eabi\c\</path>
         <kind>archive</kind>
         <file>libsysbm.a</file>
         <name>hostclose.c.obj</name>
      </input_file>
      <input_file id="fl-103">
         <path>F:\ti\ccs2050\ccs\tools\compiler\ti-cgt-armllvm_4.0.4.LTS\lib\armv6m-ti-none-eabi\c\</path>
         <kind>archive</kind>
         <file>libsysbm.a</file>
         <name>hostlseek.c.obj</name>
      </input_file>
      <input_file id="fl-104">
         <path>F:\ti\ccs2050\ccs\tools\compiler\ti-cgt-armllvm_4.0.4.LTS\lib\armv6m-ti-none-eabi\c\</path>
         <kind>archive</kind>
         <file>libsysbm.a</file>
         <name>hostopen.c.obj</name>
      </input_file>
      <input_file id="fl-105">
         <path>F:\ti\ccs2050\ccs\tools\compiler\ti-cgt-armllvm_4.0.4.LTS\lib\armv6m-ti-none-eabi\c\</path>
         <kind>archive</kind>
         <file>libsysbm.a</file>
         <name>hostread.c.obj</name>
      </input_file>
      <input_file id="fl-106">
         <path>F:\ti\ccs2050\ccs\tools\compiler\ti-cgt-armllvm_4.0.4.LTS\lib\armv6m-ti-none-eabi\c\</path>
         <kind>archive</kind>
         <file>libsysbm.a</file>
         <name>hostrename.c.obj</name>
      </input_file>
      <input_file id="fl-107">
         <path>F:\ti\ccs2050\ccs\tools\compiler\ti-cgt-armllvm_4.0.4.LTS\lib\armv6m-ti-none-eabi\c\</path>
         <kind>archive</kind>
         <file>libsysbm.a</file>
         <name>hostunlink.c.obj</name>
      </input_file>
      <input_file id="fl-108">
         <path>F:\ti\ccs2050\ccs\tools\compiler\ti-cgt-armllvm_4.0.4.LTS\lib\armv6m-ti-none-eabi\c\</path>
         <kind>archive</kind>
         <file>libsysbm.a</file>
         <name>hostwrite.c.obj</name>
      </input_file>
      <input_file id="fl-109">
         <path>F:\ti\ccs2050\ccs\tools\compiler\ti-cgt-armllvm_4.0.4.LTS\lib\armv6m-ti-none-eabi\c\</path>
         <kind>archive</kind>
         <file>libsysbm.a</file>
         <name>trgmsg.c.obj</name>
      </input_file>
      <input_file id="fl-10a">
         <path>F:\ti\ccs2050\ccs\tools\compiler\ti-cgt-armllvm_4.0.4.LTS\lib\armv6m-ti-none-eabi\</path>
         <kind>archive</kind>
         <file>libclang_rt.builtins.a</file>
         <name>addsf3.S.obj</name>
      </input_file>
      <input_file id="fl-10b">
         <path>F:\ti\ccs2050\ccs\tools\compiler\ti-cgt-armllvm_4.0.4.LTS\lib\armv6m-ti-none-eabi\</path>
         <kind>archive</kind>
         <file>libclang_rt.builtins.a</file>
         <name>adddf3.S.obj</name>
      </input_file>
      <input_file id="fl-10c">
         <path>F:\ti\ccs2050\ccs\tools\compiler\ti-cgt-armllvm_4.0.4.LTS\lib\armv6m-ti-none-eabi\</path>
         <kind>archive</kind>
         <file>libclang_rt.builtins.a</file>
         <name>muldf3.S.obj</name>
      </input_file>
      <input_file id="fl-10d">
         <path>F:\ti\ccs2050\ccs\tools\compiler\ti-cgt-armllvm_4.0.4.LTS\lib\armv6m-ti-none-eabi\</path>
         <kind>archive</kind>
         <file>libclang_rt.builtins.a</file>
         <name>muldsi3.S.obj</name>
      </input_file>
      <input_file id="fl-10e">
         <path>F:\ti\ccs2050\ccs\tools\compiler\ti-cgt-armllvm_4.0.4.LTS\lib\armv6m-ti-none-eabi\</path>
         <kind>archive</kind>
         <file>libclang_rt.builtins.a</file>
         <name>mulsf3.S.obj</name>
      </input_file>
      <input_file id="fl-10f">
         <path>F:\ti\ccs2050\ccs\tools\compiler\ti-cgt-armllvm_4.0.4.LTS\lib\armv6m-ti-none-eabi\</path>
         <kind>archive</kind>
         <file>libclang_rt.builtins.a</file>
         <name>divsf3.S.obj</name>
      </input_file>
      <input_file id="fl-110">
         <path>F:\ti\ccs2050\ccs\tools\compiler\ti-cgt-armllvm_4.0.4.LTS\lib\armv6m-ti-none-eabi\</path>
         <kind>archive</kind>
         <file>libclang_rt.builtins.a</file>
         <name>divdf3.S.obj</name>
      </input_file>
      <input_file id="fl-111">
         <path>F:\ti\ccs2050\ccs\tools\compiler\ti-cgt-armllvm_4.0.4.LTS\lib\armv6m-ti-none-eabi\</path>
         <kind>archive</kind>
         <file>libclang_rt.builtins.a</file>
         <name>extendsfdf2.S.obj</name>
      </input_file>
      <input_file id="fl-112">
         <path>F:\ti\ccs2050\ccs\tools\compiler\ti-cgt-armllvm_4.0.4.LTS\lib\armv6m-ti-none-eabi\</path>
         <kind>archive</kind>
         <file>libclang_rt.builtins.a</file>
         <name>fixdfsi.S.obj</name>
      </input_file>
      <input_file id="fl-113">
         <path>F:\ti\ccs2050\ccs\tools\compiler\ti-cgt-armllvm_4.0.4.LTS\lib\armv6m-ti-none-eabi\</path>
         <kind>archive</kind>
         <file>libclang_rt.builtins.a</file>
         <name>fixsfsi.S.obj</name>
      </input_file>
      <input_file id="fl-114">
         <path>F:\ti\ccs2050\ccs\tools\compiler\ti-cgt-armllvm_4.0.4.LTS\lib\armv6m-ti-none-eabi\</path>
         <kind>archive</kind>
         <file>libclang_rt.builtins.a</file>
         <name>fixunsdfsi.S.obj</name>
      </input_file>
      <input_file id="fl-115">
         <path>F:\ti\ccs2050\ccs\tools\compiler\ti-cgt-armllvm_4.0.4.LTS\lib\armv6m-ti-none-eabi\</path>
         <kind>archive</kind>
         <file>libclang_rt.builtins.a</file>
         <name>fixunssfsi.S.obj</name>
      </input_file>
      <input_file id="fl-116">
         <path>F:\ti\ccs2050\ccs\tools\compiler\ti-cgt-armllvm_4.0.4.LTS\lib\armv6m-ti-none-eabi\</path>
         <kind>archive</kind>
         <file>libclang_rt.builtins.a</file>
         <name>floatsidf.S.obj</name>
      </input_file>
      <input_file id="fl-117">
         <path>F:\ti\ccs2050\ccs\tools\compiler\ti-cgt-armllvm_4.0.4.LTS\lib\armv6m-ti-none-eabi\</path>
         <kind>archive</kind>
         <file>libclang_rt.builtins.a</file>
         <name>floatsisf.S.obj</name>
      </input_file>
      <input_file id="fl-118">
         <path>F:\ti\ccs2050\ccs\tools\compiler\ti-cgt-armllvm_4.0.4.LTS\lib\armv6m-ti-none-eabi\</path>
         <kind>archive</kind>
         <file>libclang_rt.builtins.a</file>
         <name>floatunsidf.S.obj</name>
      </input_file>
      <input_file id="fl-119">
         <path>F:\ti\ccs2050\ccs\tools\compiler\ti-cgt-armllvm_4.0.4.LTS\lib\armv6m-ti-none-eabi\</path>
         <kind>archive</kind>
         <file>libclang_rt.builtins.a</file>
         <name>muldi3.S.obj</name>
      </input_file>
      <input_file id="fl-11a">
         <path>F:\ti\ccs2050\ccs\tools\compiler\ti-cgt-armllvm_4.0.4.LTS\lib\armv6m-ti-none-eabi\</path>
         <kind>archive</kind>
         <file>libclang_rt.builtins.a</file>
         <name>truncdfsf2.S.obj</name>
      </input_file>
      <input_file id="fl-11b">
         <path>F:\ti\ccs2050\ccs\tools\compiler\ti-cgt-armllvm_4.0.4.LTS\lib\armv6m-ti-none-eabi\</path>
         <kind>archive</kind>
         <file>libclang_rt.builtins.a</file>
         <name>aeabi_dcmp.S.obj</name>
      </input_file>
      <input_file id="fl-11c">
         <path>F:\ti\ccs2050\ccs\tools\compiler\ti-cgt-armllvm_4.0.4.LTS\lib\armv6m-ti-none-eabi\</path>
         <kind>archive</kind>
         <file>libclang_rt.builtins.a</file>
         <name>aeabi_fcmp.S.obj</name>
      </input_file>
      <input_file id="fl-11d">
         <path>F:\ti\ccs2050\ccs\tools\compiler\ti-cgt-armllvm_4.0.4.LTS\lib\armv6m-ti-none-eabi\</path>
         <kind>archive</kind>
         <file>libclang_rt.builtins.a</file>
         <name>aeabi_idivmod.S.obj</name>
      </input_file>
      <input_file id="fl-11e">
         <path>F:\ti\ccs2050\ccs\tools\compiler\ti-cgt-armllvm_4.0.4.LTS\lib\armv6m-ti-none-eabi\</path>
         <kind>archive</kind>
         <file>libclang_rt.builtins.a</file>
         <name>aeabi_memcpy.S.obj</name>
      </input_file>
      <input_file id="fl-11f">
         <path>F:\ti\ccs2050\ccs\tools\compiler\ti-cgt-armllvm_4.0.4.LTS\lib\armv6m-ti-none-eabi\</path>
         <kind>archive</kind>
         <file>libclang_rt.builtins.a</file>
         <name>aeabi_memset.S.obj</name>
      </input_file>
      <input_file id="fl-120">
         <path>F:\ti\ccs2050\ccs\tools\compiler\ti-cgt-armllvm_4.0.4.LTS\lib\armv6m-ti-none-eabi\</path>
         <kind>archive</kind>
         <file>libclang_rt.builtins.a</file>
         <name>aeabi_uidivmod.S.obj</name>
      </input_file>
      <input_file id="fl-121">
         <path>F:\ti\ccs2050\ccs\tools\compiler\ti-cgt-armllvm_4.0.4.LTS\lib\armv6m-ti-none-eabi\</path>
         <kind>archive</kind>
         <file>libclang_rt.builtins.a</file>
         <name>aeabi_uldivmod.S.obj</name>
      </input_file>
      <input_file id="fl-122">
         <path>F:\ti\ccs2050\ccs\tools\compiler\ti-cgt-armllvm_4.0.4.LTS\lib\armv6m-ti-none-eabi\</path>
         <kind>archive</kind>
         <file>libclang_rt.builtins.a</file>
         <name>comparesf2.S.obj</name>
      </input_file>
      <input_file id="fl-123">
         <path>F:\ti\ccs2050\ccs\tools\compiler\ti-cgt-armllvm_4.0.4.LTS\lib\armv6m-ti-none-eabi\</path>
         <kind>archive</kind>
         <file>libclang_rt.builtins.a</file>
         <name>udivmoddi4.S.obj</name>
      </input_file>
      <input_file id="fl-124">
         <path>F:\ti\ccs2050\ccs\tools\compiler\ti-cgt-armllvm_4.0.4.LTS\lib\armv6m-ti-none-eabi\</path>
         <kind>archive</kind>
         <file>libclang_rt.builtins.a</file>
         <name>ashldi3.S.obj</name>
      </input_file>
      <input_file id="fl-125">
         <path>F:\ti\ccs2050\ccs\tools\compiler\ti-cgt-armllvm_4.0.4.LTS\lib\armv6m-ti-none-eabi\</path>
         <kind>archive</kind>
         <file>libclang_rt.builtins.a</file>
         <name>comparedf2.c.obj</name>
      </input_file>
      <input_file id="fl-126">
         <path>F:\ti\ccs2050\ccs\tools\compiler\ti-cgt-armllvm_4.0.4.LTS\lib\armv6m-ti-none-eabi\</path>
         <kind>archive</kind>
         <file>libclang_rt.builtins.a</file>
         <name>aeabi_div0.c.obj</name>
      </input_file>
      <input_file id="fl-127">
         <path>F:\ti\ccs2050\ccs\tools\compiler\ti-cgt-armllvm_4.0.4.LTS\lib\armv6m-ti-none-eabi\c\</path>
         <kind>archive</kind>
         <file>libc.a</file>
         <name>getdevice.c.obj</name>
      </input_file>
      <input_file id="fl-128">
         <path>F:\ti\ccs2050\ccs\tools\compiler\ti-cgt-armllvm_4.0.4.LTS\lib\armv6m-ti-none-eabi\c\</path>
         <kind>archive</kind>
         <file>libc.a</file>
         <name>memcpy16.S.obj</name>
      </input_file>
      <input_file id="fl-129">
         <path>F:\ti\ccs2050\ccs\tools\compiler\ti-cgt-armllvm_4.0.4.LTS\lib\armv6m-ti-none-eabi\c\</path>
         <kind>archive</kind>
         <file>libc.a</file>
         <name>memset16.S.obj</name>
      </input_file>
      <input_file id="fl-12a">
         <path>F:\ti\ccs2050\ccs\tools\compiler\ti-cgt-armllvm_4.0.4.LTS\lib\armv6m-ti-none-eabi\c\</path>
         <kind>archive</kind>
         <file>libc.a</file>
         <name>strcmp-armv6m.S.obj</name>
      </input_file>
   </input_file_list>
   <object_component_list>
      <object_component id="oc-18">
         <name>.intvecs</name>
         <load_address>0x0</load_address>
         <readonly>true</readonly>
         <run_address>0x0</run_address>
         <size>0xc0</size>
         <alignment>0x4</alignment>
         <input_file_ref idref="fl-3"/>
      </object_component>
      <object_component id="oc-15e">
         <name>.text.UART_Printf</name>
         <load_address>0xc0</load_address>
         <readonly>true</readonly>
         <executable>true</executable>
         <run_address>0xc0</run_address>
         <size>0xfac</size>
         <alignment>0x4</alignment>
         <input_file_ref idref="fl-b"/>
      </object_component>
      <object_component id="oc-28e">
         <name>.text.__TI_scanfi</name>
         <load_address>0x106c</load_address>
         <readonly>true</readonly>
         <executable>true</executable>
         <run_address>0x106c</run_address>
         <size>0xbdc</size>
         <alignment>0x4</alignment>
         <input_file_ref idref="fl-41"/>
      </object_component>
      <object_component id="oc-28a">
         <name>.text:__TI_printfi_nofloat</name>
         <load_address>0x1c48</load_address>
         <readonly>true</readonly>
         <executable>true</executable>
         <run_address>0x1c48</run_address>
         <size>0x868</size>
         <alignment>0x4</alignment>
         <input_file_ref idref="fl-40"/>
      </object_component>
      <object_component id="oc-1f4">
         <name>.text.cmd_do</name>
         <load_address>0x24b0</load_address>
         <readonly>true</readonly>
         <executable>true</executable>
         <run_address>0x24b0</run_address>
         <size>0x628</size>
         <alignment>0x4</alignment>
         <input_file_ref idref="fl-1"/>
      </object_component>
      <object_component id="oc-2c7">
         <name>.text.strtod</name>
         <load_address>0x2ad8</load_address>
         <readonly>true</readonly>
         <executable>true</executable>
         <run_address>0x2ad8</run_address>
         <size>0x3b8</size>
         <alignment>0x4</alignment>
         <input_file_ref idref="fl-4c"/>
      </object_component>
      <object_component id="oc-14d">
         <name>.text.MPU6500_Init</name>
         <load_address>0x2e90</load_address>
         <readonly>true</readonly>
         <executable>true</executable>
         <run_address>0x2e90</run_address>
         <size>0x304</size>
         <alignment>0x4</alignment>
         <input_file_ref idref="fl-8"/>
      </object_component>
      <object_component id="oc-183">
         <name>.text.SYSCFG_DL_SYSCTL_SYSPLL_init</name>
         <load_address>0x3194</load_address>
         <readonly>true</readonly>
         <executable>true</executable>
         <run_address>0x3194</run_address>
         <size>0x2a8</size>
         <alignment>0x4</alignment>
         <input_file_ref idref="fl-2"/>
      </object_component>
      <object_component id="oc-6d">
         <name>.text.motor_control_update</name>
         <load_address>0x343c</load_address>
         <readonly>true</readonly>
         <executable>true</executable>
         <run_address>0x343c</run_address>
         <size>0x220</size>
         <alignment>0x4</alignment>
         <input_file_ref idref="fl-7"/>
      </object_component>
      <object_component id="oc-164">
         <name>.text.cmd_poll</name>
         <load_address>0x365c</load_address>
         <readonly>true</readonly>
         <executable>true</executable>
         <run_address>0x365c</run_address>
         <size>0x204</size>
         <alignment>0x4</alignment>
         <input_file_ref idref="fl-1"/>
      </object_component>
      <object_component id="oc-2de">
         <name>.text.strtoll</name>
         <load_address>0x3860</load_address>
         <readonly>true</readonly>
         <executable>true</executable>
         <run_address>0x3860</run_address>
         <size>0x1e0</size>
         <alignment>0x4</alignment>
         <input_file_ref idref="fl-4e"/>
      </object_component>
      <object_component id="oc-1d6">
         <name>.text.adddf3_subdf3</name>
         <load_address>0x3a40</load_address>
         <readonly>true</readonly>
         <executable>true</executable>
         <run_address>0x3a40</run_address>
         <size>0x192</size>
         <alignment>0x4</alignment>
         <input_file_ref idref="fl-10b"/>
      </object_component>
      <object_component id="oc-33">
         <name>.text.Default_Handler</name>
         <load_address>0x3bd2</load_address>
         <readonly>true</readonly>
         <executable>true</executable>
         <run_address>0x3bd2</run_address>
         <size>0x2</size>
         <alignment>0x2</alignment>
         <input_file_ref idref="fl-3"/>
      </object_component>
      <object_component id="oc-1cc">
         <name>.text.LinePID_Update</name>
         <load_address>0x3bd4</load_address>
         <readonly>true</readonly>
         <executable>true</executable>
         <run_address>0x3bd4</run_address>
         <size>0x178</size>
         <alignment>0x4</alignment>
         <input_file_ref idref="fl-6"/>
      </object_component>
      <object_component id="oc-2da">
         <name>.text.strtoull</name>
         <load_address>0x3d4c</load_address>
         <readonly>true</readonly>
         <executable>true</executable>
         <run_address>0x3d4c</run_address>
         <size>0x16c</size>
         <alignment>0x4</alignment>
         <input_file_ref idref="fl-50"/>
      </object_component>
      <object_component id="oc-2d6">
         <name>.text.strtol</name>
         <load_address>0x3eb8</load_address>
         <readonly>true</readonly>
         <executable>true</executable>
         <run_address>0x3eb8</run_address>
         <size>0x144</size>
         <alignment>0x4</alignment>
         <input_file_ref idref="fl-4d"/>
      </object_component>
      <object_component id="oc-2d2">
         <name>.text.strtoul</name>
         <load_address>0x3ffc</load_address>
         <readonly>true</readonly>
         <executable>true</executable>
         <run_address>0x3ffc</run_address>
         <size>0x12c</size>
         <alignment>0x4</alignment>
         <input_file_ref idref="fl-4f"/>
      </object_component>
      <object_component id="oc-1a1">
         <name>.text.I2C_ReadRegs</name>
         <load_address>0x4128</load_address>
         <readonly>true</readonly>
         <executable>true</executable>
         <run_address>0x4128</run_address>
         <size>0x114</size>
         <alignment>0x4</alignment>
         <input_file_ref idref="fl-8"/>
      </object_component>
      <object_component id="oc-3f">
         <name>.text.I2C0_IRQHandler</name>
         <load_address>0x423c</load_address>
         <readonly>true</readonly>
         <executable>true</executable>
         <run_address>0x423c</run_address>
         <size>0x110</size>
         <alignment>0x4</alignment>
         <input_file_ref idref="fl-8"/>
      </object_component>
      <object_component id="oc-308">
         <name>.text.__divdf3</name>
         <load_address>0x434c</load_address>
         <readonly>true</readonly>
         <executable>true</executable>
         <run_address>0x434c</run_address>
         <size>0x10c</size>
         <alignment>0x4</alignment>
         <input_file_ref idref="fl-110"/>
      </object_component>
      <object_component id="oc-187">
         <name>.text.DL_Timer_initFourCCPWMMode</name>
         <load_address>0x4458</load_address>
         <readonly>true</readonly>
         <executable>true</executable>
         <run_address>0x4458</run_address>
         <size>0x104</size>
         <alignment>0x4</alignment>
         <input_file_ref idref="fl-1b"/>
      </object_component>
      <object_component id="oc-191">
         <name>.text.DL_Timer_initTimerMode</name>
         <load_address>0x455c</load_address>
         <readonly>true</readonly>
         <executable>true</executable>
         <run_address>0x455c</run_address>
         <size>0xfc</size>
         <alignment>0x4</alignment>
         <input_file_ref idref="fl-1b"/>
      </object_component>
      <object_component id="oc-1cb">
         <name>.text.GyroPID_Update</name>
         <load_address>0x4658</load_address>
         <readonly>true</readonly>
         <executable>true</executable>
         <run_address>0x4658</run_address>
         <size>0xec</size>
         <alignment>0x4</alignment>
         <input_file_ref idref="fl-5"/>
      </object_component>
      <object_component id="oc-f8">
         <name>.text.UART_Puts</name>
         <load_address>0x4744</load_address>
         <readonly>true</readonly>
         <executable>true</executable>
         <run_address>0x4744</run_address>
         <size>0xec</size>
         <alignment>0x4</alignment>
         <input_file_ref idref="fl-b"/>
      </object_component>
      <object_component id="oc-165">
         <name>.text.firewater_send</name>
         <load_address>0x4830</load_address>
         <readonly>true</readonly>
         <executable>true</executable>
         <run_address>0x4830</run_address>
         <size>0xe8</size>
         <alignment>0x4</alignment>
         <input_file_ref idref="fl-1"/>
      </object_component>
      <object_component id="oc-d4">
         <name>.text.load_segment</name>
         <load_address>0x4918</load_address>
         <readonly>true</readonly>
         <executable>true</executable>
         <run_address>0x4918</run_address>
         <size>0xe8</size>
         <alignment>0x4</alignment>
         <input_file_ref idref="fl-a"/>
      </object_component>
      <object_component id="oc-1d2">
         <name>.text.__muldf3</name>
         <load_address>0x4a00</load_address>
         <readonly>true</readonly>
         <executable>true</executable>
         <run_address>0x4a00</run_address>
         <size>0xe4</size>
         <alignment>0x4</alignment>
         <input_file_ref idref="fl-10c"/>
      </object_component>
      <object_component id="oc-73">
         <name>.text.trajectory_update</name>
         <load_address>0x4ae4</load_address>
         <readonly>true</readonly>
         <executable>true</executable>
         <run_address>0x4ae4</run_address>
         <size>0xe0</size>
         <alignment>0x4</alignment>
         <input_file_ref idref="fl-a"/>
      </object_component>
      <object_component id="oc-182">
         <name>.text.DL_SYSCTL_configSYSPLL</name>
         <load_address>0x4bc4</load_address>
         <readonly>true</readonly>
         <executable>true</executable>
         <run_address>0x4bc4</run_address>
         <size>0xdc</size>
         <alignment>0x4</alignment>
         <input_file_ref idref="fl-1d"/>
      </object_component>
      <object_component id="oc-2fb">
         <name>.text.scalbn</name>
         <load_address>0x4ca0</load_address>
         <readonly>true</readonly>
         <executable>true</executable>
         <run_address>0x4ca0</run_address>
         <size>0xd8</size>
         <alignment>0x4</alignment>
         <input_file_ref idref="fl-52"/>
      </object_component>
      <object_component id="oc-b3">
         <name>.text</name>
         <load_address>0x4d78</load_address>
         <readonly>true</readonly>
         <executable>true</executable>
         <run_address>0x4d78</run_address>
         <size>0xd8</size>
         <alignment>0x4</alignment>
         <input_file_ref idref="fl-10a"/>
      </object_component>
      <object_component id="oc-139">
         <name>.text.SYSCFG_DL_GPIO_init</name>
         <load_address>0x4e50</load_address>
         <readonly>true</readonly>
         <executable>true</executable>
         <run_address>0x4e50</run_address>
         <size>0xcc</size>
         <alignment>0x4</alignment>
         <input_file_ref idref="fl-2"/>
      </object_component>
      <object_component id="oc-67">
         <name>.text.UART_ISR_Handler</name>
         <load_address>0x4f1c</load_address>
         <readonly>true</readonly>
         <executable>true</executable>
         <run_address>0x4f1c</run_address>
         <size>0xcc</size>
         <alignment>0x4</alignment>
         <input_file_ref idref="fl-b"/>
      </object_component>
      <object_component id="oc-13a">
         <name>.text.SYSCFG_DL_SYSCTL_init</name>
         <load_address>0x4fe8</load_address>
         <readonly>true</readonly>
         <executable>true</executable>
         <run_address>0x4fe8</run_address>
         <size>0xb8</size>
         <alignment>0x4</alignment>
         <input_file_ref idref="fl-2"/>
      </object_component>
      <object_component id="oc-14e">
         <name>.text.motor_control_init</name>
         <load_address>0x50a0</load_address>
         <readonly>true</readonly>
         <executable>true</executable>
         <run_address>0x50a0</run_address>
         <size>0xb0</size>
         <alignment>0x4</alignment>
         <input_file_ref idref="fl-7"/>
      </object_component>
      <object_component id="oc-d3">
         <name>.text.motor_control_set_speed</name>
         <load_address>0x5150</load_address>
         <readonly>true</readonly>
         <executable>true</executable>
         <run_address>0x5150</run_address>
         <size>0xac</size>
         <alignment>0x4</alignment>
         <input_file_ref idref="fl-7"/>
      </object_component>
      <object_component id="oc-f7">
         <name>.text.system_setup</name>
         <load_address>0x51fc</load_address>
         <readonly>true</readonly>
         <executable>true</executable>
         <run_address>0x51fc</run_address>
         <size>0xa4</size>
         <alignment>0x4</alignment>
         <input_file_ref idref="fl-1"/>
      </object_component>
      <object_component id="oc-2f2">
         <name>.text</name>
         <load_address>0x52a0</load_address>
         <readonly>true</readonly>
         <executable>true</executable>
         <run_address>0x52a0</run_address>
         <size>0xa2</size>
         <alignment>0x4</alignment>
         <input_file_ref idref="fl-123"/>
      </object_component>
      <object_component id="oc-1bc">
         <name>.text.Gyro_Init</name>
         <load_address>0x5342</load_address>
         <readonly>true</readonly>
         <executable>true</executable>
         <run_address>0x5342</run_address>
         <size>0x2</size>
         <alignment>0x2</alignment>
         <input_file_ref idref="fl-5"/>
      </object_component>
      <object_component id="oc-18c">
         <name>.text.DL_Timer_initCompareMode</name>
         <load_address>0x5344</load_address>
         <readonly>true</readonly>
         <executable>true</executable>
         <run_address>0x5344</run_address>
         <size>0xa0</size>
         <alignment>0x4</alignment>
         <input_file_ref idref="fl-1b"/>
      </object_component>
      <object_component id="oc-e7">
         <name>.text:memcpy</name>
         <load_address>0x53e4</load_address>
         <readonly>true</readonly>
         <executable>true</executable>
         <run_address>0x53e4</run_address>
         <size>0x9a</size>
         <alignment>0x1</alignment>
         <input_file_ref idref="fl-128"/>
      </object_component>
      <object_component id="oc-118">
         <name>.text.__aeabi_idiv0</name>
         <load_address>0x547e</load_address>
         <readonly>true</readonly>
         <executable>true</executable>
         <run_address>0x547e</run_address>
         <size>0x2</size>
         <alignment>0x2</alignment>
         <input_file_ref idref="fl-126"/>
      </object_component>
      <object_component id="oc-13b">
         <name>.text.SYSCFG_DL_PWMA_init</name>
         <load_address>0x5480</load_address>
         <readonly>true</readonly>
         <executable>true</executable>
         <run_address>0x5480</run_address>
         <size>0x8c</size>
         <alignment>0x4</alignment>
         <input_file_ref idref="fl-2"/>
      </object_component>
      <object_component id="oc-b7">
         <name>.text.__mulsf3</name>
         <load_address>0x550c</load_address>
         <readonly>true</readonly>
         <executable>true</executable>
         <run_address>0x550c</run_address>
         <size>0x8c</size>
         <alignment>0x4</alignment>
         <input_file_ref idref="fl-10e"/>
      </object_component>
      <object_component id="oc-f9">
         <name>.text.cmd_show</name>
         <load_address>0x5598</load_address>
         <readonly>true</readonly>
         <executable>true</executable>
         <run_address>0x5598</run_address>
         <size>0x84</size>
         <alignment>0x4</alignment>
         <input_file_ref idref="fl-1"/>
      </object_component>
      <object_component id="oc-bf">
         <name>.text.__divsf3</name>
         <load_address>0x561c</load_address>
         <readonly>true</readonly>
         <executable>true</executable>
         <run_address>0x561c</run_address>
         <size>0x82</size>
         <alignment>0x4</alignment>
         <input_file_ref idref="fl-10f"/>
      </object_component>
      <object_component id="oc-327">
         <name>.text.__aeabi_ldiv0</name>
         <load_address>0x569e</load_address>
         <readonly>true</readonly>
         <executable>true</executable>
         <run_address>0x569e</run_address>
         <size>0x2</size>
         <alignment>0x2</alignment>
         <input_file_ref idref="fl-126"/>
      </object_component>
      <object_component id="oc-242">
         <name>.text.trajectory_arc</name>
         <load_address>0x56a0</load_address>
         <readonly>true</readonly>
         <executable>true</executable>
         <run_address>0x56a0</run_address>
         <size>0x80</size>
         <alignment>0x4</alignment>
         <input_file_ref idref="fl-a"/>
      </object_component>
      <object_component id="oc-137">
         <name>.text.SYSCFG_DL_initPower</name>
         <load_address>0x5720</load_address>
         <readonly>true</readonly>
         <executable>true</executable>
         <run_address>0x5720</run_address>
         <size>0x7c</size>
         <alignment>0x4</alignment>
         <input_file_ref idref="fl-2"/>
      </object_component>
      <object_component id="oc-1c">
         <name>.text:decompress:lzss</name>
         <load_address>0x579c</load_address>
         <readonly>true</readonly>
         <executable>true</executable>
         <run_address>0x579c</run_address>
         <size>0x7c</size>
         <alignment>0x4</alignment>
         <input_file_ref idref="fl-3f"/>
      </object_component>
      <object_component id="oc-f1">
         <name>.text.UART_Init</name>
         <load_address>0x5818</load_address>
         <readonly>true</readonly>
         <executable>true</executable>
         <run_address>0x5818</run_address>
         <size>0x78</size>
         <alignment>0x4</alignment>
         <input_file_ref idref="fl-b"/>
      </object_component>
      <object_component id="oc-244">
         <name>.text.trajectory_circle</name>
         <load_address>0x5890</load_address>
         <readonly>true</readonly>
         <executable>true</executable>
         <run_address>0x5890</run_address>
         <size>0x78</size>
         <alignment>0x4</alignment>
         <input_file_ref idref="fl-a"/>
      </object_component>
      <object_component id="oc-22a">
         <name>.text.__gedf2</name>
         <load_address>0x5908</load_address>
         <readonly>true</readonly>
         <executable>true</executable>
         <run_address>0x5908</run_address>
         <size>0x74</size>
         <alignment>0x4</alignment>
         <input_file_ref idref="fl-125"/>
      </object_component>
      <object_component id="oc-1ca">
         <name>.text.Gyro_ReadYawRate</name>
         <load_address>0x597c</load_address>
         <readonly>true</readonly>
         <executable>true</executable>
         <run_address>0x597c</run_address>
         <size>0x4</size>
         <alignment>0x2</alignment>
         <input_file_ref idref="fl-5"/>
      </object_component>
      <object_component id="oc-2cd">
         <name>.text.__truncdfsf2</name>
         <load_address>0x5980</load_address>
         <readonly>true</readonly>
         <executable>true</executable>
         <run_address>0x5980</run_address>
         <size>0x74</size>
         <alignment>0x10</alignment>
         <input_file_ref idref="fl-11a"/>
      </object_component>
      <object_component id="oc-296">
         <name>.text._chkmbc</name>
         <load_address>0x59f4</load_address>
         <readonly>true</readonly>
         <executable>true</executable>
         <run_address>0x59f4</run_address>
         <size>0x74</size>
         <alignment>0x4</alignment>
         <input_file_ref idref="fl-35"/>
      </object_component>
      <object_component id="oc-13f">
         <name>.text.SYSCFG_DL_I2C_GYRO_init</name>
         <load_address>0x5a68</load_address>
         <readonly>true</readonly>
         <executable>true</executable>
         <run_address>0x5a68</run_address>
         <size>0x70</size>
         <alignment>0x4</alignment>
         <input_file_ref idref="fl-2"/>
      </object_component>
      <object_component id="oc-224">
         <name>.text.__ledf2</name>
         <load_address>0x5ad8</load_address>
         <readonly>true</readonly>
         <executable>true</executable>
         <run_address>0x5ad8</run_address>
         <size>0x68</size>
         <alignment>0x4</alignment>
         <input_file_ref idref="fl-125"/>
      </object_component>
      <object_component id="oc-17c">
         <name>.text.DL_SYSCTL_setHFCLKSourceHFXTParams</name>
         <load_address>0x5b40</load_address>
         <readonly>true</readonly>
         <executable>true</executable>
         <run_address>0x5b40</run_address>
         <size>0x64</size>
         <alignment>0x4</alignment>
         <input_file_ref idref="fl-1d"/>
      </object_component>
      <object_component id="oc-1ec">
         <name>.text.MPU6500_ReadGyro</name>
         <load_address>0x5ba4</load_address>
         <readonly>true</readonly>
         <executable>true</executable>
         <run_address>0x5ba4</run_address>
         <size>0x64</size>
         <alignment>0x4</alignment>
         <input_file_ref idref="fl-8"/>
      </object_component>
      <object_component id="oc-fa">
         <name>.text.trajectory_straight</name>
         <load_address>0x5c08</load_address>
         <readonly>true</readonly>
         <executable>true</executable>
         <run_address>0x5c08</run_address>
         <size>0x64</size>
         <alignment>0x4</alignment>
         <input_file_ref idref="fl-a"/>
      </object_component>
      <object_component id="oc-1ce">
         <name>.text.__aeabi_dcmp</name>
         <load_address>0x5c6c</load_address>
         <readonly>true</readonly>
         <executable>true</executable>
         <run_address>0x5c6c</run_address>
         <size>0x62</size>
         <alignment>0x4</alignment>
         <input_file_ref idref="fl-11b"/>
      </object_component>
      <object_component id="oc-bb">
         <name>.text.__aeabi_fcmp</name>
         <load_address>0x5cd0</load_address>
         <readonly>true</readonly>
         <executable>true</executable>
         <run_address>0x5cd0</run_address>
         <size>0x62</size>
         <alignment>0x4</alignment>
         <input_file_ref idref="fl-11c"/>
      </object_component>
      <object_component id="oc-136">
         <name>.text:memset</name>
         <load_address>0x5d32</load_address>
         <readonly>true</readonly>
         <executable>true</executable>
         <run_address>0x5d32</run_address>
         <size>0x62</size>
         <alignment>0x1</alignment>
         <input_file_ref idref="fl-129"/>
      </object_component>
      <object_component id="oc-1c1">
         <name>.text.Grayscale_Read</name>
         <load_address>0x5d94</load_address>
         <readonly>true</readonly>
         <executable>true</executable>
         <run_address>0x5d94</run_address>
         <size>0x60</size>
         <alignment>0x4</alignment>
         <input_file_ref idref="fl-4"/>
      </object_component>
      <object_component id="oc-140">
         <name>.text.SYSCFG_DL_UART_0_init</name>
         <load_address>0x5df4</load_address>
         <readonly>true</readonly>
         <executable>true</executable>
         <run_address>0x5df4</run_address>
         <size>0x60</size>
         <alignment>0x4</alignment>
         <input_file_ref idref="fl-2"/>
      </object_component>
      <object_component id="oc-141">
         <name>.text.SYSCFG_DL_UART_GYRO_init</name>
         <load_address>0x5e54</load_address>
         <readonly>true</readonly>
         <executable>true</executable>
         <run_address>0x5e54</run_address>
         <size>0x60</size>
         <alignment>0x4</alignment>
         <input_file_ref idref="fl-2"/>
      </object_component>
      <object_component id="oc-158">
         <name>.text.Steering_GetCorrection</name>
         <load_address>0x5eb4</load_address>
         <readonly>true</readonly>
         <executable>true</executable>
         <run_address>0x5eb4</run_address>
         <size>0x60</size>
         <alignment>0x4</alignment>
         <input_file_ref idref="fl-9"/>
      </object_component>
      <object_component id="oc-7e">
         <name>.text.DL_I2C_fillControllerTXFIFO</name>
         <load_address>0x5f14</load_address>
         <readonly>true</readonly>
         <executable>true</executable>
         <run_address>0x5f14</run_address>
         <size>0x5e</size>
         <alignment>0x2</alignment>
         <input_file_ref idref="fl-1a"/>
      </object_component>
      <object_component id="oc-163">
         <name>.text.gyro_poll</name>
         <load_address>0x5f74</load_address>
         <readonly>true</readonly>
         <executable>true</executable>
         <run_address>0x5f74</run_address>
         <size>0x58</size>
         <alignment>0x4</alignment>
         <input_file_ref idref="fl-1"/>
      </object_component>
      <object_component id="oc-f6">
         <name>.text.UART_RxEnable</name>
         <load_address>0x5fcc</load_address>
         <readonly>true</readonly>
         <executable>true</executable>
         <run_address>0x5fcc</run_address>
         <size>0x50</size>
         <alignment>0x4</alignment>
         <input_file_ref idref="fl-b"/>
      </object_component>
      <object_component id="oc-fb">
         <name>.text.main_loop</name>
         <load_address>0x601c</load_address>
         <readonly>true</readonly>
         <executable>true</executable>
         <run_address>0x601c</run_address>
         <size>0x4c</size>
         <alignment>0x4</alignment>
         <input_file_ref idref="fl-1"/>
      </object_component>
      <object_component id="oc-1e3">
         <name>.text.__fixdfsi</name>
         <load_address>0x6068</load_address>
         <readonly>true</readonly>
         <executable>true</executable>
         <run_address>0x6068</run_address>
         <size>0x4a</size>
         <alignment>0x4</alignment>
         <input_file_ref idref="fl-112"/>
      </object_component>
      <object_component id="oc-19c">
         <name>.text.DL_UART_init</name>
         <load_address>0x60b4</load_address>
         <readonly>true</readonly>
         <executable>true</executable>
         <run_address>0x60b4</run_address>
         <size>0x48</size>
         <alignment>0x4</alignment>
         <input_file_ref idref="fl-1c"/>
      </object_component>
      <object_component id="oc-184">
         <name>.text.DL_SYSCTL_switchMCLKfromSYSOSCtoHSCLK</name>
         <load_address>0x60fc</load_address>
         <readonly>true</readonly>
         <executable>true</executable>
         <run_address>0x60fc</run_address>
         <size>0x44</size>
         <alignment>0x4</alignment>
         <input_file_ref idref="fl-1d"/>
      </object_component>
      <object_component id="oc-1b6">
         <name>.text.GyroPID_Init</name>
         <load_address>0x6140</load_address>
         <readonly>true</readonly>
         <executable>true</executable>
         <run_address>0x6140</run_address>
         <size>0x44</size>
         <alignment>0x4</alignment>
         <input_file_ref idref="fl-5"/>
      </object_component>
      <object_component id="oc-1b0">
         <name>.text.LinePID_Init</name>
         <load_address>0x6184</load_address>
         <readonly>true</readonly>
         <executable>true</executable>
         <run_address>0x6184</run_address>
         <size>0x44</size>
         <alignment>0x4</alignment>
         <input_file_ref idref="fl-6"/>
      </object_component>
      <object_component id="oc-9a">
         <name>.text.main</name>
         <load_address>0x61c8</load_address>
         <readonly>true</readonly>
         <executable>true</executable>
         <run_address>0x61c8</run_address>
         <size>0x44</size>
         <alignment>0x4</alignment>
         <input_file_ref idref="fl-1"/>
      </object_component>
      <object_component id="oc-1da">
         <name>.text.__fixunsdfsi</name>
         <load_address>0x620c</load_address>
         <readonly>true</readonly>
         <executable>true</executable>
         <run_address>0x620c</run_address>
         <size>0x42</size>
         <alignment>0x4</alignment>
         <input_file_ref idref="fl-114"/>
      </object_component>
      <object_component id="oc-ec">
         <name>.text.SYSCFG_DL_init</name>
         <load_address>0x6250</load_address>
         <readonly>true</readonly>
         <executable>true</executable>
         <run_address>0x6250</run_address>
         <size>0x40</size>
         <alignment>0x4</alignment>
         <input_file_ref idref="fl-2"/>
      </object_component>
      <object_component id="oc-ab">
         <name>.text.__aeabi_uidivmod</name>
         <load_address>0x6290</load_address>
         <readonly>true</readonly>
         <executable>true</executable>
         <run_address>0x6290</run_address>
         <size>0x40</size>
         <alignment>0x4</alignment>
         <input_file_ref idref="fl-120"/>
      </object_component>
      <object_component id="oc-1ed">
         <name>.text.__extendsfdf2</name>
         <load_address>0x62d0</load_address>
         <readonly>true</readonly>
         <executable>true</executable>
         <run_address>0x62d0</run_address>
         <size>0x40</size>
         <alignment>0x4</alignment>
         <input_file_ref idref="fl-111"/>
      </object_component>
      <object_component id="oc-2a5">
         <name>.text.atoi</name>
         <load_address>0x6310</load_address>
         <readonly>true</readonly>
         <executable>true</executable>
         <run_address>0x6310</run_address>
         <size>0x40</size>
         <alignment>0x4</alignment>
         <input_file_ref idref="fl-48"/>
      </object_component>
      <object_component id="oc-14f">
         <name>.text.Steering_Init</name>
         <load_address>0x6350</load_address>
         <readonly>true</readonly>
         <executable>true</executable>
         <run_address>0x6350</run_address>
         <size>0x3c</size>
         <alignment>0x4</alignment>
         <input_file_ref idref="fl-9"/>
      </object_component>
      <object_component id="oc-af">
         <name>.text.__floatsisf</name>
         <load_address>0x638c</load_address>
         <readonly>true</readonly>
         <executable>true</executable>
         <run_address>0x638c</run_address>
         <size>0x3c</size>
         <alignment>0x4</alignment>
         <input_file_ref idref="fl-117"/>
      </object_component>
      <object_component id="oc-12a">
         <name>.text.__gtsf2</name>
         <load_address>0x63c8</load_address>
         <readonly>true</readonly>
         <executable>true</executable>
         <run_address>0x63c8</run_address>
         <size>0x3c</size>
         <alignment>0x4</alignment>
         <input_file_ref idref="fl-122"/>
      </object_component>
      <object_component id="oc-104">
         <name>.text:__TI_auto_init_nobinit_nopinit</name>
         <load_address>0x6404</load_address>
         <readonly>true</readonly>
         <executable>true</executable>
         <run_address>0x6404</run_address>
         <size>0x3c</size>
         <alignment>0x4</alignment>
         <input_file_ref idref="fl-3a"/>
      </object_component>
      <object_component id="oc-125">
         <name>.text.__eqsf2</name>
         <load_address>0x6440</load_address>
         <readonly>true</readonly>
         <executable>true</executable>
         <run_address>0x6440</run_address>
         <size>0x3a</size>
         <alignment>0x4</alignment>
         <input_file_ref idref="fl-122"/>
      </object_component>
      <object_component id="oc-120">
         <name>.text.__muldsi3</name>
         <load_address>0x647c</load_address>
         <readonly>true</readonly>
         <executable>true</executable>
         <run_address>0x647c</run_address>
         <size>0x3a</size>
         <alignment>0x4</alignment>
         <input_file_ref idref="fl-10d"/>
      </object_component>
      <object_component id="oc-13e">
         <name>.text.SYSCFG_DL_TIMER_0_init</name>
         <load_address>0x64b8</load_address>
         <readonly>true</readonly>
         <executable>true</executable>
         <run_address>0x64b8</run_address>
         <size>0x38</size>
         <alignment>0x4</alignment>
         <input_file_ref idref="fl-2"/>
      </object_component>
      <object_component id="oc-cf">
         <name>.text.__fixsfsi</name>
         <load_address>0x64f0</load_address>
         <readonly>true</readonly>
         <executable>true</executable>
         <run_address>0x64f0</run_address>
         <size>0x38</size>
         <alignment>0x4</alignment>
         <input_file_ref idref="fl-113"/>
      </object_component>
      <object_component id="oc-1a2">
         <name>.text.sprintf</name>
         <load_address>0x6528</load_address>
         <readonly>true</readonly>
         <executable>true</executable>
         <run_address>0x6528</run_address>
         <size>0x38</size>
         <alignment>0x4</alignment>
         <input_file_ref idref="fl-34"/>
      </object_component>
      <object_component id="oc-23d">
         <name>.text.trajectory_stop</name>
         <load_address>0x6560</load_address>
         <readonly>true</readonly>
         <executable>true</executable>
         <run_address>0x6560</run_address>
         <size>0x38</size>
         <alignment>0x4</alignment>
         <input_file_ref idref="fl-a"/>
      </object_component>
      <object_component id="oc-3a">
         <name>.text.TIMG12_IRQHandler</name>
         <load_address>0x6598</load_address>
         <readonly>true</readonly>
         <executable>true</executable>
         <run_address>0x6598</run_address>
         <size>0x34</size>
         <alignment>0x4</alignment>
         <input_file_ref idref="fl-1"/>
      </object_component>
      <object_component id="oc-c3">
         <name>.text.__fixunssfsi</name>
         <load_address>0x65cc</load_address>
         <readonly>true</readonly>
         <executable>true</executable>
         <run_address>0x65cc</run_address>
         <size>0x32</size>
         <alignment>0x4</alignment>
         <input_file_ref idref="fl-115"/>
      </object_component>
      <object_component id="oc-233">
         <name>.text.sscanf</name>
         <load_address>0x6600</load_address>
         <readonly>true</readonly>
         <executable>true</executable>
         <run_address>0x6600</run_address>
         <size>0x30</size>
         <alignment>0x4</alignment>
         <input_file_ref idref="fl-35"/>
      </object_component>
      <object_component id="oc-13c">
         <name>.text.SYSCFG_DL_COMPARE_0_init</name>
         <load_address>0x6630</load_address>
         <readonly>true</readonly>
         <executable>true</executable>
         <run_address>0x6630</run_address>
         <size>0x2c</size>
         <alignment>0x4</alignment>
         <input_file_ref idref="fl-2"/>
      </object_component>
      <object_component id="oc-13d">
         <name>.text.SYSCFG_DL_COMPARE_2_init</name>
         <load_address>0x665c</load_address>
         <readonly>true</readonly>
         <executable>true</executable>
         <run_address>0x665c</run_address>
         <size>0x2c</size>
         <alignment>0x4</alignment>
         <input_file_ref idref="fl-2"/>
      </object_component>
      <object_component id="oc-23f">
         <name>.text.Steering_SetMode</name>
         <load_address>0x6688</load_address>
         <readonly>true</readonly>
         <executable>true</executable>
         <run_address>0x6688</run_address>
         <size>0x2c</size>
         <alignment>0x4</alignment>
         <input_file_ref idref="fl-9"/>
      </object_component>
      <object_component id="oc-1e7">
         <name>.text.__floatsidf</name>
         <load_address>0x66b4</load_address>
         <readonly>true</readonly>
         <executable>true</executable>
         <run_address>0x66b4</run_address>
         <size>0x2c</size>
         <alignment>0x4</alignment>
         <input_file_ref idref="fl-116"/>
      </object_component>
      <object_component id="oc-60">
         <name>.text:_c_int00_noargs</name>
         <load_address>0x66e0</load_address>
         <readonly>true</readonly>
         <executable>true</executable>
         <run_address>0x66e0</run_address>
         <size>0x28</size>
         <alignment>0x4</alignment>
         <input_file_ref idref="fl-38"/>
      </object_component>
      <object_component id="oc-194">
         <name>.text.DL_I2C_setClockConfig</name>
         <load_address>0x6708</load_address>
         <readonly>true</readonly>
         <executable>true</executable>
         <run_address>0x6708</run_address>
         <size>0x26</size>
         <alignment>0x2</alignment>
         <input_file_ref idref="fl-1a"/>
      </object_component>
      <object_component id="oc-1de">
         <name>.text.__floatunsidf</name>
         <load_address>0x6730</load_address>
         <readonly>true</readonly>
         <executable>true</executable>
         <run_address>0x6730</run_address>
         <size>0x24</size>
         <alignment>0x4</alignment>
         <input_file_ref idref="fl-118"/>
      </object_component>
      <object_component id="oc-2b2">
         <name>.text.__muldi3</name>
         <load_address>0x6754</load_address>
         <readonly>true</readonly>
         <executable>true</executable>
         <run_address>0x6754</run_address>
         <size>0x24</size>
         <alignment>0x4</alignment>
         <input_file_ref idref="fl-119"/>
      </object_component>
      <object_component id="oc-248">
         <name>.text.motor_control_set_duty</name>
         <load_address>0x6778</load_address>
         <readonly>true</readonly>
         <executable>true</executable>
         <run_address>0x6778</run_address>
         <size>0x24</size>
         <alignment>0x4</alignment>
         <input_file_ref idref="fl-7"/>
      </object_component>
      <object_component id="oc-1f3">
         <name>.text.UART_ReadByte</name>
         <load_address>0x679c</load_address>
         <readonly>true</readonly>
         <executable>true</executable>
         <run_address>0x679c</run_address>
         <size>0x22</size>
         <alignment>0x2</alignment>
         <input_file_ref idref="fl-b"/>
      </object_component>
      <object_component id="oc-29e">
         <name>.text.memccpy</name>
         <load_address>0x67be</load_address>
         <readonly>true</readonly>
         <executable>true</executable>
         <run_address>0x67be</run_address>
         <size>0x22</size>
         <alignment>0x2</alignment>
         <input_file_ref idref="fl-4a"/>
      </object_component>
      <object_component id="oc-239">
         <name>.text.memcmp</name>
         <load_address>0x67e0</load_address>
         <readonly>true</readonly>
         <executable>true</executable>
         <run_address>0x67e0</run_address>
         <size>0x20</size>
         <alignment>0x2</alignment>
         <input_file_ref idref="fl-37"/>
      </object_component>
      <object_component id="oc-328">
         <name>.text.__ashldi3</name>
         <load_address>0x6800</load_address>
         <readonly>true</readonly>
         <executable>true</executable>
         <run_address>0x6800</run_address>
         <size>0x1e</size>
         <alignment>0x4</alignment>
         <input_file_ref idref="fl-124"/>
      </object_component>
      <object_component id="oc-206">
         <name>.text.DL_SYSCTL_configFCC</name>
         <load_address>0x6820</load_address>
         <readonly>true</readonly>
         <executable>true</executable>
         <run_address>0x6820</run_address>
         <size>0x1c</size>
         <alignment>0x4</alignment>
         <input_file_ref idref="fl-1d"/>
      </object_component>
      <object_component id="oc-189">
         <name>.text.DL_Timer_setCaptCompUpdateMethod</name>
         <load_address>0x683c</load_address>
         <readonly>true</readonly>
         <executable>true</executable>
         <run_address>0x683c</run_address>
         <size>0x1c</size>
         <alignment>0x4</alignment>
         <input_file_ref idref="fl-1b"/>
      </object_component>
      <object_component id="oc-186">
         <name>.text.DL_Timer_setClockConfig</name>
         <load_address>0x6858</load_address>
         <readonly>true</readonly>
         <executable>true</executable>
         <run_address>0x6858</run_address>
         <size>0x1c</size>
         <alignment>0x4</alignment>
         <input_file_ref idref="fl-1b"/>
      </object_component>
      <object_component id="oc-247">
         <name>.text.GyroPID_SetKd</name>
         <load_address>0x6874</load_address>
         <readonly>true</readonly>
         <executable>true</executable>
         <run_address>0x6874</run_address>
         <size>0x1c</size>
         <alignment>0x4</alignment>
         <input_file_ref idref="fl-5"/>
      </object_component>
      <object_component id="oc-245">
         <name>.text.GyroPID_SetKi</name>
         <load_address>0x6890</load_address>
         <readonly>true</readonly>
         <executable>true</executable>
         <run_address>0x6890</run_address>
         <size>0x1c</size>
         <alignment>0x4</alignment>
         <input_file_ref idref="fl-5"/>
      </object_component>
      <object_component id="oc-243">
         <name>.text.GyroPID_SetKp</name>
         <load_address>0x68ac</load_address>
         <readonly>true</readonly>
         <executable>true</executable>
         <run_address>0x68ac</run_address>
         <size>0x1c</size>
         <alignment>0x4</alignment>
         <input_file_ref idref="fl-5"/>
      </object_component>
      <object_component id="oc-241">
         <name>.text.LinePID_SetKd</name>
         <load_address>0x68c8</load_address>
         <readonly>true</readonly>
         <executable>true</executable>
         <run_address>0x68c8</run_address>
         <size>0x1c</size>
         <alignment>0x4</alignment>
         <input_file_ref idref="fl-6"/>
      </object_component>
      <object_component id="oc-240">
         <name>.text.LinePID_SetKi</name>
         <load_address>0x68e4</load_address>
         <readonly>true</readonly>
         <executable>true</executable>
         <run_address>0x68e4</run_address>
         <size>0x1c</size>
         <alignment>0x4</alignment>
         <input_file_ref idref="fl-6"/>
      </object_component>
      <object_component id="oc-23e">
         <name>.text.LinePID_SetKp</name>
         <load_address>0x6900</load_address>
         <readonly>true</readonly>
         <executable>true</executable>
         <run_address>0x6900</run_address>
         <size>0x1c</size>
         <alignment>0x4</alignment>
         <input_file_ref idref="fl-6"/>
      </object_component>
      <object_component id="oc-15b">
         <name>.text.motor_control_get_actual_rpm</name>
         <load_address>0x691c</load_address>
         <readonly>true</readonly>
         <executable>true</executable>
         <run_address>0x691c</run_address>
         <size>0x1c</size>
         <alignment>0x4</alignment>
         <input_file_ref idref="fl-7"/>
      </object_component>
      <object_component id="oc-15c">
         <name>.text.motor_control_get_duty</name>
         <load_address>0x6938</load_address>
         <readonly>true</readonly>
         <executable>true</executable>
         <run_address>0x6938</run_address>
         <size>0x1c</size>
         <alignment>0x4</alignment>
         <input_file_ref idref="fl-7"/>
      </object_component>
      <object_component id="oc-15d">
         <name>.text.motor_control_get_freq</name>
         <load_address>0x6954</load_address>
         <readonly>true</readonly>
         <executable>true</executable>
         <run_address>0x6954</run_address>
         <size>0x1c</size>
         <alignment>0x4</alignment>
         <input_file_ref idref="fl-7"/>
      </object_component>
      <object_component id="oc-15a">
         <name>.text.motor_control_get_target_rpm</name>
         <load_address>0x6970</load_address>
         <readonly>true</readonly>
         <executable>true</executable>
         <run_address>0x6970</run_address>
         <size>0x1c</size>
         <alignment>0x4</alignment>
         <input_file_ref idref="fl-7"/>
      </object_component>
      <object_component id="oc-246">
         <name>.text.motor_control_stop</name>
         <load_address>0x698c</load_address>
         <readonly>true</readonly>
         <executable>true</executable>
         <run_address>0x698c</run_address>
         <size>0x1c</size>
         <alignment>0x4</alignment>
         <input_file_ref idref="fl-7"/>
      </object_component>
      <object_component id="oc-188">
         <name>.text.DL_Timer_setCaptureCompareOutCtl</name>
         <load_address>0x69a8</load_address>
         <readonly>true</readonly>
         <executable>true</executable>
         <run_address>0x69a8</run_address>
         <size>0x18</size>
         <alignment>0x4</alignment>
         <input_file_ref idref="fl-1b"/>
      </object_component>
      <object_component id="oc-20c">
         <name>.text._outs</name>
         <load_address>0x69c0</load_address>
         <readonly>true</readonly>
         <executable>true</executable>
         <run_address>0x69c0</run_address>
         <size>0x18</size>
         <alignment>0x2</alignment>
         <input_file_ref idref="fl-34"/>
      </object_component>
      <object_component id="oc-25b">
         <name>.text.motor_control_set_kd</name>
         <load_address>0x69d8</load_address>
         <readonly>true</readonly>
         <executable>true</executable>
         <run_address>0x69d8</run_address>
         <size>0x18</size>
         <alignment>0x4</alignment>
         <input_file_ref idref="fl-7"/>
      </object_component>
      <object_component id="oc-25a">
         <name>.text.motor_control_set_ki</name>
         <load_address>0x69f0</load_address>
         <readonly>true</readonly>
         <executable>true</executable>
         <run_address>0x69f0</run_address>
         <size>0x18</size>
         <alignment>0x4</alignment>
         <input_file_ref idref="fl-7"/>
      </object_component>
      <object_component id="oc-259">
         <name>.text.motor_control_set_kp</name>
         <load_address>0x6a08</load_address>
         <readonly>true</readonly>
         <executable>true</executable>
         <run_address>0x6a08</run_address>
         <size>0x18</size>
         <alignment>0x4</alignment>
         <input_file_ref idref="fl-7"/>
      </object_component>
      <object_component id="oc-1c9">
         <name>.text.GyroPID_Reset</name>
         <load_address>0x6a20</load_address>
         <readonly>true</readonly>
         <executable>true</executable>
         <run_address>0x6a20</run_address>
         <size>0x14</size>
         <alignment>0x4</alignment>
         <input_file_ref idref="fl-5"/>
      </object_component>
      <object_component id="oc-1c8">
         <name>.text.LinePID_Reset</name>
         <load_address>0x6a34</load_address>
         <readonly>true</readonly>
         <executable>true</executable>
         <run_address>0x6a34</run_address>
         <size>0x14</size>
         <alignment>0x4</alignment>
         <input_file_ref idref="fl-6"/>
      </object_component>
      <object_component id="oc-2b7">
         <name>.text.__aeabi_uldivmod</name>
         <load_address>0x6a48</load_address>
         <readonly>true</readonly>
         <executable>true</executable>
         <run_address>0x6a48</run_address>
         <size>0x14</size>
         <alignment>0x4</alignment>
         <input_file_ref idref="fl-121"/>
      </object_component>
      <object_component id="oc-295">
         <name>.text._inpchar</name>
         <load_address>0x6a5c</load_address>
         <readonly>true</readonly>
         <executable>true</executable>
         <run_address>0x6a5c</run_address>
         <size>0x14</size>
         <alignment>0x2</alignment>
         <input_file_ref idref="fl-35"/>
      </object_component>
      <object_component id="oc-196">
         <name>.text.DL_UART_setClockConfig</name>
         <load_address>0x6a70</load_address>
         <readonly>true</readonly>
         <executable>true</executable>
         <run_address>0x6a70</run_address>
         <size>0x12</size>
         <alignment>0x2</alignment>
         <input_file_ref idref="fl-1c"/>
      </object_component>
      <object_component id="oc-20">
         <name>.text:decompress:none</name>
         <load_address>0x6a82</load_address>
         <readonly>true</readonly>
         <executable>true</executable>
         <run_address>0x6a82</run_address>
         <size>0x12</size>
         <alignment>0x2</alignment>
         <input_file_ref idref="fl-3e"/>
      </object_component>
      <object_component id="oc-a5">
         <name>.text.DL_Timer_setCaptureCompareValue</name>
         <load_address>0x6a94</load_address>
         <readonly>true</readonly>
         <executable>true</executable>
         <run_address>0x6a94</run_address>
         <size>0x10</size>
         <alignment>0x4</alignment>
         <input_file_ref idref="fl-1b"/>
      </object_component>
      <object_component id="oc-39">
         <name>.text.UART0_IRQHandler</name>
         <load_address>0x6aa4</load_address>
         <readonly>true</readonly>
         <executable>true</executable>
         <run_address>0x6aa4</run_address>
         <size>0x10</size>
         <alignment>0x4</alignment>
         <input_file_ref idref="fl-b"/>
      </object_component>
      <object_component id="oc-34">
         <name>.text.UART1_IRQHandler</name>
         <load_address>0x6ab4</load_address>
         <readonly>true</readonly>
         <executable>true</executable>
         <run_address>0x6ab4</run_address>
         <size>0x10</size>
         <alignment>0x4</alignment>
         <input_file_ref idref="fl-b"/>
      </object_component>
      <object_component id="oc-155">
         <name>.text.trajectory_enable_closed_loop</name>
         <load_address>0x6ac4</load_address>
         <readonly>true</readonly>
         <executable>true</executable>
         <run_address>0x6ac4</run_address>
         <size>0x10</size>
         <alignment>0x4</alignment>
         <input_file_ref idref="fl-a"/>
      </object_component>
      <object_component id="oc-2a9">
         <name>.text.wcslen</name>
         <load_address>0x6ad4</load_address>
         <readonly>true</readonly>
         <executable>true</executable>
         <run_address>0x6ad4</run_address>
         <size>0x10</size>
         <alignment>0x2</alignment>
         <input_file_ref idref="fl-53"/>
      </object_component>
      <object_component id="oc-5d">
         <name>.text:decompress:ZI</name>
         <load_address>0x6ae4</load_address>
[...]
         <value>0x6859</value>
         <object_component_ref idref="oc-186"/>
      </symbol>
      <symbol id="sm-2d9">
         <name>DL_Timer_initTimerMode</name>
         <value>0x455d</value>
         <object_component_ref idref="oc-191"/>
      </symbol>
      <symbol id="sm-2da">
         <name>DL_Timer_setCaptureCompareValue</name>
         <value>0x6a95</value>
         <object_component_ref idref="oc-a5"/>
      </symbol>
      <symbol id="sm-2db">
         <name>DL_Timer_initCompareMode</name>
         <value>0x5345</value>
         <object_component_ref idref="oc-18c"/>
      </symbol>
      <symbol id="sm-2dc">
         <name>DL_Timer_setCaptCompUpdateMethod</name>
         <value>0x683d</value>
         <object_component_ref idref="oc-189"/>
      </symbol>
      <symbol id="sm-2dd">
         <name>DL_Timer_setCaptureCompareOutCtl</name>
         <value>0x69a9</value>
         <object_component_ref idref="oc-188"/>
      </symbol>
      <symbol id="sm-2de">
         <name>DL_Timer_initFourCCPWMMode</name>
         <value>0x4459</value>
         <object_component_ref idref="oc-187"/>
      </symbol>
      <symbol id="sm-2eb">
         <name>DL_UART_init</name>
         <value>0x60b5</value>
         <object_component_ref idref="oc-19c"/>
      </symbol>
      <symbol id="sm-2ec">
         <name>DL_UART_setClockConfig</name>
         <value>0x6a71</value>
         <object_component_ref idref="oc-196"/>
      </symbol>
      <symbol id="sm-300">
         <name>DL_SYSCTL_configSYSPLL</name>
         <value>0x4bc5</value>
         <object_component_ref idref="oc-182"/>
      </symbol>
      <symbol id="sm-301">
         <name>DL_SYSCTL_switchMCLKfromSYSOSCtoHSCLK</name>
         <value>0x60fd</value>
         <object_component_ref idref="oc-184"/>
      </symbol>
      <symbol id="sm-302">
         <name>DL_SYSCTL_setHFCLKSourceHFXTParams</name>
         <value>0x5b41</value>
         <object_component_ref idref="oc-17c"/>
      </symbol>
      <symbol id="sm-303">
         <name>DL_SYSCTL_configFCC</name>
         <value>0x6821</value>
         <object_component_ref idref="oc-206"/>
      </symbol>
      <symbol id="sm-314">
         <name>sprintf</name>
         <value>0x6529</value>
         <object_component_ref idref="oc-1a2"/>
      </symbol>
      <symbol id="sm-329">
         <name>sscanf</name>
         <value>0x6601</value>
         <object_component_ref idref="oc-233"/>
      </symbol>
      <symbol id="sm-32a">
         <name>__aeabi_ctype_table_</name>
         <value>0x6bd0</value>
         <object_component_ref idref="oc-2c1"/>
      </symbol>
      <symbol id="sm-32b">
         <name>__aeabi_ctype_table_C</name>
         <value>0x6bd0</value>
         <object_component_ref idref="oc-2c1"/>
      </symbol>
      <symbol id="sm-334">
         <name>memcmp</name>
         <value>0x67e1</value>
         <object_component_ref idref="oc-239"/>
      </symbol>
      <symbol id="sm-33f">
         <name>_c_int00_noargs</name>
         <value>0x66e1</value>
         <object_component_ref idref="oc-60"/>
      </symbol>
      <symbol id="sm-340">
         <name>__stack</name>
         <value>0x20207e00</value>
         <object_component_ref idref="oc-1a"/>
      </symbol>
      <symbol id="sm-34c">
         <name>__TI_auto_init_nobinit_nopinit</name>
         <value>0x6405</value>
         <object_component_ref idref="oc-104"/>
      </symbol>
      <symbol id="sm-354">
         <name>_system_pre_init</name>
         <value>0x6bc9</value>
         <object_component_ref idref="oc-96"/>
      </symbol>
      <symbol id="sm-35f">
         <name>__TI_zero_init</name>
         <value>0x6ae5</value>
         <object_component_ref idref="oc-5d"/>
      </symbol>
      <symbol id="sm-368">
         <name>__TI_decompress_none</name>
         <value>0x6a83</value>
         <object_component_ref idref="oc-20"/>
      </symbol>
      <symbol id="sm-373">
         <name>__TI_decompress_lzss</name>
         <value>0x579d</value>
         <object_component_ref idref="oc-1c"/>
      </symbol>
      <symbol id="sm-395">
         <name>__TI_printfi_nofloat</name>
         <value>0x1c49</value>
         <object_component_ref idref="oc-28a"/>
      </symbol>
      <symbol id="sm-3bc">
         <name>__TI_scanfi</name>
         <value>0x106d</value>
         <object_component_ref idref="oc-28e"/>
      </symbol>
      <symbol id="sm-3c7">
         <name>__aeabi_errno_addr</name>
         <value>0x6b9d</value>
         <object_component_ref idref="oc-2ad"/>
      </symbol>
      <symbol id="sm-3c8">
         <name>__aeabi_errno</name>
         <value>0x202007b4</value>
         <object_component_ref idref="oc-2ed"/>
      </symbol>
      <symbol id="sm-3d2">
         <name>abort</name>
         <value>0x6bbb</value>
         <object_component_ref idref="oc-fd"/>
      </symbol>
      <symbol id="sm-3e0">
         <name>atoi</name>
         <value>0x6311</value>
         <object_component_ref idref="oc-2a5"/>
      </symbol>
      <symbol id="sm-3ea">
         <name>memccpy</name>
         <value>0x67bf</value>
         <object_component_ref idref="oc-29e"/>
      </symbol>
      <symbol id="sm-400">
         <name>strtod</name>
         <value>0x2ad9</value>
         <object_component_ref idref="oc-2c7"/>
      </symbol>
      <symbol id="sm-401">
         <name>strtold</name>
         <value>0x2ad9</value>
         <object_component_ref idref="oc-2c7"/>
      </symbol>
      <symbol id="sm-40c">
         <name>strtol</name>
         <value>0x3eb9</value>
         <object_component_ref idref="oc-2d6"/>
      </symbol>
      <symbol id="sm-417">
         <name>strtoll</name>
         <value>0x3861</value>
         <object_component_ref idref="oc-2de"/>
      </symbol>
      <symbol id="sm-422">
         <name>strtoul</name>
         <value>0x3ffd</value>
         <object_component_ref idref="oc-2d2"/>
      </symbol>
      <symbol id="sm-42d">
         <name>strtoull</name>
         <value>0x3d4d</value>
         <object_component_ref idref="oc-2da"/>
      </symbol>
      <symbol id="sm-438">
         <name>scalbn</name>
         <value>0x4ca1</value>
         <object_component_ref idref="oc-2fb"/>
      </symbol>
      <symbol id="sm-439">
         <name>ldexp</name>
         <value>0x4ca1</value>
         <object_component_ref idref="oc-2fb"/>
      </symbol>
      <symbol id="sm-43a">
         <name>scalbnl</name>
         <value>0x4ca1</value>
         <object_component_ref idref="oc-2fb"/>
      </symbol>
      <symbol id="sm-43b">
         <name>ldexpl</name>
         <value>0x4ca1</value>
         <object_component_ref idref="oc-2fb"/>
      </symbol>
      <symbol id="sm-444">
         <name>wcslen</name>
         <value>0x6ad5</value>
         <object_component_ref idref="oc-2a9"/>
      </symbol>
      <symbol id="sm-453">
         <name>HOSTexit</name>
         <value>0x6bc1</value>
         <object_component_ref idref="oc-166"/>
      </symbol>
      <symbol id="sm-454">
         <name>C$$EXIT</name>
         <value>0x6bc0</value>
         <object_component_ref idref="oc-166"/>
      </symbol>
      <symbol id="sm-469">
         <name>__aeabi_fadd</name>
         <value>0x4d83</value>
         <object_component_ref idref="oc-b3"/>
      </symbol>
      <symbol id="sm-46a">
         <name>__addsf3</name>
         <value>0x4d83</value>
         <object_component_ref idref="oc-b3"/>
      </symbol>
      <symbol id="sm-46b">
         <name>__aeabi_fsub</name>
         <value>0x4d79</value>
         <object_component_ref idref="oc-b3"/>
      </symbol>
      <symbol id="sm-46c">
         <name>__subsf3</name>
         <value>0x4d79</value>
         <object_component_ref idref="oc-b3"/>
      </symbol>
      <symbol id="sm-472">
         <name>__aeabi_dadd</name>
         <value>0x3a4b</value>
         <object_component_ref idref="oc-1d6"/>
      </symbol>
      <symbol id="sm-473">
         <name>__adddf3</name>
         <value>0x3a4b</value>
         <object_component_ref idref="oc-1d6"/>
      </symbol>
      <symbol id="sm-474">
         <name>__aeabi_dsub</name>
         <value>0x3a41</value>
         <object_component_ref idref="oc-1d6"/>
      </symbol>
      <symbol id="sm-475">
         <name>__subdf3</name>
         <value>0x3a41</value>
         <object_component_ref idref="oc-1d6"/>
      </symbol>
      <symbol id="sm-47b">
         <name>__aeabi_dmul</name>
         <value>0x4a01</value>
         <object_component_ref idref="oc-1d2"/>
      </symbol>
      <symbol id="sm-47c">
         <name>__muldf3</name>
         <value>0x4a01</value>
         <object_component_ref idref="oc-1d2"/>
      </symbol>
      <symbol id="sm-482">
         <name>__muldsi3</name>
         <value>0x647d</value>
         <object_component_ref idref="oc-120"/>
      </symbol>
      <symbol id="sm-488">
         <name>__aeabi_fmul</name>
         <value>0x550d</value>
         <object_component_ref idref="oc-b7"/>
      </symbol>
      <symbol id="sm-489">
         <name>__mulsf3</name>
         <value>0x550d</value>
         <object_component_ref idref="oc-b7"/>
      </symbol>
      <symbol id="sm-48f">
         <name>__aeabi_fdiv</name>
         <value>0x561d</value>
         <object_component_ref idref="oc-bf"/>
      </symbol>
      <symbol id="sm-490">
         <name>__divsf3</name>
         <value>0x561d</value>
         <object_component_ref idref="oc-bf"/>
      </symbol>
      <symbol id="sm-496">
         <name>__aeabi_ddiv</name>
         <value>0x434d</value>
         <object_component_ref idref="oc-308"/>
      </symbol>
      <symbol id="sm-497">
         <name>__divdf3</name>
         <value>0x434d</value>
         <object_component_ref idref="oc-308"/>
      </symbol>
      <symbol id="sm-49d">
         <name>__aeabi_f2d</name>
         <value>0x62d1</value>
         <object_component_ref idref="oc-1ed"/>
      </symbol>
      <symbol id="sm-49e">
         <name>__extendsfdf2</name>
         <value>0x62d1</value>
         <object_component_ref idref="oc-1ed"/>
      </symbol>
      <symbol id="sm-4a4">
         <name>__aeabi_d2iz</name>
         <value>0x6069</value>
         <object_component_ref idref="oc-1e3"/>
      </symbol>
      <symbol id="sm-4a5">
         <name>__fixdfsi</name>
         <value>0x6069</value>
         <object_component_ref idref="oc-1e3"/>
      </symbol>
      <symbol id="sm-4ab">
         <name>__aeabi_f2iz</name>
         <value>0x64f1</value>
         <object_component_ref idref="oc-cf"/>
      </symbol>
      <symbol id="sm-4ac">
         <name>__fixsfsi</name>
         <value>0x64f1</value>
         <object_component_ref idref="oc-cf"/>
      </symbol>
      <symbol id="sm-4b2">
         <name>__aeabi_d2uiz</name>
         <value>0x620d</value>
         <object_component_ref idref="oc-1da"/>
      </symbol>
      <symbol id="sm-4b3">
         <name>__fixunsdfsi</name>
         <value>0x620d</value>
         <object_component_ref idref="oc-1da"/>
      </symbol>
      <symbol id="sm-4b9">
         <name>__aeabi_f2uiz</name>
         <value>0x65cd</value>
         <object_component_ref idref="oc-c3"/>
      </symbol>
      <symbol id="sm-4ba">
         <name>__fixunssfsi</name>
         <value>0x65cd</value>
         <object_component_ref idref="oc-c3"/>
      </symbol>
      <symbol id="sm-4c0">
         <name>__aeabi_i2d</name>
         <value>0x66b5</value>
         <object_component_ref idref="oc-1e7"/>
      </symbol>
      <symbol id="sm-4c1">
         <name>__floatsidf</name>
         <value>0x66b5</value>
         <object_component_ref idref="oc-1e7"/>
      </symbol>
      <symbol id="sm-4c7">
         <name>__aeabi_i2f</name>
         <value>0x638d</value>
         <object_component_ref idref="oc-af"/>
      </symbol>
      <symbol id="sm-4c8">
         <name>__floatsisf</name>
         <value>0x638d</value>
         <object_component_ref idref="oc-af"/>
      </symbol>
      <symbol id="sm-4ce">
         <name>__aeabi_ui2d</name>
         <value>0x6731</value>
         <object_component_ref idref="oc-1de"/>
      </symbol>
      <symbol id="sm-4cf">
         <name>__floatunsidf</name>
         <value>0x6731</value>
         <object_component_ref idref="oc-1de"/>
      </symbol>
      <symbol id="sm-4d5">
         <name>__aeabi_lmul</name>
         <value>0x6755</value>
         <object_component_ref idref="oc-2b2"/>
      </symbol>
      <symbol id="sm-4d6">
         <name>__muldi3</name>
         <value>0x6755</value>
         <object_component_ref idref="oc-2b2"/>
      </symbol>
      <symbol id="sm-4dd">
         <name>__aeabi_d2f</name>
         <value>0x5981</value>
         <object_component_ref idref="oc-2cd"/>
      </symbol>
      <symbol id="sm-4de">
         <name>__truncdfsf2</name>
         <value>0x5981</value>
         <object_component_ref idref="oc-2cd"/>
      </symbol>
      <symbol id="sm-4e4">
         <name>__aeabi_dcmpeq</name>
         <value>0x5c6d</value>
         <object_component_ref idref="oc-1ce"/>
      </symbol>
      <symbol id="sm-4e5">
         <name>__aeabi_dcmplt</name>
         <value>0x5c81</value>
         <object_component_ref idref="oc-1ce"/>
      </symbol>
      <symbol id="sm-4e6">
         <name>__aeabi_dcmple</name>
         <value>0x5c95</value>
         <object_component_ref idref="oc-1ce"/>
      </symbol>
      <symbol id="sm-4e7">
         <name>__aeabi_dcmpge</name>
         <value>0x5ca9</value>
         <object_component_ref idref="oc-1ce"/>
      </symbol>
      <symbol id="sm-4e8">
         <name>__aeabi_dcmpgt</name>
         <value>0x5cbd</value>
         <object_component_ref idref="oc-1ce"/>
      </symbol>
      <symbol id="sm-4f1">
         <name>__aeabi_fcmpeq</name>
         <value>0x5cd1</value>
         <object_component_ref idref="oc-bb"/>
      </symbol>
      <symbol id="sm-4f2">
         <name>__aeabi_fcmplt</name>
         <value>0x5ce5</value>
         <object_component_ref idref="oc-bb"/>
      </symbol>
      <symbol id="sm-4f3">
         <name>__aeabi_fcmple</name>
         <value>0x5cf9</value>
         <object_component_ref idref="oc-bb"/>
      </symbol>
      <symbol id="sm-4f4">
         <name>__aeabi_fcmpge</name>
         <value>0x5d0d</value>
         <object_component_ref idref="oc-bb"/>
      </symbol>
      <symbol id="sm-4f5">
         <name>__aeabi_fcmpgt</name>
         <value>0x5d21</value>
         <object_component_ref idref="oc-bb"/>
      </symbol>
      <symbol id="sm-4fb">
         <name>__aeabi_memcpy</name>
         <value>0x6ba5</value>
         <object_component_ref idref="oc-50"/>
      </symbol>
      <symbol id="sm-4fc">
         <name>__aeabi_memcpy4</name>
         <value>0x6ba5</value>
         <object_component_ref idref="oc-50"/>
      </symbol>
      <symbol id="sm-4fd">
         <name>__aeabi_memcpy8</name>
         <value>0x6ba5</value>
         <object_component_ref idref="oc-50"/>
      </symbol>
      <symbol id="sm-506">
         <name>__aeabi_memset</name>
         <value>0x6b21</value>
         <object_component_ref idref="oc-29d"/>
      </symbol>
      <symbol id="sm-507">
         <name>__aeabi_memset4</name>
         <value>0x6b21</value>
         <object_component_ref idref="oc-29d"/>
      </symbol>
      <symbol id="sm-508">
         <name>__aeabi_memset8</name>
         <value>0x6b21</value>
         <object_component_ref idref="oc-29d"/>
      </symbol>
      <symbol id="sm-509">
         <name>__aeabi_memclr</name>
         <value>0x6b49</value>
         <object_component_ref idref="oc-91"/>
      </symbol>
      <symbol id="sm-50a">
         <name>__aeabi_memclr4</name>
         <value>0x6b49</value>
         <object_component_ref idref="oc-91"/>
      </symbol>
      <symbol id="sm-50b">
         <name>__aeabi_memclr8</name>
         <value>0x6b49</value>
         <object_component_ref idref="oc-91"/>
      </symbol>
      <symbol id="sm-511">
         <name>__aeabi_uidiv</name>
         <value>0x6291</value>
         <object_component_ref idref="oc-ab"/>
      </symbol>
      <symbol id="sm-512">
         <name>__aeabi_uidivmod</name>
         <value>0x6291</value>
         <object_component_ref idref="oc-ab"/>
      </symbol>
      <symbol id="sm-518">
         <name>__aeabi_uldivmod</name>
         <value>0x6a49</value>
         <object_component_ref idref="oc-2b7"/>
      </symbol>
      <symbol id="sm-521">
         <name>__eqsf2</name>
         <value>0x6441</value>
         <object_component_ref idref="oc-125"/>
      </symbol>
      <symbol id="sm-522">
         <name>__lesf2</name>
         <value>0x6441</value>
         <object_component_ref idref="oc-125"/>
      </symbol>
      <symbol id="sm-523">
         <name>__ltsf2</name>
         <value>0x6441</value>
         <object_component_ref idref="oc-125"/>
      </symbol>
      <symbol id="sm-524">
         <name>__nesf2</name>
         <value>0x6441</value>
         <object_component_ref idref="oc-125"/>
      </symbol>
      <symbol id="sm-525">
         <name>__cmpsf2</name>
         <value>0x6441</value>
         <object_component_ref idref="oc-125"/>
      </symbol>
      <symbol id="sm-526">
         <name>__gtsf2</name>
         <value>0x63c9</value>
         <object_component_ref idref="oc-12a"/>
      </symbol>
      <symbol id="sm-527">
         <name>__gesf2</name>
         <value>0x63c9</value>
         <object_component_ref idref="oc-12a"/>
      </symbol>
      <symbol id="sm-52d">
         <name>__udivmoddi4</name>
         <value>0x52a1</value>
         <object_component_ref idref="oc-2f2"/>
      </symbol>
      <symbol id="sm-533">
         <name>__aeabi_llsl</name>
         <value>0x6801</value>
         <object_component_ref idref="oc-328"/>
      </symbol>
      <symbol id="sm-534">
         <name>__ashldi3</name>
         <value>0x6801</value>
         <object_component_ref idref="oc-328"/>
      </symbol>
      <symbol id="sm-542">
         <name>__ledf2</name>
         <value>0x5ad9</value>
         <object_component_ref idref="oc-224"/>
      </symbol>
      <symbol id="sm-543">
         <name>__gedf2</name>
         <value>0x5909</value>
         <object_component_ref idref="oc-22a"/>
      </symbol>
      <symbol id="sm-544">
         <name>__cmpdf2</name>
         <value>0x5ad9</value>
         <object_component_ref idref="oc-224"/>
      </symbol>
      <symbol id="sm-545">
         <name>__eqdf2</name>
         <value>0x5ad9</value>
         <object_component_ref idref="oc-224"/>
      </symbol>
      <symbol id="sm-546">
         <name>__ltdf2</name>
         <value>0x5ad9</value>
         <object_component_ref idref="oc-224"/>
      </symbol>
      <symbol id="sm-547">
         <name>__nedf2</name>
         <value>0x5ad9</value>
         <object_component_ref idref="oc-224"/>
      </symbol>
      <symbol id="sm-548">
         <name>__gtdf2</name>
         <value>0x5909</value>
         <object_component_ref idref="oc-22a"/>
      </symbol>
      <symbol id="sm-554">
         <name>__aeabi_idiv0</name>
         <value>0x547f</value>
         <object_component_ref idref="oc-118"/>
      </symbol>
      <symbol id="sm-555">
         <name>__aeabi_ldiv0</name>
         <value>0x569f</value>
         <object_component_ref idref="oc-327"/>
      </symbol>
      <symbol id="sm-56f">
         <name>memcpy</name>
         <value>0x53e5</value>
         <object_component_ref idref="oc-e7"/>
      </symbol>
      <symbol id="sm-57e">
         <name>memset</name>
         <value>0x5d33</value>
         <object_component_ref idref="oc-136"/>
      </symbol>
      <symbol id="sm-57f">
         <name>__TI_static_base__</name>
         <value>0x0</value>
      </symbol>
      <symbol id="sm-583">
         <name>__mpu_init</name>
         <value>0x0</value>
      </symbol>
      <symbol id="sm-584">
         <name>_system_post_cinit</name>
         <value>0x0</value>
      </symbol>
   </symbol_table>
   <title>Link successful</title>
</link_info>
